******************************************************************************
                  TI ARM Linker Unix v16.9.6                   
******************************************************************************
>> Linked Thu Feb  1 01:37:32 2018

OUTPUT FILE NAME:   <Lab_2_new.out>
ENTRY POINT SYMBOL: "_c_int00"  address: 00000a71


MEMORY CONFIGURATION

         name            origin    length      used     unused   attr    fill
----------------------  --------  ---------  --------  --------  ----  --------
  FLASH                 00000000   00040000  00000dd6  0003f22a  R  X
  SRAM                  20000000   00008000  00000228  00007dd8  RW X


SEGMENT ALLOCATION MAP

run origin  load origin   length   init length attrs members
----------  ----------- ---------- ----------- ----- -------
00000000    00000000    00000dd8   00000dd8    r-x
  00000000    00000000    0000026c   0000026c    r-- .intvecs
  0000026c    0000026c    00000a4e   00000a4e    r-x .text
  00000cbc    00000cbc    000000dc   000000dc    r-- .const
  00000d98    00000d98    00000040   00000040    r-- .cinit
20000000    20000000    00000228   00000000    rw-
  20000000    20000000    00000200   00000000    rw- .stack
  20000200    20000200    00000024   00000000    rw- .data
  20000224    20000224    00000004   00000000    rw- .bss


SECTION ALLOCATION MAP

 output                                  attributes/
section   page    origin      length       input sections
--------  ----  ----------  ----------   ----------------
.intvecs   0    00000000    0000026c     
                  00000000    0000026c     tm4c123gh6pm_startup_ccs.obj (.intvecs)

.text      0    0000026c    00000a4e     
                  0000026c    00000148     my_functions.obj (.text)
                  000003b4    00000132     driverlib.lib : gpio.obj (.text:GPIOPadConfigSet)
                  000004e6    00000002     rtsv7M4_T_le_v4SPD16_eabi.lib : mpu_init.obj (.text)
                  000004e8    00000110     driverlib.lib : sysctl.obj (.text:SysCtlClockGet)
                  000005f8    000000f4                   : sysctl.obj (.text:SysCtlClockSet)
                  000006ec    000000cc     config_header_lab_2.obj (.text)
                  000007b8    0000009c     rtsv7M4_T_le_v4SPD16_eabi.lib : memcpy_t2.obj (.text)
                  00000854    0000007a                                   : memset_t2.obj (.text)
                  000008ce    00000002                                   : startup.obj (.text)
                  000008d0    00000070                                   : autoinit.obj (.text)
                  00000940    00000068     driverlib.lib : interrupt.obj (.text:IntEnable)
                  000009a8    00000068     rtsv7M4_T_le_v4SPD16_eabi.lib : copy_decompress_lzss.obj (.text:decompress:lzss)
                  00000a10    00000060     driverlib.lib : timer.obj (.text:TimerConfigure)
                  00000a70    00000054     rtsv7M4_T_le_v4SPD16_eabi.lib : boot.obj (.text)
                  00000ac4    00000054                                   : exit.obj (.text)
                  00000b18    0000004c                                   : cpy_tbl.obj (.text)
                  00000b64    00000034     driverlib.lib : sysctl.obj (.text:SysCtlPeripheralEnable)
                  00000b98    0000002a                   : gpio.obj (.text:GPIODirModeSet)
                  00000bc2    00000002     --HOLE-- [fill = 0]
                  00000bc4    0000001c     sw1_sw2_timer_poll.obj (.text)
                  00000be0    00000018     driverlib.lib : gpio.obj (.text:GPIOPinTypeGPIOOutput)
                  00000bf8    00000018     rtsv7M4_T_le_v4SPD16_eabi.lib : args_main.obj (.text)
                  00000c10    00000014                                   : _lock.obj (.text)
                  00000c24    00000012     driverlib.lib : gpio.obj (.text:GPIOPinTypeGPIOInput)
                  00000c36    00000012                   : timer.obj (.text:TimerLoadSet)
                  00000c48    00000010                   : interrupt.obj (.text:IntMasterEnable)
                  00000c58    0000000e                   : timer.obj (.text:TimerEnable)
                  00000c66    0000000e     rtsv7M4_T_le_v4SPD16_eabi.lib : copy_decompress_none.obj (.text:decompress:none)
                  00000c74    0000000c     driverlib.lib : cpu.obj (.text:CPUcpsie)
                  00000c80    0000000c     rtsv7M4_T_le_v4SPD16_eabi.lib : copy_zero_init.obj (.text:decompress:ZI)
                  00000c8c    0000000c     tm4c123gh6pm_startup_ccs.obj (.text)
                  00000c98    00000008     driverlib.lib : timer.obj (.text:TimerIntEnable)
                  00000ca0    00000006                   : gpio.obj (.text:GPIOPinRead)
                  00000ca6    00000006                   : gpio.obj (.text:GPIOPinWrite)
                  00000cac    00000006                   : sysctl.obj (.text:SysCtlDelay)
                  00000cb2    00000004                   : timer.obj (.text:TimerIntClear)
                  00000cb6    00000004     rtsv7M4_T_le_v4SPD16_eabi.lib : pre_init.obj (.text)

.const     0    00000cbc    000000dc     
                  00000cbc    00000070     driverlib.lib : interrupt.obj (.const)
                  00000d2c    0000006c                   : sysctl.obj (.const:g_pui32Xtals)

.cinit     0    00000d98    00000040     
                  00000d98    00000016     (.cinit..data.load) [load image, compression = lzss]
                  00000dae    00000002     --HOLE-- [fill = 0]
                  00000db0    0000000c     (__TI_handler_table)
                  00000dbc    00000004     --HOLE-- [fill = 0]
                  00000dc0    00000008     (.cinit..bss.load) [load image, compression = zero_init]
                  00000dc8    00000010     (__TI_cinit_table)

.init_array 
*          0    00000000    00000000     UNINITIALIZED

.data      0    20000200    00000024     UNINITIALIZED
                  20000200    0000000c     rtsv7M4_T_le_v4SPD16_eabi.lib : exit.obj (.data:$O1$$)
                  2000020c    0000000b     sw1_sw2_timer_poll.obj (.data)
                  20000217    00000001     --HOLE--
                  20000218    00000008     rtsv7M4_T_le_v4SPD16_eabi.lib : _lock.obj (.data:$O1$$)
                  20000220    00000004                                   : stkdepth_vars.obj (.data)

.bss       0    20000224    00000004     UNINITIALIZED
                  20000224    00000004     (.common:ui32Period)

.stack     0    20000000    00000200     UNINITIALIZED
                  20000000    00000200     --HOLE--

MODULE SUMMARY

       Module                         code   ro data   rw data
       ------                         ----   -------   -------
    ./
       tm4c123gh6pm_startup_ccs.obj   12     620       0      
       my_functions.obj               328    0         0      
       config_header_lab_2.obj        204    0         0      
       sw1_sw2_timer_poll.obj         28     0         15     
    +--+------------------------------+------+---------+---------+
       Total:                         572    620       15     
                                                              
    /home/praton/ti/TivaWare_C_Series-2.1.2.111/driverlib/ccs/Debug/driverlib.lib
       sysctl.obj                     574    108       0      
       gpio.obj                       402    0         0      
       interrupt.obj                  120    112       0      
       timer.obj                      140    0         0      
       cpu.obj                        12     0         0      
    +--+------------------------------+------+---------+---------+
       Total:                         1248   220       0      
                                                              
    /home/praton/ti/ccsv7/tools/compiler/ti-cgt-arm_16.9.6.LTS/lib/rtsv7M4_T_le_v4SPD16_eabi.lib
       memcpy_t2.obj                  156    0         0      
       memset_t2.obj                  122    0         0      
       autoinit.obj                   112    0         0      
       copy_decompress_lzss.obj       104    0         0      
       exit.obj                       84     0         12     
       boot.obj                       84     0         0      
       cpy_tbl.obj                    76     0         0      
       _lock.obj                      20     0         8      
       args_main.obj                  24     0         0      
       copy_decompress_none.obj       14     0         0      
       copy_zero_init.obj             12     0         0      
       pre_init.obj                   4      0         0      
       stkdepth_vars.obj              0      0         4      
       mpu_init.obj                   2      0         0      
       startup.obj                    2      0         0      
    +--+------------------------------+------+---------+---------+
       Total:                         816    0         24     
                                                              
       Stack:                         0      0         512    
       Linker Generated:              0      58        0      
    +--+------------------------------+------+---------+---------+
       Grand Total:                   2636   898       551    


LINKER GENERATED COPY TABLES

__TI_cinit_table @ 00000dc8 records: 2, size/record: 8, table size: 16
	.data: load addr=00000d98, load size=00000016 bytes, run addr=20000200, run size=00000024 bytes, compression=lzss
	.bss: load addr=00000dc0, load size=00000008 bytes, run addr=20000224, run size=00000004 bytes, compression=zero_init


LINKER GENERATED HANDLER TABLE

__TI_handler_table @ 00000db0 records: 3, size/record: 4, table size: 12
	index: 0, handler: __TI_decompress_lzss
	index: 1, handler: __TI_decompress_none
	index: 2, handler: __TI_zero_init


GLOBAL SYMBOLS: SORTED ALPHABETICALLY BY Name 

address   name                           
-------   ----                           
00000ac5  C$$EXIT                        
00000c75  CPUcpsie                       
00000b99  GPIODirModeSet                 
000003b5  GPIOPadConfigSet               
00000ca1  GPIOPinRead                    
00000c25  GPIOPinTypeGPIOInput           
00000be1  GPIOPinTypeGPIOOutput          
00000ca7  GPIOPinWrite                   
00000941  IntEnable                      
00000c49  IntMasterEnable                
00000c8d  ResetISR                       
UNDEFED   SHT$$INIT_ARRAY$$Base          
UNDEFED   SHT$$INIT_ARRAY$$Limit         
000004e9  SysCtlClockGet                 
000005f9  SysCtlClockSet                 
00000cad  SysCtlDelay                    
00000b65  SysCtlPeripheralEnable         
00000bc5  Timer0IntHandler               
00000a11  TimerConfigure                 
00000c59  TimerEnable                    
00000cb3  TimerIntClear                  
00000c99  TimerIntEnable                 
00000c37  TimerLoadSet                   
20000200  __STACK_END                    
00000200  __STACK_SIZE                   
20000200  __STACK_TOP                    
00000dc8  __TI_CINIT_Base                
00000dd8  __TI_CINIT_Limit               
00000db0  __TI_Handler_Table_Base        
00000dbc  __TI_Handler_Table_Limit       
000008d1  __TI_auto_init                 
20000200  __TI_cleanup_ptr               
000009a9  __TI_decompress_lzss           
00000c67  __TI_decompress_none           
20000204  __TI_dtors_ptr                 
20000208  __TI_enable_exit_profile_output
ffffffff  __TI_pprof_out_hndl            
ffffffff  __TI_prof_data_size            
ffffffff  __TI_prof_data_start           
00000000  __TI_static_base__             
00000c81  __TI_zero_init                 
00000855  __aeabi_memclr                 
00000855  __aeabi_memclr4                
00000855  __aeabi_memclr8                
000007b9  __aeabi_memcpy                 
000007b9  __aeabi_memcpy4                
000007b9  __aeabi_memcpy8                
00000857  __aeabi_memset                 
00000857  __aeabi_memset4                
00000857  __aeabi_memset8                
ffffffff  __binit__                      
ffffffff  __c_args__                     
000004e7  __mpu_init                     
20000000  __stack                        
00000bf9  _args_main                     
00000a71  _c_int00                       
20000218  _lock                          
00000c1f  _nop                           
00000c17  _register_lock                 
00000c11  _register_unlock               
000008cf  _system_post_cinit             
00000cb7  _system_pre_init               
2000021c  _unlock                        
00000ac9  abort                          
ffffffff  binit                          
0000077b  config_lab_2                   
00000b19  copy_in                        
00000287  detect_key_press               
00000ad1  exit                           
20000213  flag_sw1                       
20000215  flag_sw2                       
00000000  g_pfnVectors                   
0000026d  led_changer                    
0000070b  led_pin_config                 
2000020c  led_value                      
00000bd5  main                           
20000220  main_func_sp                   
000007b9  memcpy                         
0000085d  memset                         
000006ed  setup                          
2000020e  sw1Status                      
2000020f  sw1_press                      
20000211  sw1_release                    
20000214  sw1_state                      
2000020d  sw2Status                      
20000210  sw2_press                      
20000212  sw2_release                    
20000216  sw2_state                      
00000717  switch_config                  
00000741  timer_config                   
20000224  ui32Period                     
0000072f  unlocking_pins                 


GLOBAL SYMBOLS: SORTED BY Symbol Address 

address   name                           
-------   ----                           
00000000  __TI_static_base__             
00000000  g_pfnVectors                   
00000200  __STACK_SIZE                   
0000026d  led_changer                    
00000287  detect_key_press               
000003b5  GPIOPadConfigSet               
000004e7  __mpu_init                     
000004e9  SysCtlClockGet                 
000005f9  SysCtlClockSet                 
000006ed  setup                          
0000070b  led_pin_config                 
00000717  switch_config                  
0000072f  unlocking_pins                 
00000741  timer_config                   
0000077b  config_lab_2                   
000007b9  __aeabi_memcpy                 
000007b9  __aeabi_memcpy4                
000007b9  __aeabi_memcpy8                
000007b9  memcpy                         
00000855  __aeabi_memclr                 
00000855  __aeabi_memclr4                
00000855  __aeabi_memclr8                
00000857  __aeabi_memset                 
00000857  __aeabi_memset4                
00000857  __aeabi_memset8                
0000085d  memset                         
000008cf  _system_post_cinit             
000008d1  __TI_auto_init                 
00000941  IntEnable                      
000009a9  __TI_decompress_lzss           
00000a11  TimerConfigure                 
00000a71  _c_int00                       
00000ac5  C$$EXIT                        
00000ac9  abort                          
00000ad1  exit                           
00000b19  copy_in                        
00000b65  SysCtlPeripheralEnable         
00000b99  GPIODirModeSet                 
00000bc5  Timer0IntHandler               
00000bd5  main                           
00000be1  GPIOPinTypeGPIOOutput          
00000bf9  _args_main                     
00000c11  _register_unlock               
00000c17  _register_lock                 
00000c1f  _nop                           
00000c25  GPIOPinTypeGPIOInput           
00000c37  TimerLoadSet                   
00000c49  IntMasterEnable                
00000c59  TimerEnable                    
00000c67  __TI_decompress_none           
00000c75  CPUcpsie                       
00000c81  __TI_zero_init                 
00000c8d  ResetISR                       
00000c99  TimerIntEnable                 
00000ca1  GPIOPinRead                    
00000ca7  GPIOPinWrite                   
00000cad  SysCtlDelay                    
00000cb3  TimerIntClear                  
00000cb7  _system_pre_init               
00000db0  __TI_Handler_Table_Base        
00000dbc  __TI_Handler_Table_Limit       
00000dc8  __TI_CINIT_Base                
00000dd8  __TI_CINIT_Limit               
20000000  __stack                        
20000200  __STACK_END                    
20000200  __STACK_TOP                    
20000200  __TI_cleanup_ptr               
20000204  __TI_dtors_ptr                 
20000208  __TI_enable_exit_profile_output
2000020c  led_value                      
2000020d  sw2Status                      
2000020e  sw1Status                      
2000020f  sw1_press                      
20000210  sw2_press                      
20000211  sw1_release                    
20000212  sw2_release                    
20000213  flag_sw1                       
20000214  sw1_state                      
20000215  flag_sw2                       
20000216  sw2_state                      
20000218  _lock                          
2000021c  _unlock                        
20000220  main_func_sp                   
20000224  ui32Period                     
ffffffff  __TI_pprof_out_hndl            
ffffffff  __TI_prof_data_size            
ffffffff  __TI_prof_data_start           
ffffffff  __binit__                      
ffffffff  __c_args__                     
ffffffff  binit                          
UNDEFED   SHT$$INIT_ARRAY$$Base          
UNDEFED   SHT$$INIT_ARRAY$$Limit         

[92 symbols]
