******************************************************************************
                  TI ARM Linker Unix v16.9.6                   
******************************************************************************
>> Linked Sun Jan 21 19:16:36 2018

OUTPUT FILE NAME:   <Lab_1.out>
ENTRY POINT SYMBOL: "_c_int00"  address: 0000322d


MEMORY CONFIGURATION

         name            origin    length      used     unused   attr    fill
----------------------  --------  ---------  --------  --------  ----  --------
  FLASH                 00000000   00040000  00003b5e  0003c4a2  R  X
  SRAM                  20000000   00008000  00000838  000077c8  RW X


SEGMENT ALLOCATION MAP

run origin  load origin   length   init length attrs members
----------  ----------- ---------- ----------- ----- -------
00000000    00000000    00003b60   00003b60    r-x
  00000000    00000000    0000026c   0000026c    r-- .intvecs
  0000026c    0000026c    00003556   00003556    r-x .text
  000037c4    000037c4    000002f4   000002f4    r-- .const
  00003ab8    00003ab8    000000a8   000000a8    r-- .cinit
20000000    20000000    00000838   00000000    rw-
  20000000    20000000    0000026c   00000000    rw- .vtable
  2000026c    2000026c    00000200   00000000    rw- .stack
  2000046c    2000046c    000001fc   00000000    rw- .data
  20000668    20000668    000001c8   00000000    rw- .bss
  20000830    20000830    00000008   00000000    rw- .sysmem


SECTION ALLOCATION MAP

 output                                  attributes/
section   page    origin      length       input sections
--------  ----  ----------  ----------   ----------------
.intvecs   0    00000000    0000026c     
                  00000000    0000026c     tm4c123gh6pm_startup_ccs.obj (.intvecs)

.text      0    0000026c    00003556     
                  0000026c    0000113e     rtsv7M4_T_le_v4SPD16_eabi.lib : _printfi.obj (.text)
                  000013aa    00000002                                   : mpu_init.obj (.text)
                  000013ac    000003d0                                   : memory.obj (.text)
                  0000177c    00000274     sw1_sw2_control.obj (.text)
                  000019f0    000001f4     rtsv7M4_T_le_v4SPD16_eabi.lib : ull_div_t2.obj (.text)
                  00001be4    000001c4                                   : fopen.obj (.text)
                  00001da8    000001b6                                   : fd_add_t2.obj (.text)
                  00001f5e    00000136                                   : fd_div_t2.obj (.text)
                  00002094    00000134                                   : fputs.obj (.text)
                  000021c8    00000132     driverlib.lib : gpio.obj (.text:GPIOPadConfigSet)
                  000022fa    000000fc     rtsv7M4_T_le_v4SPD16_eabi.lib : fd_mul_t2.obj (.text)
                  000023f6    00000002                                   : startup.obj (.text)
                  000023f8    000000fc                                   : s_scalbn.obj (.text)
                  000024f4    000000f4     driverlib.lib : sysctl.obj (.text:SysCtlClockSet)
                  000025e8    000000dc     rtsv7M4_T_le_v4SPD16_eabi.lib : setvbuf.obj (.text)
                  000026c4    000000c8                                   : fflush.obj (.text)
                  0000278c    000000bc                                   : open.obj (.text)
                  00002848    000000ac                                   : _io_perm.obj (.text)
                  000028f4    0000009c                                   : memcpy_t2.obj (.text)
                  00002990    00000098                                   : fclose.obj (.text)
                  00002a28    00000098                                   : fputc.obj (.text)
                  00002ac0    00000086                                   : fd_cmp_t2.obj (.text:__aeabi_cdcmple)
                  00002b46    00000086                                   : fd_cmp_t2.obj (.text:__aeabi_cdrcmple)
                  00002bcc    0000007a                                   : memset_t2.obj (.text)
                  00002c46    00000002     --HOLE-- [fill = 0]
                  00002c48    00000070                                   : autoinit.obj (.text)
                  00002cb8    00000070                                   : getdevice.obj (.text)
                  00002d28    00000070                                   : printf.obj (.text)
                  00002d98    00000068     driverlib.lib : interrupt.obj (.text:IntEnable)
                  00002e00    00000068     rtsv7M4_T_le_v4SPD16_eabi.lib : copy_decompress_lzss.obj (.text:decompress:lzss)
                  00002e68    00000068                                   : hostlseek.obj (.text)
                  00002ed0    00000068                                   : hostrename.obj (.text)
                  00002f38    00000068                                   : trgmsg.obj (.text)
                  00002fa0    00000064                                   : fseek.obj (.text)
                  00003004    00000064                                   : s_frexp.obj (.text)
                  00003068    00000060                                   : hostopen.obj (.text)
                  000030c8    0000005c                                   : close.obj (.text)
                  00003124    00000058                                   : hostread.obj (.text)
                  0000317c    00000058                                   : hostwrite.obj (.text)
                  000031d4    00000056     driverlib.lib : gpio.obj (.text:GPIOIntTypeSet)
                  0000322a    00000002     --HOLE-- [fill = 0]
                  0000322c    00000054     rtsv7M4_T_le_v4SPD16_eabi.lib : boot.obj (.text)
                  00003280    00000054                                   : exit.obj (.text)
                  000032d4    00000054                                   : ltoa.obj (.text)
                  00003328    0000004c                                   : atoi.obj (.text)
                  00003374    0000004c                                   : cpy_tbl.obj (.text)
                  000033c0    00000048                                   : fd_toi_t2.obj (.text)
                  00003408    00000044                                   : hostclose.obj (.text)
                  0000344c    00000044                                   : hostunlink.obj (.text)
                  00003490    00000040     driverlib.lib : gpio.obj (.text:_GPIOIntNumberGet)
                  000034d0    00000036     rtsv7M4_T_le_v4SPD16_eabi.lib : strncpy.obj (.text)
                  00003506    00000002     --HOLE-- [fill = 0]
                  00003508    00000034     driverlib.lib : interrupt.obj (.text:IntRegister)
                  0000353c    00000034                   : sysctl.obj (.text:SysCtlPeripheralEnable)
                  00003570    0000002e     rtsv7M4_T_le_v4SPD16_eabi.lib : i_tofd_t2.obj (.text)
                  0000359e    00000002     --HOLE-- [fill = 0]
                  000035a0    0000002c                                   : unlink.obj (.text)
                  000035cc    0000002a     driverlib.lib : gpio.obj (.text:GPIODirModeSet)
                  000035f6    00000002     --HOLE-- [fill = 0]
                  000035f8    00000028     rtsv7M4_T_le_v4SPD16_eabi.lib : lseek.obj (.text)
                  00003620    00000028                                   : write.obj (.text)
                  00003648    00000020                                   : memchr.obj (.text)
                  00003668    0000001c                                   : memccpy.obj (.text)
                  00003684    00000018     driverlib.lib : gpio.obj (.text:GPIOIntRegister)
                  0000369c    00000018                   : gpio.obj (.text:GPIOPinTypeGPIOOutput)
                  000036b4    00000018     rtsv7M4_T_le_v4SPD16_eabi.lib : args_main.obj (.text)
                  000036cc    00000018                                   : strcmp.obj (.text)
                  000036e4    00000016                                   : strchr.obj (.text)
                  000036fa    00000002     --HOLE-- [fill = 0]
                  000036fc    00000014                                   : _lock.obj (.text)
                  00003710    00000014                                   : s_copysign.obj (.text)
                  00003724    00000014                                   : strcpy.obj (.text)
                  00003738    00000014                                   : strlen.obj (.text)
                  0000374c    00000012     driverlib.lib : gpio.obj (.text:GPIOPinTypeGPIOInput)
                  0000375e    0000000e                   : gpio.obj (.text:GPIOIntDisable)
                  0000376c    0000000e                   : gpio.obj (.text:GPIOIntStatus)
                  0000377a    0000000e     rtsv7M4_T_le_v4SPD16_eabi.lib : copy_decompress_none.obj (.text:decompress:none)
                  00003788    0000000c     driverlib.lib : gpio.obj (.text:GPIOIntEnable)
                  00003794    0000000c     rtsv7M4_T_le_v4SPD16_eabi.lib : copy_zero_init.obj (.text:decompress:ZI)
                  000037a0    0000000c     tm4c123gh6pm_startup_ccs.obj (.text)
                  000037ac    00000006     driverlib.lib : gpio.obj (.text:GPIOIntClear)
                  000037b2    00000006                   : gpio.obj (.text:GPIOPinWrite)
                  000037b8    00000006                   : sysctl.obj (.text:SysCtlDelay)
                  000037be    00000004     rtsv7M4_T_le_v4SPD16_eabi.lib : pre_init.obj (.text)

.const     0    000037c4    000002f4     
                  000037c4    00000101     rtsv7M4_T_le_v4SPD16_eabi.lib : ctype.obj (.const:.string:_ctypes_)
                  000038c5    00000003     --HOLE-- [fill = 0]
                  000038c8    000000c0     driverlib.lib : gpio.obj (.const:g_ppui32GPIOIntMapBlizzard)
                  00003988    000000c0                   : gpio.obj (.const:g_ppui32GPIOIntMapSnowflake)
                  00003a48    00000070                   : interrupt.obj (.const)

.cinit     0    00003ab8    000000a8     
                  00003ab8    00000074     (.cinit..data.load) [load image, compression = lzss]
                  00003b2c    0000000c     (__TI_handler_table)
                  00003b38    00000008     (.cinit..bss.load) [load image, compression = zero_init]
                  00003b40    00000008     (.cinit..vtable.load) [load image, compression = zero_init]
                  00003b48    00000018     (__TI_cinit_table)

.init_array 
*          0    00000000    00000000     UNINITIALIZED

.vtable    0    20000000    0000026c     UNINITIALIZED
                  20000000    0000026c     driverlib.lib : interrupt.obj (.vtable)

.stack     0    2000026c    00000200     UNINITIALIZED
                  2000026c    00000200     --HOLE--

.data      0    2000046c    000001fc     UNINITIALIZED
                  2000046c    000000f0     rtsv7M4_T_le_v4SPD16_eabi.lib : defs.obj (.data:_ftable)
                  2000055c    00000078                                   : write.obj (.data:_device)
                  200005d4    00000050                                   : write.obj (.data:_stream)
                  20000624    00000010                                   : defs.obj (.data)
                  20000634    0000000c                                   : exit.obj (.data:$O1$$)
                  20000640    0000000c                                   : memory.obj (.data:$O1$$)
                  2000064c    00000008                                   : _lock.obj (.data:$O1$$)
                  20000654    00000004                                   : errno.obj (.data)
                  20000658    00000004                                   : fopen.obj (.data)
                  2000065c    00000004                                   : open.obj (.data)
                  20000660    00000004                                   : stkdepth_vars.obj (.data)
                  20000664    00000004     sw1_sw2_control.obj (.data)

.bss       0    20000668    000001c8     UNINITIALIZED
                  20000668    00000120     rtsv7M4_T_le_v4SPD16_eabi.lib : trgmsg.obj (.bss:_CIOBUF_)
                  20000788    000000a0     (.common:__TI_tmpnams)
                  20000828    00000008     (.common:parmbuf)

.sysmem    0    20000830    00000008     UNINITIALIZED
                  20000830    00000008     rtsv7M4_T_le_v4SPD16_eabi.lib : memory.obj (.sysmem)

MODULE SUMMARY

       Module                         code    ro data   rw data
       ------                         ----    -------   -------
    ./
       sw1_sw2_control.obj            628     0         4      
       tm4c123gh6pm_startup_ccs.obj   12      620       0      
    +--+------------------------------+-------+---------+---------+
       Total:                         640     620       4      
                                                               
    /home/praton/ti/TivaWare_C_Series-2.1.2.111/driverlib/ccs/Debug/driverlib.lib
       gpio.obj                       616     384       0      
       interrupt.obj                  156     112       620    
       sysctl.obj                     302     0         0      
    +--+------------------------------+-------+---------+---------+
       Total:                         1074    496       620    
                                                               
    /home/praton/ti/ccsv7/tools/compiler/ti-cgt-arm_16.9.6.LTS/lib/rtsv7M4_T_le_v4SPD16_eabi.lib
       _printfi.obj                   4414    0         0      
       memory.obj                     976     0         12     
       ull_div_t2.obj                 500     0         0      
       fopen.obj                      452     0         4      
       fd_add_t2.obj                  438     0         0      
       defs.obj                       0       0         416    
       trgmsg.obj                     104     0         288    
       fd_div_t2.obj                  310     0         0      
       fputs.obj                      308     0         0      
       fd_cmp_t2.obj                  268     0         0      
       ctype.obj                      0       257       0      
       fd_mul_t2.obj                  252     0         0      
       s_scalbn.obj                   252     0         0      
       write.obj                      40      0         200    
       setvbuf.obj                    220     0         0      
       fflush.obj                     200     0         0      
       open.obj                       188     0         4      
       _io_perm.obj                   172     0         0      
       memcpy_t2.obj                  156     0         0      
       fclose.obj                     152     0         0      
       fputc.obj                      152     0         0      
       memset_t2.obj                  122     0         0      
       autoinit.obj                   112     0         0      
       getdevice.obj                  112     0         0      
       printf.obj                     112     0         0      
       copy_decompress_lzss.obj       104     0         0      
       hostlseek.obj                  104     0         0      
       hostopen.obj                   96      0         8      
       hostrename.obj                 104     0         0      
       fseek.obj                      100     0         0      
       s_frexp.obj                    100     0         0      
       exit.obj                       84      0         12     
       close.obj                      92      0         0      
       hostread.obj                   88      0         0      
       hostwrite.obj                  88      0         0      
       boot.obj                       84      0         0      
       ltoa.obj                       84      0         0      
       atoi.obj                       76      0         0      
       cpy_tbl.obj                    76      0         0      
       fd_toi_t2.obj                  72      0         0      
       hostclose.obj                  68      0         0      
       hostunlink.obj                 68      0         0      
       strncpy.obj                    54      0         0      
       i_tofd_t2.obj                  46      0         0      
       unlink.obj                     44      0         0      
       lseek.obj                      40      0         0      
       memchr.obj                     32      0         0      
       _lock.obj                      20      0         8      
       memccpy.obj                    28      0         0      
       args_main.obj                  24      0         0      
       strcmp.obj                     24      0         0      
       strchr.obj                     22      0         0      
       s_copysign.obj                 20      0         0      
       strcpy.obj                     20      0         0      
       strlen.obj                     20      0         0      
       copy_decompress_none.obj       14      0         0      
       copy_zero_init.obj             12      0         0      
       errno.obj                      0       0         4      
       pre_init.obj                   4       0         0      
       stkdepth_vars.obj              0       0         4      
       mpu_init.obj                   2       0         0      
       startup.obj                    2       0         0      
    +--+------------------------------+-------+---------+---------+
       Total:                         11928   257       960    
                                                               
       Heap:                          0       0         8      
       Stack:                         0       0         512    
       Linker Generated:              0       168       0      
    +--+------------------------------+-------+---------+---------+
       Grand Total:                   13642   1541      2104   


LINKER GENERATED COPY TABLES

__TI_cinit_table @ 00003b48 records: 3, size/record: 8, table size: 24
	.data: load addr=00003ab8, load size=00000074 bytes, run addr=2000046c, run size=000001fc bytes, compression=lzss
	.bss: load addr=00003b38, load size=00000008 bytes, run addr=20000668, run size=000001c8 bytes, compression=zero_init
	.vtable: load addr=00003b40, load size=00000008 bytes, run addr=20000000, run size=0000026c bytes, compression=zero_init


LINKER GENERATED HANDLER TABLE

__TI_handler_table @ 00003b2c records: 3, size/record: 4, table size: 12
	index: 0, handler: __TI_zero_init
	index: 1, handler: __TI_decompress_lzss
	index: 2, handler: __TI_decompress_none


GLOBAL SYMBOLS: SORTED ALPHABETICALLY BY Name 

address   name                           
-------   ----                           
00003281  C$$EXIT                        
00002f67  C$$IO$$                        
000035cd  GPIODirModeSet                 
000037ad  GPIOIntClear                   
0000375f  GPIOIntDisable                 
00003789  GPIOIntEnable                  
00003685  GPIOIntRegister                
0000376d  GPIOIntStatus                  
000031d5  GPIOIntTypeSet                 
000021c9  GPIOPadConfigSet               
0000374d  GPIOPinTypeGPIOInput           
0000369d  GPIOPinTypeGPIOOutput          
000037b3  GPIOPinWrite                   
00003409  HOSTclose                      
00002e69  HOSTlseek                      
00003069  HOSTopen                       
00003125  HOSTread                       
00002ed1  HOSTrename                     
0000344d  HOSTunlink                     
0000317d  HOSTwrite                      
00002d99  IntEnable                      
00003509  IntRegister                    
000017c3  Pushbutton_down                
00001861  Pushbutton_up                  
000037a1  ResetISR                       
UNDEFED   SHT$$INIT_ARRAY$$Base          
UNDEFED   SHT$$INIT_ARRAY$$Limit         
000024f5  SysCtlClockSet                 
000037b9  SysCtlDelay                    
0000353d  SysCtlPeripheralEnable         
20000668  __CIOBUF_                      
2000046c  __STACK_END                    
00000200  __STACK_SIZE                   
2000046c  __STACK_TOP                    
00000008  __SYSMEM_SIZE                  
00003b48  __TI_CINIT_Base                
00003b60  __TI_CINIT_Limit               
00003b2c  __TI_Handler_Table_Base        
00003b38  __TI_Handler_Table_Limit       
00002c49  __TI_auto_init                 
00001cad  __TI_cleanup                   
20000634  __TI_cleanup_ptr               
00002991  __TI_closefile                 
00002e01  __TI_decompress_lzss           
0000377b  __TI_decompress_none           
000026c5  __TI_doflush                   
20000638  __TI_dtors_ptr                 
2000063c  __TI_enable_exit_profile_output
20000624  __TI_ft_end                    
ffffffff  __TI_pprof_out_hndl            
00000ab1  __TI_printfi                   
ffffffff  __TI_prof_data_size            
ffffffff  __TI_prof_data_start           
000028ab  __TI_rd_ok                     
00002f6b  __TI_readmsg                   
00000000  __TI_static_base__             
20000788  __TI_tmpnams                   
00002f39  __TI_writemsg                  
00002849  __TI_wrt_ok                    
00003795  __TI_zero_init                 
00002ac1  __aeabi_cdcmpeq                
00002ac1  __aeabi_cdcmple                
00002b47  __aeabi_cdrcmple               
000033c1  __aeabi_d2iz                   
00001db3  __aeabi_dadd                   
00001f5f  __aeabi_ddiv                   
000022fb  __aeabi_dmul                   
00001da9  __aeabi_dsub                   
00003571  __aeabi_i2d                    
00002bcd  __aeabi_memclr                 
00002bcd  __aeabi_memclr4                
00002bcd  __aeabi_memclr8                
000028f5  __aeabi_memcpy                 
000028f5  __aeabi_memcpy4                
000028f5  __aeabi_memcpy8                
00002bcf  __aeabi_memset                 
00002bcf  __aeabi_memset4                
00002bcf  __aeabi_memset8                
20000630  __aeabi_stderr                 
20000628  __aeabi_stdin                  
2000062c  __aeabi_stdout                 
000019f1  __aeabi_uldivmod               
ffffffff  __binit__                      
ffffffff  __c_args__                     
000013ab  __mpu_init                     
2000026c  __stack                        
000036b5  _args_main                     
0000322d  _c_int00                       
000037c4  _ctypes_                       
2000055c  _device                        
2000046c  _ftable                        
2000064c  _lock                          
0000370b  _nop                           
00003703  _register_lock                 
000036fd  _register_unlock               
200005d4  _stream                        
20000830  _sys_memory                    
000023f7  _system_post_cinit             
000037bf  _system_pre_init               
20000650  _unlock                        
00003285  abort                          
00003329  atoi                           
ffffffff  binit                          
0000174d  calloc                         
000030c9  close                          
00003375  copy_in                        
00003711  copysign                       
00003711  copysignl                      
20000654  errno                          
0000328d  exit                           
000029f7  fclose                         
00002711  fflush                         
00002cb9  finddevice                     
00001d03  fopen                          
00002a29  fputc                          
00002095  fputs                          
00001497  free                           
00001cd9  freopen                        
00003005  frexp                          
00003005  frexpl                         
00002fa1  fseek                          
20000000  g_pfnRAMVectors                
00000000  g_pfnVectors                   
00002ce3  getdevice                      
000023f9  ldexp                          
000023f9  ldexpl                         
0000178d  led_pin_config                 
000035f9  lseek                          
000032d5  ltoa                           
0000194f  main                           
20000660  main_func_sp                   
0000142d  malloc                         
00001661  memalign                       
00003669  memccpy                        
00003649  memchr                         
000028f5  memcpy                         
00002bd5  memset                         
000013ad  minit                          
0000278d  open                           
20000828  parmbuf                        
00002d31  printf                         
00002a29  putc                           
00002aad  putchar                        
000021a1  puts                           
00001557  realloc                        
000035a1  remove                         
000023f9  scalbn                         
000023f9  scalbnl                        
0000177d  setup                          
000025e9  setvbuf                        
000036e5  strchr                         
000036cd  strcmp                         
00003725  strcpy                         
00003739  strlen                         
000034d1  strncpy                        
20000667  sw1Status                      
20000666  sw2Status                      
00001799  switch_config                  
20000664  ui8LED_sw1                     
20000665  ui8LED_sw2                     
000035a1  unlink                         
000017b1  unlocking_pins                 
00003621  write                          


GLOBAL SYMBOLS: SORTED BY Symbol Address 

address   name                           
-------   ----                           
00000000  __TI_static_base__             
00000000  g_pfnVectors                   
00000008  __SYSMEM_SIZE                  
00000200  __STACK_SIZE                   
00000ab1  __TI_printfi                   
000013ab  __mpu_init                     
000013ad  minit                          
0000142d  malloc                         
00001497  free                           
00001557  realloc                        
00001661  memalign                       
0000174d  calloc                         
0000177d  setup                          
0000178d  led_pin_config                 
00001799  switch_config                  
000017b1  unlocking_pins                 
000017c3  Pushbutton_down                
00001861  Pushbutton_up                  
0000194f  main                           
000019f1  __aeabi_uldivmod               
00001cad  __TI_cleanup                   
00001cd9  freopen                        
00001d03  fopen                          
00001da9  __aeabi_dsub                   
00001db3  __aeabi_dadd                   
00001f5f  __aeabi_ddiv                   
00002095  fputs                          
000021a1  puts                           
000021c9  GPIOPadConfigSet               
000022fb  __aeabi_dmul                   
000023f7  _system_post_cinit             
000023f9  ldexp                          
000023f9  ldexpl                         
000023f9  scalbn                         
000023f9  scalbnl                        
000024f5  SysCtlClockSet                 
000025e9  setvbuf                        
000026c5  __TI_doflush                   
00002711  fflush                         
0000278d  open                           
00002849  __TI_wrt_ok                    
000028ab  __TI_rd_ok                     
000028f5  __aeabi_memcpy                 
000028f5  __aeabi_memcpy4                
000028f5  __aeabi_memcpy8                
000028f5  memcpy                         
00002991  __TI_closefile                 
000029f7  fclose                         
00002a29  fputc                          
00002a29  putc                           
00002aad  putchar                        
00002ac1  __aeabi_cdcmpeq                
00002ac1  __aeabi_cdcmple                
00002b47  __aeabi_cdrcmple               
00002bcd  __aeabi_memclr                 
00002bcd  __aeabi_memclr4                
00002bcd  __aeabi_memclr8                
00002bcf  __aeabi_memset                 
00002bcf  __aeabi_memset4                
00002bcf  __aeabi_memset8                
00002bd5  memset                         
00002c49  __TI_auto_init                 
00002cb9  finddevice                     
00002ce3  getdevice                      
00002d31  printf                         
00002d99  IntEnable                      
00002e01  __TI_decompress_lzss           
00002e69  HOSTlseek                      
00002ed1  HOSTrename                     
00002f39  __TI_writemsg                  
00002f67  C$$IO$$                        
00002f6b  __TI_readmsg                   
00002fa1  fseek                          
00003005  frexp                          
00003005  frexpl                         
00003069  HOSTopen                       
000030c9  close                          
00003125  HOSTread                       
0000317d  HOSTwrite                      
000031d5  GPIOIntTypeSet                 
0000322d  _c_int00                       
00003281  C$$EXIT                        
00003285  abort                          
0000328d  exit                           
000032d5  ltoa                           
00003329  atoi                           
00003375  copy_in                        
000033c1  __aeabi_d2iz                   
00003409  HOSTclose                      
0000344d  HOSTunlink                     
000034d1  strncpy                        
00003509  IntRegister                    
0000353d  SysCtlPeripheralEnable         
00003571  __aeabi_i2d                    
000035a1  remove                         
000035a1  unlink                         
000035cd  GPIODirModeSet                 
000035f9  lseek                          
00003621  write                          
00003649  memchr                         
00003669  memccpy                        
00003685  GPIOIntRegister                
0000369d  GPIOPinTypeGPIOOutput          
000036b5  _args_main                     
000036cd  strcmp                         
000036e5  strchr                         
000036fd  _register_unlock               
00003703  _register_lock                 
0000370b  _nop                           
00003711  copysign                       
00003711  copysignl                      
00003725  strcpy                         
00003739  strlen                         
0000374d  GPIOPinTypeGPIOInput           
0000375f  GPIOIntDisable                 
0000376d  GPIOIntStatus                  
0000377b  __TI_decompress_none           
00003789  GPIOIntEnable                  
00003795  __TI_zero_init                 
000037a1  ResetISR                       
000037ad  GPIOIntClear                   
000037b3  GPIOPinWrite                   
000037b9  SysCtlDelay                    
000037bf  _system_pre_init               
000037c4  _ctypes_                       
00003b2c  __TI_Handler_Table_Base        
00003b38  __TI_Handler_Table_Limit       
00003b48  __TI_CINIT_Base                
00003b60  __TI_CINIT_Limit               
20000000  g_pfnRAMVectors                
2000026c  __stack                        
2000046c  __STACK_END                    
2000046c  __STACK_TOP                    
2000046c  _ftable                        
2000055c  _device                        
200005d4  _stream                        
20000624  __TI_ft_end                    
20000628  __aeabi_stdin                  
2000062c  __aeabi_stdout                 
20000630  __aeabi_stderr                 
20000634  __TI_cleanup_ptr               
20000638  __TI_dtors_ptr                 
2000063c  __TI_enable_exit_profile_output
2000064c  _lock                          
20000650  _unlock                        
20000654  errno                          
20000660  main_func_sp                   
20000664  ui8LED_sw1                     
20000665  ui8LED_sw2                     
20000666  sw2Status                      
20000667  sw1Status                      
20000668  __CIOBUF_                      
20000788  __TI_tmpnams                   
20000828  parmbuf                        
20000830  _sys_memory                    
ffffffff  __TI_pprof_out_hndl            
ffffffff  __TI_prof_data_size            
ffffffff  __TI_prof_data_start           
ffffffff  __binit__                      
ffffffff  __c_args__                     
ffffffff  binit                          
UNDEFED   SHT$$INIT_ARRAY$$Base          
UNDEFED   SHT$$INIT_ARRAY$$Limit         

[163 symbols]
