<?xml version="1.0"?>
<link_info>
   <banner>TI ARM Linker Unix v16.9.6.LTS</banner>
   <copyright>Copyright (c) 1996-2017 Texas Instruments Incorporated</copyright>
   <link_time>0x5a6499bc</link_time>
   <link_errors>0x0</link_errors>
   <output_file>Lab_1.out</output_file>
   <entry_point>
      <name>_c_int00</name>
      <address>0x322d</address>
   </entry_point>
   <input_file_list>
      <input_file id="fl-2">
         <path>./</path>
         <kind>object</kind>
         <file>sw1_sw2_control.obj</file>
         <name>sw1_sw2_control.obj</name>
      </input_file>
      <input_file id="fl-3">
         <path>./</path>
         <kind>object</kind>
         <file>tm4c123gh6pm_startup_ccs.obj</file>
         <name>tm4c123gh6pm_startup_ccs.obj</name>
      </input_file>
      <input_file id="fl-8">
         <kind>object</kind>
         <file>&lt;internal&gt;</file>
         <name>&lt;internal&gt;</name>
      </input_file>
      <input_file id="fl-9">
         <path>/home/praton/ti/TivaWare_C_Series-2.1.2.111/driverlib/ccs/Debug/</path>
         <kind>archive</kind>
         <file>driverlib.lib</file>
         <name>gpio.obj</name>
      </input_file>
      <input_file id="fl-a">
         <path>/home/praton/ti/TivaWare_C_Series-2.1.2.111/driverlib/ccs/Debug/</path>
         <kind>archive</kind>
         <file>driverlib.lib</file>
         <name>interrupt.obj</name>
      </input_file>
      <input_file id="fl-b">
         <path>/home/praton/ti/TivaWare_C_Series-2.1.2.111/driverlib/ccs/Debug/</path>
         <kind>archive</kind>
         <file>driverlib.lib</file>
         <name>sysctl.obj</name>
      </input_file>
      <input_file id="fl-c">
         <path>/home/praton/ti/TivaWare_C_Series-2.1.2.111/driverlib/ccs/Debug/</path>
         <kind>archive</kind>
         <file>driverlib.lib</file>
         <name>cpu.obj</name>
      </input_file>
      <input_file id="fl-c2">
         <path>/home/praton/ti/ccsv7/tools/compiler/ti-cgt-arm_16.9.6.LTS/lib/</path>
         <kind>archive</kind>
         <file>rtsv7M4_T_le_v4SPD16_eabi.lib</file>
         <name>boot.obj</name>
      </input_file>
      <input_file id="fl-c3">
         <path>/home/praton/ti/ccsv7/tools/compiler/ti-cgt-arm_16.9.6.LTS/lib/</path>
         <kind>archive</kind>
         <file>rtsv7M4_T_le_v4SPD16_eabi.lib</file>
         <name>copy_decompress_lzss.obj</name>
      </input_file>
      <input_file id="fl-c4">
         <path>/home/praton/ti/ccsv7/tools/compiler/ti-cgt-arm_16.9.6.LTS/lib/</path>
         <kind>archive</kind>
         <file>rtsv7M4_T_le_v4SPD16_eabi.lib</file>
         <name>copy_decompress_none.obj</name>
      </input_file>
      <input_file id="fl-c5">
         <path>/home/praton/ti/ccsv7/tools/compiler/ti-cgt-arm_16.9.6.LTS/lib/</path>
         <kind>archive</kind>
         <file>rtsv7M4_T_le_v4SPD16_eabi.lib</file>
         <name>copy_zero_init.obj</name>
      </input_file>
      <input_file id="fl-c6">
         <path>/home/praton/ti/ccsv7/tools/compiler/ti-cgt-arm_16.9.6.LTS/lib/</path>
         <kind>archive</kind>
         <file>rtsv7M4_T_le_v4SPD16_eabi.lib</file>
         <name>exit.obj</name>
      </input_file>
      <input_file id="fl-c7">
         <path>/home/praton/ti/ccsv7/tools/compiler/ti-cgt-arm_16.9.6.LTS/lib/</path>
         <kind>archive</kind>
         <file>rtsv7M4_T_le_v4SPD16_eabi.lib</file>
         <name>memcpy_t2.obj</name>
      </input_file>
      <input_file id="fl-c8">
         <path>/home/praton/ti/ccsv7/tools/compiler/ti-cgt-arm_16.9.6.LTS/lib/</path>
         <kind>archive</kind>
         <file>rtsv7M4_T_le_v4SPD16_eabi.lib</file>
         <name>memset_t2.obj</name>
      </input_file>
      <input_file id="fl-c9">
         <path>/home/praton/ti/ccsv7/tools/compiler/ti-cgt-arm_16.9.6.LTS/lib/</path>
         <kind>archive</kind>
         <file>rtsv7M4_T_le_v4SPD16_eabi.lib</file>
         <name>mpu_init.obj</name>
      </input_file>
      <input_file id="fl-ca">
         <path>/home/praton/ti/ccsv7/tools/compiler/ti-cgt-arm_16.9.6.LTS/lib/</path>
         <kind>archive</kind>
         <file>rtsv7M4_T_le_v4SPD16_eabi.lib</file>
         <name>pre_init.obj</name>
      </input_file>
      <input_file id="fl-cb">
         <path>/home/praton/ti/ccsv7/tools/compiler/ti-cgt-arm_16.9.6.LTS/lib/</path>
         <kind>archive</kind>
         <file>rtsv7M4_T_le_v4SPD16_eabi.lib</file>
         <name>printf.obj</name>
      </input_file>
      <input_file id="fl-cc">
         <path>/home/praton/ti/ccsv7/tools/compiler/ti-cgt-arm_16.9.6.LTS/lib/</path>
         <kind>archive</kind>
         <file>rtsv7M4_T_le_v4SPD16_eabi.lib</file>
         <name>stkdepth_vars.obj</name>
      </input_file>
      <input_file id="fl-cd">
         <path>/home/praton/ti/ccsv7/tools/compiler/ti-cgt-arm_16.9.6.LTS/lib/</path>
         <kind>archive</kind>
         <file>rtsv7M4_T_le_v4SPD16_eabi.lib</file>
         <name>_lock.obj</name>
      </input_file>
      <input_file id="fl-ce">
         <path>/home/praton/ti/ccsv7/tools/compiler/ti-cgt-arm_16.9.6.LTS/lib/</path>
         <kind>archive</kind>
         <file>rtsv7M4_T_le_v4SPD16_eabi.lib</file>
         <name>_printfi.obj</name>
      </input_file>
      <input_file id="fl-cf">
         <path>/home/praton/ti/ccsv7/tools/compiler/ti-cgt-arm_16.9.6.LTS/lib/</path>
         <kind>archive</kind>
         <file>rtsv7M4_T_le_v4SPD16_eabi.lib</file>
         <name>args_main.obj</name>
      </input_file>
      <input_file id="fl-d0">
         <path>/home/praton/ti/ccsv7/tools/compiler/ti-cgt-arm_16.9.6.LTS/lib/</path>
         <kind>archive</kind>
         <file>rtsv7M4_T_le_v4SPD16_eabi.lib</file>
         <name>atoi.obj</name>
      </input_file>
      <input_file id="fl-d1">
         <path>/home/praton/ti/ccsv7/tools/compiler/ti-cgt-arm_16.9.6.LTS/lib/</path>
         <kind>archive</kind>
         <file>rtsv7M4_T_le_v4SPD16_eabi.lib</file>
         <name>autoinit.obj</name>
      </input_file>
      <input_file id="fl-d2">
         <path>/home/praton/ti/ccsv7/tools/compiler/ti-cgt-arm_16.9.6.LTS/lib/</path>
         <kind>archive</kind>
         <file>rtsv7M4_T_le_v4SPD16_eabi.lib</file>
         <name>cpy_tbl.obj</name>
      </input_file>
      <input_file id="fl-d3">
         <path>/home/praton/ti/ccsv7/tools/compiler/ti-cgt-arm_16.9.6.LTS/lib/</path>
         <kind>archive</kind>
         <file>rtsv7M4_T_le_v4SPD16_eabi.lib</file>
         <name>ctype.obj</name>
      </input_file>
      <input_file id="fl-d4">
         <path>/home/praton/ti/ccsv7/tools/compiler/ti-cgt-arm_16.9.6.LTS/lib/</path>
         <kind>archive</kind>
         <file>rtsv7M4_T_le_v4SPD16_eabi.lib</file>
         <name>defs.obj</name>
      </input_file>
      <input_file id="fl-d5">
         <path>/home/praton/ti/ccsv7/tools/compiler/ti-cgt-arm_16.9.6.LTS/lib/</path>
         <kind>archive</kind>
         <file>rtsv7M4_T_le_v4SPD16_eabi.lib</file>
         <name>fd_add_t2.obj</name>
      </input_file>
      <input_file id="fl-d6">
         <path>/home/praton/ti/ccsv7/tools/compiler/ti-cgt-arm_16.9.6.LTS/lib/</path>
         <kind>archive</kind>
         <file>rtsv7M4_T_le_v4SPD16_eabi.lib</file>
         <name>fd_cmp_t2.obj</name>
      </input_file>
      <input_file id="fl-d7">
         <path>/home/praton/ti/ccsv7/tools/compiler/ti-cgt-arm_16.9.6.LTS/lib/</path>
         <kind>archive</kind>
         <file>rtsv7M4_T_le_v4SPD16_eabi.lib</file>
         <name>fd_div_t2.obj</name>
      </input_file>
      <input_file id="fl-d8">
         <path>/home/praton/ti/ccsv7/tools/compiler/ti-cgt-arm_16.9.6.LTS/lib/</path>
         <kind>archive</kind>
         <file>rtsv7M4_T_le_v4SPD16_eabi.lib</file>
         <name>fd_mul_t2.obj</name>
      </input_file>
      <input_file id="fl-d9">
         <path>/home/praton/ti/ccsv7/tools/compiler/ti-cgt-arm_16.9.6.LTS/lib/</path>
         <kind>archive</kind>
         <file>rtsv7M4_T_le_v4SPD16_eabi.lib</file>
         <name>fd_toi_t2.obj</name>
      </input_file>
      <input_file id="fl-da">
         <path>/home/praton/ti/ccsv7/tools/compiler/ti-cgt-arm_16.9.6.LTS/lib/</path>
         <kind>archive</kind>
         <file>rtsv7M4_T_le_v4SPD16_eabi.lib</file>
         <name>fputc.obj</name>
      </input_file>
      <input_file id="fl-db">
         <path>/home/praton/ti/ccsv7/tools/compiler/ti-cgt-arm_16.9.6.LTS/lib/</path>
         <kind>archive</kind>
         <file>rtsv7M4_T_le_v4SPD16_eabi.lib</file>
         <name>fputs.obj</name>
      </input_file>
      <input_file id="fl-dc">
         <path>/home/praton/ti/ccsv7/tools/compiler/ti-cgt-arm_16.9.6.LTS/lib/</path>
         <kind>archive</kind>
         <file>rtsv7M4_T_le_v4SPD16_eabi.lib</file>
         <name>i_tofd_t2.obj</name>
      </input_file>
      <input_file id="fl-dd">
         <path>/home/praton/ti/ccsv7/tools/compiler/ti-cgt-arm_16.9.6.LTS/lib/</path>
         <kind>archive</kind>
         <file>rtsv7M4_T_le_v4SPD16_eabi.lib</file>
         <name>ltoa.obj</name>
      </input_file>
      <input_file id="fl-de">
         <path>/home/praton/ti/ccsv7/tools/compiler/ti-cgt-arm_16.9.6.LTS/lib/</path>
         <kind>archive</kind>
         <file>rtsv7M4_T_le_v4SPD16_eabi.lib</file>
         <name>memccpy.obj</name>
      </input_file>
      <input_file id="fl-df">
         <path>/home/praton/ti/ccsv7/tools/compiler/ti-cgt-arm_16.9.6.LTS/lib/</path>
         <kind>archive</kind>
         <file>rtsv7M4_T_le_v4SPD16_eabi.lib</file>
         <name>memchr.obj</name>
      </input_file>
      <input_file id="fl-e0">
         <path>/home/praton/ti/ccsv7/tools/compiler/ti-cgt-arm_16.9.6.LTS/lib/</path>
         <kind>archive</kind>
         <file>rtsv7M4_T_le_v4SPD16_eabi.lib</file>
         <name>s_frexp.obj</name>
      </input_file>
      <input_file id="fl-e1">
         <path>/home/praton/ti/ccsv7/tools/compiler/ti-cgt-arm_16.9.6.LTS/lib/</path>
         <kind>archive</kind>
         <file>rtsv7M4_T_le_v4SPD16_eabi.lib</file>
         <name>s_scalbn.obj</name>
      </input_file>
      <input_file id="fl-e2">
         <path>/home/praton/ti/ccsv7/tools/compiler/ti-cgt-arm_16.9.6.LTS/lib/</path>
         <kind>archive</kind>
         <file>rtsv7M4_T_le_v4SPD16_eabi.lib</file>
         <name>startup.obj</name>
      </input_file>
      <input_file id="fl-e3">
         <path>/home/praton/ti/ccsv7/tools/compiler/ti-cgt-arm_16.9.6.LTS/lib/</path>
         <kind>archive</kind>
         <file>rtsv7M4_T_le_v4SPD16_eabi.lib</file>
         <name>strchr.obj</name>
      </input_file>
      <input_file id="fl-e4">
         <path>/home/praton/ti/ccsv7/tools/compiler/ti-cgt-arm_16.9.6.LTS/lib/</path>
         <kind>archive</kind>
         <file>rtsv7M4_T_le_v4SPD16_eabi.lib</file>
         <name>strlen.obj</name>
      </input_file>
      <input_file id="fl-e5">
         <path>/home/praton/ti/ccsv7/tools/compiler/ti-cgt-arm_16.9.6.LTS/lib/</path>
         <kind>archive</kind>
         <file>rtsv7M4_T_le_v4SPD16_eabi.lib</file>
         <name>ull_div_t2.obj</name>
      </input_file>
      <input_file id="fl-e6">
         <path>/home/praton/ti/ccsv7/tools/compiler/ti-cgt-arm_16.9.6.LTS/lib/</path>
         <kind>archive</kind>
         <file>rtsv7M4_T_le_v4SPD16_eabi.lib</file>
         <name>write.obj</name>
      </input_file>
      <input_file id="fl-e7">
         <path>/home/praton/ti/ccsv7/tools/compiler/ti-cgt-arm_16.9.6.LTS/lib/</path>
         <kind>archive</kind>
         <file>rtsv7M4_T_le_v4SPD16_eabi.lib</file>
         <name>_io_perm.obj</name>
      </input_file>
      <input_file id="fl-e8">
         <path>/home/praton/ti/ccsv7/tools/compiler/ti-cgt-arm_16.9.6.LTS/lib/</path>
         <kind>archive</kind>
         <file>rtsv7M4_T_le_v4SPD16_eabi.lib</file>
         <name>errno.obj</name>
      </input_file>
      <input_file id="fl-e9">
         <path>/home/praton/ti/ccsv7/tools/compiler/ti-cgt-arm_16.9.6.LTS/lib/</path>
         <kind>archive</kind>
         <file>rtsv7M4_T_le_v4SPD16_eabi.lib</file>
         <name>fflush.obj</name>
      </input_file>
      <input_file id="fl-ea">
         <path>/home/praton/ti/ccsv7/tools/compiler/ti-cgt-arm_16.9.6.LTS/lib/</path>
         <kind>archive</kind>
         <file>rtsv7M4_T_le_v4SPD16_eabi.lib</file>
         <name>fseek.obj</name>
      </input_file>
      <input_file id="fl-eb">
         <path>/home/praton/ti/ccsv7/tools/compiler/ti-cgt-arm_16.9.6.LTS/lib/</path>
         <kind>archive</kind>
         <file>rtsv7M4_T_le_v4SPD16_eabi.lib</file>
         <name>hostclose.obj</name>
      </input_file>
      <input_file id="fl-ec">
         <path>/home/praton/ti/ccsv7/tools/compiler/ti-cgt-arm_16.9.6.LTS/lib/</path>
         <kind>archive</kind>
         <file>rtsv7M4_T_le_v4SPD16_eabi.lib</file>
         <name>hostlseek.obj</name>
      </input_file>
      <input_file id="fl-ed">
         <path>/home/praton/ti/ccsv7/tools/compiler/ti-cgt-arm_16.9.6.LTS/lib/</path>
         <kind>archive</kind>
         <file>rtsv7M4_T_le_v4SPD16_eabi.lib</file>
         <name>hostopen.obj</name>
      </input_file>
      <input_file id="fl-ee">
         <path>/home/praton/ti/ccsv7/tools/compiler/ti-cgt-arm_16.9.6.LTS/lib/</path>
         <kind>archive</kind>
         <file>rtsv7M4_T_le_v4SPD16_eabi.lib</file>
         <name>hostread.obj</name>
      </input_file>
      <input_file id="fl-ef">
         <path>/home/praton/ti/ccsv7/tools/compiler/ti-cgt-arm_16.9.6.LTS/lib/</path>
         <kind>archive</kind>
         <file>rtsv7M4_T_le_v4SPD16_eabi.lib</file>
         <name>hostrename.obj</name>
      </input_file>
      <input_file id="fl-f0">
         <path>/home/praton/ti/ccsv7/tools/compiler/ti-cgt-arm_16.9.6.LTS/lib/</path>
         <kind>archive</kind>
         <file>rtsv7M4_T_le_v4SPD16_eabi.lib</file>
         <name>hostunlink.obj</name>
      </input_file>
      <input_file id="fl-f1">
         <path>/home/praton/ti/ccsv7/tools/compiler/ti-cgt-arm_16.9.6.LTS/lib/</path>
         <kind>archive</kind>
         <file>rtsv7M4_T_le_v4SPD16_eabi.lib</file>
         <name>hostwrite.obj</name>
      </input_file>
      <input_file id="fl-f2">
         <path>/home/praton/ti/ccsv7/tools/compiler/ti-cgt-arm_16.9.6.LTS/lib/</path>
         <kind>archive</kind>
         <file>rtsv7M4_T_le_v4SPD16_eabi.lib</file>
         <name>lseek.obj</name>
      </input_file>
      <input_file id="fl-f3">
         <path>/home/praton/ti/ccsv7/tools/compiler/ti-cgt-arm_16.9.6.LTS/lib/</path>
         <kind>archive</kind>
         <file>rtsv7M4_T_le_v4SPD16_eabi.lib</file>
         <name>s_copysign.obj</name>
      </input_file>
      <input_file id="fl-f4">
         <path>/home/praton/ti/ccsv7/tools/compiler/ti-cgt-arm_16.9.6.LTS/lib/</path>
         <kind>archive</kind>
         <file>rtsv7M4_T_le_v4SPD16_eabi.lib</file>
         <name>setvbuf.obj</name>
      </input_file>
      <input_file id="fl-f5">
         <path>/home/praton/ti/ccsv7/tools/compiler/ti-cgt-arm_16.9.6.LTS/lib/</path>
         <kind>archive</kind>
         <file>rtsv7M4_T_le_v4SPD16_eabi.lib</file>
         <name>strcpy.obj</name>
      </input_file>
      <input_file id="fl-f6">
         <path>/home/praton/ti/ccsv7/tools/compiler/ti-cgt-arm_16.9.6.LTS/lib/</path>
         <kind>archive</kind>
         <file>rtsv7M4_T_le_v4SPD16_eabi.lib</file>
         <name>trgmsg.obj</name>
      </input_file>
      <input_file id="fl-f7">
         <path>/home/praton/ti/ccsv7/tools/compiler/ti-cgt-arm_16.9.6.LTS/lib/</path>
         <kind>archive</kind>
         <file>rtsv7M4_T_le_v4SPD16_eabi.lib</file>
         <name>fopen.obj</name>
      </input_file>
      <input_file id="fl-f8">
         <path>/home/praton/ti/ccsv7/tools/compiler/ti-cgt-arm_16.9.6.LTS/lib/</path>
         <kind>archive</kind>
         <file>rtsv7M4_T_le_v4SPD16_eabi.lib</file>
         <name>memory.obj</name>
      </input_file>
      <input_file id="fl-f9">
         <path>/home/praton/ti/ccsv7/tools/compiler/ti-cgt-arm_16.9.6.LTS/lib/</path>
         <kind>archive</kind>
         <file>rtsv7M4_T_le_v4SPD16_eabi.lib</file>
         <name>open.obj</name>
      </input_file>
      <input_file id="fl-fa">
         <path>/home/praton/ti/ccsv7/tools/compiler/ti-cgt-arm_16.9.6.LTS/lib/</path>
         <kind>archive</kind>
         <file>rtsv7M4_T_le_v4SPD16_eabi.lib</file>
         <name>fclose.obj</name>
      </input_file>
      <input_file id="fl-fb">
         <path>/home/praton/ti/ccsv7/tools/compiler/ti-cgt-arm_16.9.6.LTS/lib/</path>
         <kind>archive</kind>
         <file>rtsv7M4_T_le_v4SPD16_eabi.lib</file>
         <name>getdevice.obj</name>
      </input_file>
      <input_file id="fl-fc">
         <path>/home/praton/ti/ccsv7/tools/compiler/ti-cgt-arm_16.9.6.LTS/lib/</path>
         <kind>archive</kind>
         <file>rtsv7M4_T_le_v4SPD16_eabi.lib</file>
         <name>remove.obj</name>
      </input_file>
      <input_file id="fl-fd">
         <path>/home/praton/ti/ccsv7/tools/compiler/ti-cgt-arm_16.9.6.LTS/lib/</path>
         <kind>archive</kind>
         <file>rtsv7M4_T_le_v4SPD16_eabi.lib</file>
         <name>strcmp.obj</name>
      </input_file>
      <input_file id="fl-fe">
         <path>/home/praton/ti/ccsv7/tools/compiler/ti-cgt-arm_16.9.6.LTS/lib/</path>
         <kind>archive</kind>
         <file>rtsv7M4_T_le_v4SPD16_eabi.lib</file>
         <name>strncpy.obj</name>
      </input_file>
      <input_file id="fl-ff">
         <path>/home/praton/ti/ccsv7/tools/compiler/ti-cgt-arm_16.9.6.LTS/lib/</path>
         <kind>archive</kind>
         <file>rtsv7M4_T_le_v4SPD16_eabi.lib</file>
         <name>unlink.obj</name>
      </input_file>
      <input_file id="fl-100">
         <path>/home/praton/ti/ccsv7/tools/compiler/ti-cgt-arm_16.9.6.LTS/lib/</path>
         <kind>archive</kind>
         <file>rtsv7M4_T_le_v4SPD16_eabi.lib</file>
         <name>close.obj</name>
      </input_file>
   </input_file_list>
   <object_component_list>
      <object_component id="oc-f">
         <name>.intvecs</name>
         <load_address>0x0</load_address>
         <run_address>0x0</run_address>
         <size>0x26c</size>
         <input_file_ref idref="fl-3"/>
      </object_component>
      <object_component id="oc-171">
         <name>.text</name>
         <load_address>0x26c</load_address>
         <run_address>0x26c</run_address>
         <size>0x113e</size>
         <input_file_ref idref="fl-ce"/>
      </object_component>
      <object_component id="oc-5a">
         <name>.text</name>
         <load_address>0x13aa</load_address>
         <run_address>0x13aa</run_address>
         <size>0x2</size>
         <input_file_ref idref="fl-c9"/>
      </object_component>
      <object_component id="oc-2a5">
         <name>.text</name>
         <load_address>0x13ac</load_address>
         <run_address>0x13ac</run_address>
         <size>0x3d0</size>
         <input_file_ref idref="fl-f8"/>
      </object_component>
      <object_component id="oc-ae">
         <name>.text</name>
         <load_address>0x177c</load_address>
         <run_address>0x177c</run_address>
         <size>0x274</size>
         <input_file_ref idref="fl-2"/>
      </object_component>
      <object_component id="oc-1ca">
         <name>.text</name>
         <load_address>0x19f0</load_address>
         <run_address>0x19f0</run_address>
         <size>0x1f4</size>
         <input_file_ref idref="fl-e5"/>
      </object_component>
      <object_component id="oc-2ab">
         <name>.text</name>
         <load_address>0x1be4</load_address>
         <run_address>0x1be4</run_address>
         <size>0x1c4</size>
         <input_file_ref idref="fl-f7"/>
      </object_component>
      <object_component id="oc-1f3">
         <name>.text</name>
         <load_address>0x1da8</load_address>
         <run_address>0x1da8</run_address>
         <size>0x1b6</size>
         <input_file_ref idref="fl-d5"/>
      </object_component>
      <object_component id="oc-1d9">
         <name>.text</name>
         <load_address>0x1f5e</load_address>
         <run_address>0x1f5e</run_address>
         <size>0x136</size>
         <input_file_ref idref="fl-d7"/>
      </object_component>
      <object_component id="oc-16b">
         <name>.text</name>
         <load_address>0x2094</load_address>
         <run_address>0x2094</run_address>
         <size>0x134</size>
         <input_file_ref idref="fl-db"/>
      </object_component>
      <object_component id="oc-fb">
         <name>.text:GPIOPadConfigSet</name>
         <load_address>0x21c8</load_address>
         <run_address>0x21c8</run_address>
         <size>0x132</size>
         <input_file_ref idref="fl-9"/>
      </object_component>
      <object_component id="oc-1d4">
         <name>.text</name>
         <load_address>0x22fa</load_address>
         <run_address>0x22fa</run_address>
         <size>0xfc</size>
         <input_file_ref idref="fl-d8"/>
      </object_component>
      <object_component id="oc-a6">
         <name>.text</name>
         <load_address>0x23f6</load_address>
         <run_address>0x23f6</run_address>
         <size>0x2</size>
         <input_file_ref idref="fl-e2"/>
      </object_component>
      <object_component id="oc-1fe">
         <name>.text</name>
         <load_address>0x23f8</load_address>
         <run_address>0x23f8</run_address>
         <size>0xfc</size>
         <input_file_ref idref="fl-e1"/>
      </object_component>
      <object_component id="oc-e3">
         <name>.text:SysCtlClockSet</name>
         <load_address>0x24f4</load_address>
         <run_address>0x24f4</run_address>
         <size>0xf4</size>
         <input_file_ref idref="fl-b"/>
      </object_component>
      <object_component id="oc-249">
         <name>.text</name>
         <load_address>0x25e8</load_address>
         <run_address>0x25e8</run_address>
         <size>0xdc</size>
         <input_file_ref idref="fl-f4"/>
      </object_component>
      <object_component id="oc-1ae">
         <name>.text</name>
         <load_address>0x26c4</load_address>
         <run_address>0x26c4</run_address>
         <size>0xc8</size>
         <input_file_ref idref="fl-e9"/>
      </object_component>
      <object_component id="oc-2ed">
         <name>.text</name>
         <load_address>0x278c</load_address>
         <run_address>0x278c</run_address>
         <size>0xbc</size>
         <input_file_ref idref="fl-f9"/>
      </object_component>
      <object_component id="oc-1a8">
         <name>.text</name>
         <load_address>0x2848</load_address>
         <run_address>0x2848</run_address>
         <size>0xac</size>
         <input_file_ref idref="fl-e7"/>
      </object_component>
      <object_component id="oc-42">
         <name>.text</name>
         <load_address>0x28f4</load_address>
         <run_address>0x28f4</run_address>
         <size>0x9c</size>
         <input_file_ref idref="fl-c7"/>
      </object_component>
      <object_component id="oc-2f3">
         <name>.text</name>
         <load_address>0x2990</load_address>
         <run_address>0x2990</run_address>
         <size>0x98</size>
         <input_file_ref idref="fl-fa"/>
      </object_component>
      <object_component id="oc-165">
         <name>.text</name>
         <load_address>0x2a28</load_address>
         <run_address>0x2a28</run_address>
         <size>0x98</size>
         <input_file_ref idref="fl-da"/>
      </object_component>
      <object_component id="oc-1cf">
         <name>.text:__aeabi_cdcmple</name>
         <load_address>0x2ac0</load_address>
         <run_address>0x2ac0</run_address>
         <size>0x86</size>
         <input_file_ref idref="fl-d6"/>
      </object_component>
      <object_component id="oc-1de">
         <name>.text:__aeabi_cdrcmple</name>
         <load_address>0x2b46</load_address>
         <run_address>0x2b46</run_address>
         <size>0x86</size>
         <input_file_ref idref="fl-d6"/>
      </object_component>
      <object_component id="oc-4e">
         <name>.text</name>
         <load_address>0x2bcc</load_address>
         <run_address>0x2bcc</run_address>
         <size>0x7a</size>
         <input_file_ref idref="fl-c8"/>
      </object_component>
      <object_component id="oc-66">
         <name>.text</name>
         <load_address>0x2c48</load_address>
         <run_address>0x2c48</run_address>
         <size>0x70</size>
         <input_file_ref idref="fl-d1"/>
      </object_component>
      <object_component id="oc-330">
         <name>.text</name>
         <load_address>0x2cb8</load_address>
         <run_address>0x2cb8</run_address>
         <size>0x70</size>
         <input_file_ref idref="fl-fb"/>
      </object_component>
      <object_component id="oc-107">
         <name>.text</name>
         <load_address>0x2d28</load_address>
         <run_address>0x2d28</run_address>
         <size>0x70</size>
         <input_file_ref idref="fl-cb"/>
      </object_component>
      <object_component id="oc-18e">
         <name>.text:IntEnable</name>
         <load_address>0x2d98</load_address>
         <run_address>0x2d98</run_address>
         <size>0x68</size>
         <input_file_ref idref="fl-a"/>
      </object_component>
      <object_component id="oc-12">
         <name>.text:decompress:lzss</name>
         <load_address>0x2e00</load_address>
         <run_address>0x2e00</run_address>
         <size>0x68</size>
         <input_file_ref idref="fl-c3"/>
      </object_component>
      <object_component id="oc-316">
         <name>.text</name>
         <load_address>0x2e68</load_address>
         <run_address>0x2e68</run_address>
         <size>0x68</size>
         <input_file_ref idref="fl-ec"/>
      </object_component>
      <object_component id="oc-322">
         <name>.text</name>
         <load_address>0x2ed0</load_address>
         <run_address>0x2ed0</run_address>
         <size>0x68</size>
         <input_file_ref idref="fl-ef"/>
      </object_component>
      <object_component id="oc-34a">
         <name>.text</name>
         <load_address>0x2f38</load_address>
         <run_address>0x2f38</run_address>
         <size>0x68</size>
         <input_file_ref idref="fl-f6"/>
      </object_component>
      <object_component id="oc-243">
         <name>.text</name>
         <load_address>0x2fa0</load_address>
         <run_address>0x2fa0</run_address>
         <size>0x64</size>
         <input_file_ref idref="fl-ea"/>
      </object_component>
      <object_component id="oc-1f8">
         <name>.text</name>
         <load_address>0x3004</load_address>
         <run_address>0x3004</run_address>
         <size>0x64</size>
         <input_file_ref idref="fl-e0"/>
      </object_component>
      <object_component id="oc-2fe">
         <name>.text</name>
         <load_address>0x3068</load_address>
         <run_address>0x3068</run_address>
         <size>0x60</size>
         <input_file_ref idref="fl-ed"/>
      </object_component>
      <object_component id="oc-339">
         <name>.text</name>
         <load_address>0x30c8</load_address>
         <run_address>0x30c8</run_address>
         <size>0x5c</size>
         <input_file_ref idref="fl-100"/>
      </object_component>
      <object_component id="oc-30a">
         <name>.text</name>
         <load_address>0x3124</load_address>
         <run_address>0x3124</run_address>
         <size>0x58</size>
         <input_file_ref idref="fl-ee"/>
      </object_component>
      <object_component id="oc-310">
         <name>.text</name>
         <load_address>0x317c</load_address>
         <run_address>0x317c</run_address>
         <size>0x58</size>
         <input_file_ref idref="fl-f1"/>
      </object_component>
      <object_component id="oc-119">
         <name>.text:GPIOIntTypeSet</name>
         <load_address>0x31d4</load_address>
         <run_address>0x31d4</run_address>
         <size>0x56</size>
         <input_file_ref idref="fl-9"/>
      </object_component>
      <object_component id="oc-24">
         <name>.text</name>
         <load_address>0x322c</load_address>
         <run_address>0x322c</run_address>
         <size>0x54</size>
         <input_file_ref idref="fl-c2"/>
      </object_component>
      <object_component id="oc-72">
         <name>.text</name>
         <load_address>0x3280</load_address>
         <run_address>0x3280</run_address>
         <size>0x54</size>
         <input_file_ref idref="fl-c6"/>
      </object_component>
      <object_component id="oc-1e8">
         <name>.text</name>
         <load_address>0x32d4</load_address>
         <run_address>0x32d4</run_address>
         <size>0x54</size>
         <input_file_ref idref="fl-dd"/>
      </object_component>
      <object_component id="oc-20a">
         <name>.text</name>
         <load_address>0x3328</load_address>
         <run_address>0x3328</run_address>
         <size>0x4c</size>
         <input_file_ref idref="fl-d0"/>
      </object_component>
      <object_component id="oc-a0">
         <name>.text</name>
         <load_address>0x3374</load_address>
         <run_address>0x3374</run_address>
         <size>0x4c</size>
         <input_file_ref idref="fl-d2"/>
      </object_component>
      <object_component id="oc-1e3">
         <name>.text</name>
         <load_address>0x33c0</load_address>
         <run_address>0x33c0</run_address>
         <size>0x48</size>
         <input_file_ref idref="fl-d9"/>
      </object_component>
      <object_component id="oc-304">
         <name>.text</name>
         <load_address>0x3408</load_address>
         <run_address>0x3408</run_address>
         <size>0x44</size>
         <input_file_ref idref="fl-eb"/>
      </object_component>
      <object_component id="oc-31c">
         <name>.text</name>
         <load_address>0x344c</load_address>
         <run_address>0x344c</run_address>
         <size>0x44</size>
         <input_file_ref idref="fl-f0"/>
      </object_component>
      <object_component id="oc-182">
         <name>.text:_GPIOIntNumberGet</name>
         <load_address>0x3490</load_address>
         <run_address>0x3490</run_address>
         <size>0x40</size>
         <input_file_ref idref="fl-9"/>
      </object_component>
      <object_component id="oc-36c">
         <name>.text</name>
         <load_address>0x34d0</load_address>
         <run_address>0x34d0</run_address>
         <size>0x36</size>
         <input_file_ref idref="fl-fe"/>
      </object_component>
      <object_component id="oc-188">
         <name>.text:IntRegister</name>
         <load_address>0x3508</load_address>
         <run_address>0x3508</run_address>
         <size>0x34</size>
         <input_file_ref idref="fl-a"/>
      </object_component>
      <object_component id="oc-e9">
         <name>.text:SysCtlPeripheralEnable</name>
         <load_address>0x353c</load_address>
         <run_address>0x353c</run_address>
         <size>0x34</size>
         <input_file_ref idref="fl-b"/>
      </object_component>
      <object_component id="oc-1ee">
         <name>.text</name>
         <load_address>0x3570</load_address>
         <run_address>0x3570</run_address>
         <size>0x2e</size>
         <input_file_ref idref="fl-dc"/>
      </object_component>
      <object_component id="oc-33f">
         <name>.text</name>
         <load_address>0x35a0</load_address>
         <run_address>0x35a0</run_address>
         <size>0x2c</size>
         <input_file_ref idref="fl-ff"/>
      </object_component>
      <object_component id="oc-15a">
         <name>.text:GPIODirModeSet</name>
         <load_address>0x35cc</load_address>
         <run_address>0x35cc</run_address>
         <size>0x2a</size>
         <input_file_ref idref="fl-9"/>
      </object_component>
      <object_component id="oc-29d">
         <name>.text</name>
         <load_address>0x35f8</load_address>
         <run_address>0x35f8</run_address>
         <size>0x28</size>
         <input_file_ref idref="fl-f2"/>
      </object_component>
      <object_component id="oc-1b4">
         <name>.text</name>
         <load_address>0x3620</load_address>
         <run_address>0x3620</run_address>
         <size>0x28</size>
         <input_file_ref idref="fl-e6"/>
      </object_component>
      <object_component id="oc-1c2">
         <name>.text</name>
         <load_address>0x3648</load_address>
         <run_address>0x3648</run_address>
         <size>0x20</size>
         <input_file_ref idref="fl-df"/>
      </object_component>
      <object_component id="oc-210">
         <name>.text</name>
         <load_address>0x3668</load_address>
         <run_address>0x3668</run_address>
         <size>0x1c</size>
         <input_file_ref idref="fl-de"/>
      </object_component>
      <object_component id="oc-113">
         <name>.text:GPIOIntRegister</name>
         <load_address>0x3684</load_address>
         <run_address>0x3684</run_address>
         <size>0x18</size>
         <input_file_ref idref="fl-9"/>
      </object_component>
      <object_component id="oc-ef">
         <name>.text:GPIOPinTypeGPIOOutput</name>
         <load_address>0x369c</load_address>
         <run_address>0x369c</run_address>
         <size>0x18</size>
         <input_file_ref idref="fl-9"/>
      </object_component>
      <object_component id="oc-6c">
         <name>.text</name>
         <load_address>0x36b4</load_address>
         <run_address>0x36b4</run_address>
         <size>0x18</size>
         <input_file_ref idref="fl-cf"/>
      </object_component>
      <object_component id="oc-366">
         <name>.text</name>
         <load_address>0x36cc</load_address>
         <run_address>0x36cc</run_address>
         <size>0x18</size>
         <input_file_ref idref="fl-fd"/>
      </object_component>
      <object_component id="oc-204">
         <name>.text</name>
         <load_address>0x36e4</load_address>
         <run_address>0x36e4</run_address>
         <size>0x16</size>
         <input_file_ref idref="fl-e3"/>
      </object_component>
      <object_component id="oc-13f">
         <name>.text</name>
         <load_address>0x36fc</load_address>
         <run_address>0x36fc</run_address>
         <size>0x14</size>
         <input_file_ref idref="fl-cd"/>
      </object_component>
      <object_component id="oc-274">
         <name>.text</name>
         <load_address>0x3710</load_address>
         <run_address>0x3710</run_address>
         <size>0x14</size>
         <input_file_ref idref="fl-f3"/>
      </object_component>
      <object_component id="oc-35e">
         <name>.text</name>
         <load_address>0x3724</load_address>
         <run_address>0x3724</run_address>
         <size>0x14</size>
         <input_file_ref idref="fl-f5"/>
      </object_component>
      <object_component id="oc-1bc">
         <name>.text</name>
         <load_address>0x3738</load_address>
         <run_address>0x3738</run_address>
         <size>0x14</size>
         <input_file_ref idref="fl-e4"/>
      </object_component>
      <object_component id="oc-f5">
         <name>.text:GPIOPinTypeGPIOInput</name>
         <load_address>0x374c</load_address>
         <run_address>0x374c</run_address>
         <size>0x12</size>
         <input_file_ref idref="fl-9"/>
      </object_component>
      <object_component id="oc-126">
         <name>.text:GPIOIntDisable</name>
         <load_address>0x375e</load_address>
         <run_address>0x375e</run_address>
         <size>0xe</size>
         <input_file_ref idref="fl-9"/>
      </object_component>
      <object_component id="oc-101">
         <name>.text:GPIOIntStatus</name>
         <load_address>0x376c</load_address>
         <run_address>0x376c</run_address>
         <size>0xe</size>
         <input_file_ref idref="fl-9"/>
      </object_component>
      <object_component id="oc-18">
         <name>.text:decompress:none</name>
         <load_address>0x377a</load_address>
         <run_address>0x377a</run_address>
         <size>0xe</size>
         <input_file_ref idref="fl-c4"/>
      </object_component>
      <object_component id="oc-12c">
         <name>.text:GPIOIntEnable</name>
         <load_address>0x3788</load_address>
         <run_address>0x3788</run_address>
         <size>0xc</size>
         <input_file_ref idref="fl-9"/>
      </object_component>
      <object_component id="oc-1e">
         <name>.text:decompress:ZI</name>
         <load_address>0x3794</load_address>
         <run_address>0x3794</run_address>
         <size>0xc</size>
         <input_file_ref idref="fl-c5"/>
      </object_component>
      <object_component id="oc-2e">
         <name>.text</name>
         <load_address>0x37a0</load_address>
         <run_address>0x37a0</run_address>
         <size>0xc</size>
         <input_file_ref idref="fl-3"/>
      </object_component>
      <object_component id="oc-11f">
         <name>.text:GPIOIntClear</name>
         <load_address>0x37ac</load_address>
         <run_address>0x37ac</run_address>
         <size>0x6</size>
         <input_file_ref idref="fl-9"/>
      </object_component>
      <object_component id="oc-10d">
         <name>.text:GPIOPinWrite</name>
         <load_address>0x37b2</load_address>
         <run_address>0x37b2</run_address>
         <size>0x6</size>
         <input_file_ref idref="fl-9"/>
      </object_component>
      <object_component id="oc-125">
         <name>.text:SysCtlDelay</name>
         <load_address>0x37b8</load_address>
         <run_address>0x37b8</run_address>
         <size>0x6</size>
         <input_file_ref idref="fl-b"/>
      </object_component>
      <object_component id="oc-60">
         <name>.text</name>
         <load_address>0x37be</load_address>
         <run_address>0x37be</run_address>
         <size>0x4</size>
         <input_file_ref idref="fl-ca"/>
      </object_component>
      <object_component id="oc-281">
         <name>.const:.string:_ctypes_</name>
         <load_address>0x37c4</load_address>
         <run_address>0x37c4</run_address>
         <size>0x101</size>
         <input_file_ref idref="fl-d3"/>
      </object_component>
      <object_component id="oc-233">
         <name>.const:g_ppui32GPIOIntMapBlizzard</name>
         <load_address>0x38c8</load_address>
         <run_address>0x38c8</run_address>
         <size>0xc0</size>
         <input_file_ref idref="fl-9"/>
      </object_component>
      <object_component id="oc-236">
         <name>.const:g_ppui32GPIOIntMapSnowflake</name>
         <load_address>0x3988</load_address>
         <run_address>0x3988</run_address>
         <size>0xc0</size>
         <input_file_ref idref="fl-9"/>
      </object_component>
      <object_component id="oc-23f">
         <name>.const</name>
         <load_address>0x3a48</load_address>
         <run_address>0x3a48</run_address>
         <size>0x70</size>
         <input_file_ref idref="fl-a"/>
      </object_component>
      <object_component id="oc-3cc">
         <name>.cinit..data.load</name>
         <load_address>0x3ab8</load_address>
         <run_address>0x3ab8</run_address>
         <size>0x74</size>
      </object_component>
      <object_component id="oc-3c9">
         <name>__TI_handler_table</name>
         <load_address>0x3b2c</load_address>
         <run_address>0x3b2c</run_address>
         <size>0xc</size>
      </object_component>
      <object_component id="oc-3cd">
         <name>.cinit..bss.load</name>
         <load_address>0x3b38</load_address>
         <run_address>0x3b38</run_address>
         <size>0x8</size>
      </object_component>
      <object_component id="oc-3cb">
         <name>.cinit..vtable.load</name>
         <load_address>0x3b40</load_address>
         <run_address>0x3b40</run_address>
         <size>0x8</size>
      </object_component>
      <object_component id="oc-3ca">
         <name>__TI_cinit_table</name>
         <load_address>0x3b48</load_address>
         <run_address>0x3b48</run_address>
         <size>0x18</size>
      </object_component>
      <object_component id="oc-23a">
         <name>.vtable</name>
         <uninitialized>true</uninitialized>
         <run_address>0x20000000</run_address>
         <size>0x26c</size>
         <input_file_ref idref="fl-a"/>
      </object_component>
      <object_component id="oc-132">
         <name>.data</name>
         <load_address>0x20000664</load_address>
         <run_address>0x20000664</run_address>
         <size>0x4</size>
         <input_file_ref idref="fl-2"/>
      </object_component>
      <object_component id="oc-b6">
         <name>.data:$O1$$</name>
         <load_address>0x20000634</load_address>
         <run_address>0x20000634</run_address>
         <size>0xc</size>
         <input_file_ref idref="fl-c6"/>
      </object_component>
      <object_component id="oc-78">
         <name>.data</name>
         <load_address>0x20000660</load_address>
         <run_address>0x20000660</run_address>
         <size>0x4</size>
         <input_file_ref idref="fl-cc"/>
      </object_component>
      <object_component id="oc-b9">
         <name>.data:$O1$$</name>
         <load_address>0x2000064c</load_address>
         <run_address>0x2000064c</run_address>
         <size>0x8</size>
         <input_file_ref idref="fl-cd"/>
      </object_component>
      <object_component id="oc-177">
         <name>.data:_ftable</name>
         <load_address>0x2000046c</load_address>
         <run_address>0x2000046c</run_address>
         <size>0xf0</size>
         <input_file_ref idref="fl-d4"/>
      </object_component>
      <object_component id="oc-251">
         <name>.data</name>
         <load_address>0x20000624</load_address>
         <run_address>0x20000624</run_address>
         <size>0x10</size>
         <input_file_ref idref="fl-d4"/>
      </object_component>
      <object_component id="oc-2be">
         <name>.data:_device</name>
         <load_address>0x2000055c</load_address>
         <run_address>0x2000055c</run_address>
         <size>0x78</size>
         <input_file_ref idref="fl-e6"/>
      </object_component>
      <object_component id="oc-256">
         <name>.data:_stream</name>
         <load_address>0x200005d4</load_address>
         <run_address>0x200005d4</run_address>
         <size>0x50</size>
         <input_file_ref idref="fl-e6"/>
      </object_component>
      <object_component id="oc-27a">
         <name>.data</name>
         <load_address>0x20000654</load_address>
         <run_address>0x20000654</run_address>
         <size>0x4</size>
         <input_file_ref idref="fl-e8"/>
      </object_component>
      <object_component id="oc-2f9">
         <name>.data</name>
         <load_address>0x20000658</load_address>
         <run_address>0x20000658</run_address>
         <size>0x4</size>
         <input_file_ref idref="fl-f7"/>
      </object_component>
      <object_component id="oc-2e9">
         <name>.data:$O1$$</name>
         <load_address>0x20000640</load_address>
         <run_address>0x20000640</run_address>
         <size>0xc</size>
         <input_file_ref idref="fl-f8"/>
      </object_component>
      <object_component id="oc-336">
         <name>.data</name>
         <load_address>0x2000065c</load_address>
         <run_address>0x2000065c</run_address>
         <size>0x4</size>
         <input_file_ref idref="fl-f9"/>
      </object_component>
      <object_component id="oc-37c">
         <name>.bss:_CIOBUF_</name>
         <uninitialized>true</uninitialized>
         <run_address>0x20000668</run_address>
         <size>0x120</size>
         <input_file_ref idref="fl-f6"/>
      </object_component>
      <object_component id="oc-345">
         <name>.common:__TI_tmpnams</name>
         <uninitialized>true</uninitialized>
         <run_address>0x20000788</run_address>
         <size>0xa0</size>
      </object_component>
      <object_component id="oc-350">
         <name>.common:parmbuf</name>
         <uninitialized>true</uninitialized>
         <run_address>0x20000828</run_address>
         <size>0x8</size>
      </object_component>
      <object_component id="oc-2b">
         <name>.sysmem</name>
         <uninitialized>true</uninitialized>
         <run_address>0x20000830</run_address>
         <size>0x8</size>
         <input_file_ref idref="fl-f8"/>
      </object_component>
      <object_component id="oc-3cf">
         <name>.sysmem</name>
         <uninitialized>true</uninitialized>
         <run_address>0x20000830</run_address>
         <size>0x0</size>
      </object_component>
      <object_component id="oc-2a">
         <name>.stack</name>
         <uninitialized>true</uninitialized>
         <run_address>0x2000026c</run_address>
         <size>0x0</size>
         <input_file_ref idref="fl-c2"/>
      </object_component>
      <object_component id="oc-3ce">
         <name>.stack</name>
         <uninitialized>true</uninitialized>
         <run_address>0x2000026c</run_address>
         <size>0x0</size>
      </object_component>
      <object_component id="oc-232">
         <name>.debug_info</name>
         <load_address>0x0</load_address>
         <run_address>0x0</run_address>
         <size>0x55b</size>
         <input_file_ref idref="fl-2"/>
      </object_component>
      <object_component id="oc-133">
         <name>.debug_info</name>
         <load_address>0x55b</load_address>
         <run_address>0x55b</run_address>
         <size>0x140</size>
         <input_file_ref idref="fl-2"/>
      </object_component>
      <object_component id="oc-af">
         <name>.debug_info</name>
         <load_address>0x69b</load_address>
         <run_address>0x69b</run_address>
         <size>0x715</size>
         <input_file_ref idref="fl-2"/>
      </object_component>
      <object_component id="oc-cd">
         <name>.debug_info</name>
         <load_address>0xdb0</load_address>
         <run_address>0xdb0</run_address>
         <size>0x8b</size>
         <input_file_ref idref="fl-2"/>
      </object_component>
      <object_component id="oc-83">
         <name>.debug_info</name>
         <load_address>0xe3b</load_address>
         <run_address>0xe3b</run_address>
         <size>0x18b</size>
         <input_file_ref idref="fl-2"/>
      </object_component>
      <object_component id="oc-17c">
         <name>.debug_info</name>
         <load_address>0xfc6</load_address>
         <run_address>0xfc6</run_address>
         <size>0x4e</size>
         <input_file_ref idref="fl-2"/>
      </object_component>
      <object_component id="oc-36">
         <name>.debug_info</name>
         <load_address>0x1014</load_address>
         <run_address>0x1014</run_address>
         <size>0x291</size>
         <input_file_ref idref="fl-3"/>
      </object_component>
      <object_component id="oc-10">
         <name>.debug_info</name>
         <load_address>0x12a5</load_address>
         <run_address>0x12a5</run_address>
         <size>0xe2</size>
         <input_file_ref idref="fl-3"/>
      </object_component>
      <object_component id="oc-2f">
         <name>.debug_info</name>
         <load_address>0x1387</load_address>
         <run_address>0x1387</run_address>
         <size>0x25e</size>
         <input_file_ref idref="fl-3"/>
      </object_component>
      <object_component id="oc-3d">
         <name>.debug_info</name>
         <load_address>0x15e5</load_address>
         <run_address>0x15e5</run_address>
         <size>0x84</size>
         <input_file_ref idref="fl-3"/>
      </object_component>
      <object_component id="oc-161">
         <name>.debug_info</name>
         <load_address>0x1669</load_address>
         <run_address>0x1669</run_address>
         <size>0x230</size>
         <input_file_ref idref="fl-9"/>
      </object_component>
      <object_component id="oc-234">
         <name>.debug_info</name>
         <load_address>0x1899</load_address>
         <run_address>0x1899</run_address>
         <size>0x167</size>
         <input_file_ref idref="fl-9"/>
      </object_component>
      <object_component id="oc-237">
         <name>.debug_info</name>
         <load_address>0x1a00</load_address>
         <run_address>0x1a00</run_address>
         <size>0x169</size>
         <input_file_ref idref="fl-9"/>
      </object_component>
      <object_component id="oc-10e">
         <name>.debug_info</name>
         <load_address>0x1b69</load_address>
         <run_address>0x1b69</run_address>
         <size>0x2a3</size>
         <input_file_ref idref="fl-9"/>
      </object_component>
      <object_component id="oc-15b">
         <name>.debug_info</name>
         <load_address>0x1e0c</load_address>
         <run_address>0x1e0c</run_address>
         <size>0x2b3</size>
         <input_file_ref idref="fl-9"/>
      </object_component>
      <object_component id="oc-fc">
         <name>.debug_info</name>
         <load_address>0x20bf</load_address>
         <run_address>0x20bf</run_address>
         <size>0x316</size>
         <input_file_ref idref="fl-9"/>
      </object_component>
      <object_component id="oc-f0">
         <name>.debug_info</name>
         <load_address>0x23d5</load_address>
         <run_address>0x23d5</run_address>
         <size>0x2b7</size>
         <input_file_ref idref="fl-9"/>
      </object_component>
      <object_component id="oc-f6">
         <name>.debug_info</name>
         <load_address>0x268c</load_address>
         <run_address>0x268c</run_address>
         <size>0x285</size>
         <input_file_ref idref="fl-9"/>
      </object_component>
      <object_component id="oc-183">
         <name>.debug_info</name>
         <load_address>0x2911</load_address>
         <run_address>0x2911</run_address>
         <size>0x27e</size>
         <input_file_ref idref="fl-9"/>
      </object_component>
      <object_component id="oc-11a">
         <name>.debug_info</name>
         <load_address>0x2b8f</load_address>
         <run_address>0x2b8f</run_address>
         <size>0x2bb</size>
         <input_file_ref idref="fl-9"/>
      </object_component>
      <object_component id="oc-102">
         <name>.debug_info</name>
         <load_address>0x2e4a</load_address>
         <run_address>0x2e4a</run_address>
         <size>0x27f</size>
         <input_file_ref idref="fl-9"/>
      </object_component>
      <object_component id="oc-114">
         <name>.debug_info</name>
         <load_address>0x30c9</load_address>
         <run_address>0x30c9</run_address>
         <size>0x2cf</size>
         <input_file_ref idref="fl-9"/>
      </object_component>
      <object_component id="oc-12d">
         <name>.debug_info</name>
         <load_address>0x3398</load_address>
         <run_address>0x3398</run_address>
         <size>0x28f</size>
         <input_file_ref idref="fl-9"/>
      </object_component>
      <object_component id="oc-127">
         <name>.debug_info</name>
         <load_address>0x3627</load_address>
         <run_address>0x3627</run_address>
         <size>0x291</size>
         <input_file_ref idref="fl-9"/>
      </object_component>
      <object_component id="oc-120">
         <name>.debug_info</name>
         <load_address>0x38b8</load_address>
         <run_address>0x38b8</run_address>
         <size>0x28d</size>
         <input_file_ref idref="fl-9"/>
      </object_component>
      <object_component id="oc-23e">
         <name>.debug_info</name>
         <load_address>0x3b45</load_address>
         <run_address>0x3b45</run_address>
         <size>0x20e</size>
         <input_file_ref idref="fl-a"/>
      </object_component>
      <object_component id="oc-240">
         <name>.debug_info</name>
         <load_address>0x3d53</load_address>
         <run_address>0x3d53</run_address>
         <size>0x210</size>
         <input_file_ref idref="fl-a"/>
      </object_component>
      <object_component id="oc-23b">
         <name>.debug_info</name>
         <load_address>0x3f63</load_address>
         <run_address>0x3f63</run_address>
         <size>0x157</size>
         <input_file_ref idref="fl-a"/>
      </object_component>
      <object_component id="oc-18a">
         <name>.debug_info</name>
         <load_address>0x40ba</load_address>
         <run_address>0x40ba</run_address>
         <size>0x2c1</size>
         <input_file_ref idref="fl-a"/>
      </object_component>
      <object_component id="oc-190">
         <name>.debug_info</name>
         <load_address>0x437b</load_address>
         <run_address>0x437b</run_address>
         <size>0x268</size>
         <input_file_ref idref="fl-a"/>
      </object_component>
      <object_component id="oc-158">
         <name>.debug_info</name>
         <load_address>0x45e3</load_address>
         <run_address>0x45e3</run_address>
         <size>0x27f</size>
         <input_file_ref idref="fl-b"/>
      </object_component>
      <object_component id="oc-ea">
         <name>.debug_info</name>
         <load_address>0x4862</load_address>
         <run_address>0x4862</run_address>
         <size>0x27d</size>
         <input_file_ref idref="fl-b"/>
      </object_component>
      <object_component id="oc-e4">
         <name>.debug_info</name>
         <load_address>0x4adf</load_address>
         <run_address>0x4adf</run_address>
         <size>0x2db</size>
         <input_file_ref idref="fl-b"/>
      </object_component>
      <object_component id="oc-1a0">
         <name>.debug_info</name>
         <load_address>0x4dba</load_address>
         <run_address>0x4dba</run_address>
         <size>0x5f</size>
         <input_file_ref idref="fl-b"/>
      </object_component>
      <object_component id="oc-25">
         <name>.debug_info</name>
         <load_address>0x4e19</load_address>
         <run_address>0x4e19</run_address>
         <size>0x160</size>
         <input_file_ref idref="fl-c2"/>
      </object_component>
      <object_component id="oc-8d">
         <name>.debug_info</name>
         <load_address>0x4f79</load_address>
         <run_address>0x4f79</run_address>
         <size>0x293</size>
         <input_file_ref idref="fl-c3"/>
      </object_component>
      <object_component id="oc-13">
         <name>.debug_info</name>
         <load_address>0x520c</load_address>
         <run_address>0x520c</run_address>
         <size>0x245</size>
         <input_file_ref idref="fl-c3"/>
      </object_component>
      <object_component id="oc-38">
         <name>.debug_info</name>
         <load_address>0x5451</load_address>
         <run_address>0x5451</run_address>
         <size>0x60</size>
         <input_file_ref idref="fl-c3"/>
      </object_component>
      <object_component id="oc-88">
         <name>.debug_info</name>
         <load_address>0x54b1</load_address>
         <run_address>0x54b1</run_address>
         <size>0x46</size>
         <input_file_ref idref="fl-c3"/>
      </object_component>
      <object_component id="oc-4d">
         <name>.debug_info</name>
         <load_address>0x54f7</load_address>
         <run_address>0x54f7</run_address>
         <size>0x2da</size>
         <input_file_ref idref="fl-c4"/>
      </object_component>
      <object_component id="oc-19">
         <name>.debug_info</name>
         <load_address>0x57d1</load_address>
         <run_address>0x57d1</run_address>
         <size>0x1df</size>
         <input_file_ref idref="fl-c4"/>
      </object_component>
      <object_component id="oc-48">
         <name>.debug_info</name>
         <load_address>0x59b0</load_address>
         <run_address>0x59b0</run_address>
         <size>0x46</size>
         <input_file_ref idref="fl-c4"/>
      </object_component>
      <object_component id="oc-8f">
         <name>.debug_info</name>
         <load_address>0x59f6</load_address>
         <run_address>0x59f6</run_address>
         <size>0x2c</size>
         <input_file_ref idref="fl-c4"/>
      </object_component>
      <object_component id="oc-59">
         <name>.debug_info</name>
         <load_address>0x5a22</load_address>
         <run_address>0x5a22</run_address>
         <size>0x2c9</size>
         <input_file_ref idref="fl-c5"/>
      </object_component>
      <object_component id="oc-1f">
         <name>.debug_info</name>
         <load_address>0x5ceb</load_address>
         <run_address>0x5ceb</run_address>
         <size>0x1aa</size>
         <input_file_ref idref="fl-c5"/>
      </object_component>
      <object_component id="oc-54">
         <name>.debug_info</name>
         <load_address>0x5e95</load_address>
         <run_address>0x5e95</run_address>
         <size>0x46</size>
         <input_file_ref idref="fl-c5"/>
      </object_component>
      <object_component id="oc-97">
         <name>.debug_info</name>
         <load_address>0x5edb</load_address>
         <run_address>0x5edb</run_address>
         <size>0x2c</size>
         <input_file_ref idref="fl-c5"/>
      </object_component>
      <object_component id="oc-bd">
         <name>.debug_info</name>
         <load_address>0x5f07</load_address>
         <run_address>0x5f07</run_address>
         <size>0x3ce</size>
         <input_file_ref idref="fl-c6"/>
      </object_component>
      <object_component id="oc-b7">
         <name>.debug_info</name>
         <load_address>0x62d5</load_address>
         <run_address>0x62d5</run_address>
         <size>0x185</size>
         <input_file_ref idref="fl-c6"/>
      </object_component>
      <object_component id="oc-73">
         <name>.debug_info</name>
         <load_address>0x645a</load_address>
         <run_address>0x645a</run_address>
         <size>0x214</size>
         <input_file_ref idref="fl-c6"/>
      </object_component>
      <object_component id="oc-43">
         <name>.debug_info</name>
         <load_address>0x666e</load_address>
         <run_address>0x666e</run_address>
         <size>0x111</size>
         <input_file_ref idref="fl-c7"/>
      </object_component>
      <object_component id="oc-4f">
         <name>.debug_info</name>
         <load_address>0x677f</load_address>
         <run_address>0x677f</run_address>
         <size>0x13f</size>
         <input_file_ref idref="fl-c8"/>
      </object_component>
      <object_component id="oc-5b">
         <name>.debug_info</name>
         <load_address>0x68be</load_address>
         <run_address>0x68be</run_address>
         <size>0x138</size>
         <input_file_ref idref="fl-c9"/>
      </object_component>
      <object_component id="oc-61">
         <name>.debug_info</name>
         <load_address>0x69f6</load_address>
         <run_address>0x69f6</run_address>
         <size>0x148</size>
         <input_file_ref idref="fl-ca"/>
      </object_component>
      <object_component id="oc-17b">
         <name>.debug_info</name>
         <load_address>0x6b3e</load_address>
         <run_address>0x6b3e</run_address>
         <size>0x3c6</size>
         <input_file_ref idref="fl-cb"/>
      </object_component>
      <object_component id="oc-108">
         <name>.debug_info</name>
         <load_address>0x6f04</load_address>
         <run_address>0x6f04</run_address>
         <size>0x284</size>
         <input_file_ref idref="fl-cb"/>
      </object_component>
      <object_component id="oc-22d">
         <name>.debug_info</name>
         <load_address>0x7188</load_address>
         <run_address>0x7188</run_address>
         <size>0xae</size>
         <input_file_ref idref="fl-cb"/>
      </object_component>
      <object_component id="oc-79">
         <name>.debug_info</name>
         <load_address>0x7236</load_address>
         <run_address>0x7236</run_address>
         <size>0x109</size>
         <input_file_ref idref="fl-cc"/>
      </object_component>
      <object_component id="oc-147">
         <name>.debug_info</name>
         <load_address>0x733f</load_address>
         <run_address>0x733f</run_address>
         <size>0x2be</size>
         <input_file_ref idref="fl-cd"/>
      </object_component>
      <object_component id="oc-ba">
         <name>.debug_info</name>
         <load_address>0x75fd</load_address>
         <run_address>0x75fd</run_address>
         <size>0x113</size>
         <input_file_ref idref="fl-cd"/>
      </object_component>
      <object_component id="oc-140">
         <name>.debug_info</name>
         <load_address>0x7710</load_address>
         <run_address>0x7710</run_address>
         <size>0x21f</size>
         <input_file_ref idref="fl-cd"/>
      </object_component>
      <object_component id="oc-217">
         <name>.debug_info</name>
         <load_address>0x792f</load_address>
         <run_address>0x792f</run_address>
         <size>0x51f</size>
         <input_file_ref idref="fl-ce"/>
      </object_component>
      <object_component id="oc-172">
         <name>.debug_info</name>
         <load_address>0x7e4e</load_address>
         <run_address>0x7e4e</run_address>
         <size>0x1543</size>
         <input_file_ref idref="fl-ce"/>
      </object_component>
      <object_component id="oc-218">
         <name>.debug_info</name>
         <load_address>0x9391</load_address>
         <run_address>0x9391</run_address>
         <size>0x86</size>
         <input_file_ref idref="fl-ce"/>
      </object_component>
      <object_component id="oc-222">
         <name>.debug_info</name>
         <load_address>0x9417</load_address>
         <run_address>0x9417</run_address>
         <size>0x2c</size>
         <input_file_ref idref="fl-ce"/>
      </object_component>
      <object_component id="oc-28a">
         <name>.debug_info</name>
         <load_address>0x9443</load_address>
         <run_address>0x9443</run_address>
         <size>0x46</size>
         <input_file_ref idref="fl-ce"/>
      </object_component>
      <object_component id="oc-21d">
         <name>.debug_info</name>
         <load_address>0x9489</load_address>
         <run_address>0x9489</run_address>
         <size>0x39</size>
         <input_file_ref idref="fl-ce"/>
      </object_component>
      <object_component id="oc-b5">
         <name>.debug_info</name>
         <load_address>0x94c2</load_address>
         <run_address>0x94c2</run_address>
         <size>0x300</size>
         <input_file_ref idref="fl-cf"/>
      </object_component>
      <object_component id="oc-6d">
         <name>.debug_info</name>
         <load_address>0x97c2</load_address>
         <run_address>0x97c2</run_address>
         <size>0x167</size>
         <input_file_ref idref="fl-cf"/>
      </object_component>
      <object_component id="oc-138">
         <name>.debug_info</name>
         <load_address>0x9929</load_address>
         <run_address>0x9929</run_address>
         <size>0x5e</size>
         <input_file_ref idref="fl-cf"/>
      </object_component>
      <object_component id="oc-285">
         <name>.debug_info</name>
         <load_address>0x9987</load_address>
         <run_address>0x9987</run_address>
         <size>0x2ae</size>
         <input_file_ref idref="fl-d0"/>
      </object_component>
      <object_component id="oc-20b">
         <name>.debug_info</name>
         <load_address>0x9c35</load_address>
         <run_address>0x9c35</run_address>
         <size>0x171</size>
         <input_file_ref idref="fl-d0"/>
      </object_component>
      <object_component id="oc-ad">
         <name>.debug_info</name>
         <load_address>0x9da6</load_address>
         <run_address>0x9da6</run_address>
         <size>0x483</size>
         <input_file_ref idref="fl-d1"/>
      </object_component>
      <object_component id="oc-67">
         <name>.debug_info</name>
         <load_address>0xa229</load_address>
         <run_address>0xa229</run_address>
         <size>0x190</size>
         <input_file_ref idref="fl-d1"/>
      </object_component>
      <object_component id="oc-d9">
         <name>.debug_info</name>
         <load_address>0xa3b9</load_address>
         <run_address>0xa3b9</run_address>
         <size>0x39</size>
         <input_file_ref idref="fl-d1"/>
      </object_component>
      <object_component id="oc-152">
         <name>.debug_info</name>
         <load_address>0xa3f2</load_address>
         <run_address>0xa3f2</run_address>
         <size>0x39</size>
         <input_file_ref idref="fl-d1"/>
      </object_component>
      <object_component id="oc-de">
         <name>.debug_info</name>
         <load_address>0xa42b</load_address>
         <run_address>0xa42b</run_address>
         <size>0xcd</size>
         <input_file_ref idref="fl-d1"/>
      </object_component>
      <object_component id="oc-d5">
         <name>.debug_info</name>
         <load_address>0xa4f8</load_address>
         <run_address>0xa4f8</run_address>
         <size>0x37a</size>
         <input_file_ref idref="fl-d2"/>
      </object_component>
      <object_component id="oc-a1">
         <name>.debug_info</name>
         <load_address>0xa872</load_address>
         <run_address>0xa872</run_address>
         <size>0x183</size>
         <input_file_ref idref="fl-d2"/>
      </object_component>
      <object_component id="oc-14d">
         <name>.debug_info</name>
         <load_address>0xa9f5</load_address>
         <run_address>0xa9f5</run_address>
         <size>0x2c</size>
         <input_file_ref idref="fl-d2"/>
      </object_component>
      <object_component id="oc-2e0">
         <name>.debug_info</name>
         <load_address>0xaa21</load_address>
         <run_address>0xaa21</run_address>
         <size>0xee</size>
         <input_file_ref idref="fl-d3"/>
      </object_component>
      <object_component id="oc-282">
         <name>.debug_info</name>
         <load_address>0xab0f</load_address>
         <run_address>0xab0f</run_address>
         <size>0xfa</size>
         <input_file_ref idref="fl-d3"/>
      </object_component>
      <object_component id="oc-229">
         <name>.debug_info</name>
         <load_address>0xac09</load_address>
         <run_address>0xac09</run_address>
         <size>0x139</size>
         <input_file_ref idref="fl-d4"/>
      </object_component>
      <object_component id="oc-178">
         <name>.debug_info</name>
         <load_address>0xad42</load_address>
         <run_address>0xad42</run_address>
         <size>0xf7</size>
         <input_file_ref idref="fl-d4"/>
      </object_component>
      <object_component id="oc-252">
         <name>.debug_info</name>
         <load_address>0xae39</load_address>
         <run_address>0xae39</run_address>
         <size>0x184</size>
         <input_file_ref idref="fl-d4"/>
      </object_component>
      <object_component id="oc-1f4">
         <name>.debug_info</name>
         <load_address>0xafbd</load_address>
         <run_address>0xafbd</run_address>
         <size>0x144</size>
         <input_file_ref idref="fl-d5"/>
      </object_component>
      <object_component id="oc-1d0">
         <name>.debug_info</name>
         <load_address>0xb101</load_address>
         <run_address>0xb101</run_address>
         <size>0x120</size>
         <input_file_ref idref="fl-d6"/>
      </object_component>
      <object_component id="oc-1df">
         <name>.debug_info</name>
         <load_address>0xb221</load_address>
         <run_address>0xb221</run_address>
         <size>0x122</size>
         <input_file_ref idref="fl-d6"/>
      </object_component>
      <object_component id="oc-1da">
         <name>.debug_info</name>
         <load_address>0xb343</load_address>
         <run_address>0xb343</run_address>
         <size>0x132</size>
         <input_file_ref idref="fl-d7"/>
      </object_component>
      <object_component id="oc-1d5">
         <name>.debug_info</name>
         <load_address>0xb475</load_address>
         <run_address>0xb475</run_address>
         <size>0x132</size>
         <input_file_ref idref="fl-d8"/>
      </object_component>
      <object_component id="oc-1e4">
         <name>.debug_info</name>
         <load_address>0xb5a7</load_address>
         <run_address>0xb5a7</run_address>
         <size>0x126</size>
         <input_file_ref idref="fl-d9"/>
      </object_component>
      <object_component id="oc-1bb">
         <name>.debug_info</name>
         <load_address>0xb6cd</load_address>
         <run_address>0xb6cd</run_address>
         <size>0x378</size>
         <input_file_ref idref="fl-da"/>
      </object_component>
      <object_component id="oc-166">
         <name>.debug_info</name>
         <load_address>0xba45</load_address>
         <run_address>0xba45</run_address>
         <size>0x23f</size>
         <input_file_ref idref="fl-da"/>
      </object_component>
      <object_component id="oc-1c9">
         <name>.debug_info</name>
         <load_address>0xbc84</load_address>
         <run_address>0xbc84</run_address>
         <size>0x43c</size>
         <input_file_ref idref="fl-db"/>
      </object_component>
      <object_component id="oc-16c">
         <name>.debug_info</name>
         <load_address>0xc0c0</load_address>
         <run_address>0xc0c0</run_address>
         <size>0x359</size>
         <input_file_ref idref="fl-db"/>
      </object_component>
      <object_component id="oc-1ef">
         <name>.debug_info</name>
         <load_address>0xc419</load_address>
         <run_address>0xc419</run_address>
         <size>0x124</size>
         <input_file_ref idref="fl-dc"/>
      </object_component>
      <object_component id="oc-26a">
         <name>.debug_info</name>
         <load_address>0xc53d</load_address>
         <run_address>0xc53d</run_address>
         <size>0x2e6</size>
         <input_file_ref idref="fl-dd"/>
      </object_component>
      <object_component id="oc-1e9">
         <name>.debug_info</name>
         <load_address>0xc823</load_address>
         <run_address>0xc823</run_address>
         <size>0x1c2</size>
         <input_file_ref idref="fl-dd"/>
      </object_component>
      <object_component id="oc-287">
         <name>.debug_info</name>
         <load_address>0xc9e5</load_address>
         <run_address>0xc9e5</run_address>
         <size>0x28b</size>
         <input_file_ref idref="fl-de"/>
      </object_component>
      <object_component id="oc-211">
         <name>.debug_info</name>
         <load_address>0xcc70</load_address>
         <run_address>0xcc70</run_address>
         <size>0x1ab</size>
         <input_file_ref idref="fl-de"/>
      </object_component>
      <object_component id="oc-260">
         <name>.debug_info</name>
         <load_address>0xce1b</load_address>
         <run_address>0xce1b</run_address>
         <size>0x29a</size>
         <input_file_ref idref="fl-df"/>
      </object_component>
      <object_component id="oc-1c3">
         <name>.debug_info</name>
         <load_address>0xd0b5</load_address>
         <run_address>0xd0b5</run_address>
         <size>0x242</size>
         <input_file_ref idref="fl-df"/>
      </object_component>
      <object_component id="oc-26e">
         <name>.debug_info</name>
         <load_address>0xd2f7</load_address>
         <run_address>0xd2f7</run_address>
         <size>0x2d9</size>
         <input_file_ref idref="fl-e0"/>
      </object_component>
      <object_component id="oc-1f9">
         <name>.debug_info</name>
         <load_address>0xd5d0</load_address>
         <run_address>0xd5d0</run_address>
         <size>0x18a</size>
         <input_file_ref idref="fl-e0"/>
      </object_component>
      <object_component id="oc-26f">
         <name>.debug_info</name>
         <load_address>0xd75a</load_address>
         <run_address>0xd75a</run_address>
         <size>0x2c</size>
         <input_file_ref idref="fl-e0"/>
      </object_component>
      <object_component id="oc-27e">
         <name>.debug_info</name>
         <load_address>0xd786</load_address>
         <run_address>0xd786</run_address>
         <size>0x316</size>
         <input_file_ref idref="fl-e1"/>
      </object_component>
      <object_component id="oc-1ff">
         <name>.debug_info</name>
         <load_address>0xda9c</load_address>
         <run_address>0xda9c</run_address>
         <size>0x1d5</size>
         <input_file_ref idref="fl-e1"/>
      </object_component>
      <object_component id="oc-a7">
         <name>.debug_info</name>
         <load_address>0xdc71</load_address>
         <run_address>0xdc71</run_address>
         <size>0x145</size>
         <input_file_ref idref="fl-e2"/>
      </object_component>
      <object_component id="oc-280">
         <name>.debug_info</name>
         <load_address>0xddb6</load_address>
         <run_address>0xddb6</run_address>
         <size>0x28f</size>
         <input_file_ref idref="fl-e3"/>
      </object_component>
      <object_component id="oc-205">
         <name>.debug_info</name>
         <load_address>0xe045</load_address>
         <run_address>0xe045</run_address>
         <size>0x244</size>
         <input_file_ref idref="fl-e3"/>
      </object_component>
      <object_component id="oc-25e">
         <name>.debug_info</name>
         <load_address>0xe289</load_address>
         <run_address>0xe289</run_address>
         <size>0x284</size>
         <input_file_ref idref="fl-e4"/>
      </object_component>
      <object_component id="oc-1bd">
         <name>.debug_info</name>
         <load_address>0xe50d</load_address>
         <run_address>0xe50d</run_address>
         <size>0x22a</size>
         <input_file_ref idref="fl-e4"/>
      </object_component>
      <object_component id="oc-1cb">
         <name>.debug_info</name>
         <load_address>0xe737</load_address>
         <run_address>0xe737</run_address>
         <size>0x17d</size>
         <input_file_ref idref="fl-e5"/>
      </object_component>
      <object_component id="oc-25a">
         <name>.debug_info</name>
         <load_address>0xe8b4</load_address>
         <run_address>0xe8b4</run_address>
         <size>0x4c5</size>
         <input_file_ref idref="fl-e6"/>
      </object_component>
      <object_component id="oc-2bf">
         <name>.debug_info</name>
         <load_address>0xed79</load_address>
         <run_address>0xed79</run_address>
         <size>0xf8</size>
         <input_file_ref idref="fl-e6"/>
      </object_component>
      <object_component id="oc-257">
         <name>.debug_info</name>
         <load_address>0xee71</load_address>
         <run_address>0xee71</run_address>
         <size>0xf8</size>
         <input_file_ref idref="fl-e6"/>
      </object_component>
      <object_component id="oc-1b5">
         <name>.debug_info</name>
         <load_address>0xef69</load_address>
         <run_address>0xef69</run_address>
         <size>0x184</size>
         <input_file_ref idref="fl-e6"/>
      </object_component>
      <object_component id="oc-2c5">
         <name>.debug_info</name>
         <load_address>0xf0ed</load_address>
         <run_address>0xf0ed</run_address>
         <size>0x120</size>
         <input_file_ref idref="fl-e6"/>
      </object_component>
      <object_component id="oc-2ca">
         <name>.debug_info</name>
         <load_address>0xf20d</load_address>
         <run_address>0xf20d</run_address>
         <size>0x2c</size>
         <input_file_ref idref="fl-e6"/>
      </object_component>
      <object_component id="oc-250">
         <name>.debug_info</name>
         <load_address>0xf239</load_address>
         <run_address>0xf239</run_address>
         <size>0x2eb</size>
         <input_file_ref idref="fl-e7"/>
      </object_component>
      <object_component id="oc-1a9">
         <name>.debug_info</name>
         <load_address>0xf524</load_address>
         <run_address>0xf524</run_address>
         <size>0x230</size>
         <input_file_ref idref="fl-e7"/>
      </object_component>
      <object_component id="oc-2b3">
         <name>.debug_info</name>
         <load_address>0xf754</load_address>
         <run_address>0xf754</run_address>
         <size>0xbb</size>
         <input_file_ref idref="fl-e7"/>
      </object_component>
      <object_component id="oc-27b">
         <name>.debug_info</name>
         <load_address>0xf80f</load_address>
         <run_address>0xf80f</run_address>
         <size>0xf3</size>
         <input_file_ref idref="fl-e8"/>
      </object_component>
      <object_component id="oc-255">
         <name>.debug_info</name>
         <load_address>0xf902</load_address>
         <run_address>0xf902</run_address>
         <size>0x33c</size>
         <input_file_ref idref="fl-e9"/>
      </object_component>
      <object_component id="oc-1af">
         <name>.debug_info</name>
         <load_address>0xfc3e</load_address>
         <run_address>0xfc3e</run_address>
         <size>0x25a</size>
         <input_file_ref idref="fl-e9"/>
      </object_component>
      <object_component id="oc-2a4">
         <name>.debug_info</name>
         <load_address>0xfe98</load_address>
         <run_address>0xfe98</run_address>
         <size>0x319</size>
         <input_file_ref idref="fl-ea"/>
      </object_component>
      <object_component id="oc-244">
         <name>.debug_info</name>
         <load_address>0x101b1</load_address>
         <run_address>0x101b1</run_address>
         <size>0x1e1</size>
         <input_file_ref idref="fl-ea"/>
      </object_component>
      <object_component id="oc-355">
         <name>.debug_info</name>
         <load_address>0x10392</load_address>
         <run_address>0x10392</run_address>
         <size>0x368</size>
         <input_file_ref idref="fl-eb"/>
      </object_component>
      <object_component id="oc-305">
         <name>.debug_info</name>
         <load_address>0x106fa</load_address>
         <run_address>0x106fa</run_address>
         <size>0x1b1</size>
         <input_file_ref idref="fl-eb"/>
      </object_component>
      <object_component id="oc-35b">
         <name>.debug_info</name>
         <load_address>0x108ab</load_address>
         <run_address>0x108ab</run_address>
         <size>0x36d</size>
         <input_file_ref idref="fl-ec"/>
      </object_component>
      <object_component id="oc-317">
         <name>.debug_info</name>
         <load_address>0x10c18</load_address>
         <run_address>0x10c18</run_address>
         <size>0x205</size>
         <input_file_ref idref="fl-ec"/>
      </object_component>
      <object_component id="oc-351">
         <name>.debug_info</name>
         <load_address>0x10e1d</load_address>
         <run_address>0x10e1d</run_address>
         <size>0x3cb</size>
         <input_file_ref idref="fl-ed"/>
      </object_component>
      <object_component id="oc-2ff">
         <name>.debug_info</name>
         <load_address>0x111e8</load_address>
         <run_address>0x111e8</run_address>
         <size>0x201</size>
         <input_file_ref idref="fl-ed"/>
      </object_component>
      <object_component id="oc-357">
         <name>.debug_info</name>
         <load_address>0x113e9</load_address>
         <run_address>0x113e9</run_address>
         <size>0x36c</size>
         <input_file_ref idref="fl-ee"/>
      </object_component>
      <object_component id="oc-30b">
         <name>.debug_info</name>
         <load_address>0x11755</load_address>
         <run_address>0x11755</run_address>
         <size>0x1f0</size>
         <input_file_ref idref="fl-ee"/>
      </object_component>
      <object_component id="oc-365">
         <name>.debug_info</name>
         <load_address>0x11945</load_address>
         <run_address>0x11945</run_address>
         <size>0x3f3</size>
         <input_file_ref idref="fl-ef"/>
      </object_component>
      <object_component id="oc-323">
         <name>.debug_info</name>
         <load_address>0x11d38</load_address>
         <run_address>0x11d38</run_address>
         <size>0x22b</size>
         <input_file_ref idref="fl-ef"/>
      </object_component>
      <object_component id="oc-35d">
         <name>.debug_info</name>
         <load_address>0x11f63</load_address>
         <run_address>0x11f63</run_address>
         <size>0x3be</size>
         <input_file_ref idref="fl-f0"/>
      </object_component>
      <object_component id="oc-31d">
         <name>.debug_info</name>
         <load_address>0x12321</load_address>
         <run_address>0x12321</run_address>
         <size>0x1bb</size>
         <input_file_ref idref="fl-f0"/>
      </object_component>
[...]
      <symbol id="sm-11d">
         <name>GPIOIntStatus</name>
         <value>0x376d</value>
         <object_component_ref idref="oc-101"/>
      </symbol>
      <symbol id="sm-11e">
         <name>GPIOPinTypeGPIOOutput</name>
         <value>0x369d</value>
         <object_component_ref idref="oc-ef"/>
      </symbol>
      <symbol id="sm-11f">
         <name>GPIODirModeSet</name>
         <value>0x35cd</value>
         <object_component_ref idref="oc-15a"/>
      </symbol>
      <symbol id="sm-120">
         <name>GPIOPinWrite</name>
         <value>0x37b3</value>
         <object_component_ref idref="oc-10d"/>
      </symbol>
      <symbol id="sm-121">
         <name>GPIOPadConfigSet</name>
         <value>0x21c9</value>
         <object_component_ref idref="oc-fb"/>
      </symbol>
      <symbol id="sm-15a">
         <name>IntEnable</name>
         <value>0x2d99</value>
         <object_component_ref idref="oc-18e"/>
      </symbol>
      <symbol id="sm-15b">
         <name>IntRegister</name>
         <value>0x3509</value>
         <object_component_ref idref="oc-188"/>
      </symbol>
      <symbol id="sm-15c">
         <name>g_pfnRAMVectors</name>
         <value>0x20000000</value>
         <object_component_ref idref="oc-23a"/>
      </symbol>
      <symbol id="sm-188">
         <name>SysCtlClockSet</name>
         <value>0x24f5</value>
         <object_component_ref idref="oc-e3"/>
      </symbol>
      <symbol id="sm-189">
         <name>SysCtlDelay</name>
         <value>0x37b9</value>
         <object_component_ref idref="oc-125"/>
      </symbol>
      <symbol id="sm-18a">
         <name>SysCtlPeripheralEnable</name>
         <value>0x353d</value>
         <object_component_ref idref="oc-e9"/>
      </symbol>
      <symbol id="sm-19c">
         <name>_c_int00</name>
         <value>0x322d</value>
         <object_component_ref idref="oc-24"/>
      </symbol>
      <symbol id="sm-19d">
         <name>__stack</name>
         <value>0x2000026c</value>
         <object_component_ref idref="oc-2a"/>
      </symbol>
      <symbol id="sm-1bb">
         <name>__TI_decompress_lzss</name>
         <value>0x2e01</value>
         <object_component_ref idref="oc-12"/>
      </symbol>
      <symbol id="sm-1d2">
         <name>__TI_decompress_none</name>
         <value>0x377b</value>
         <object_component_ref idref="oc-18"/>
      </symbol>
      <symbol id="sm-1e9">
         <name>__TI_zero_init</name>
         <value>0x3795</value>
         <object_component_ref idref="oc-1e"/>
      </symbol>
      <symbol id="sm-20a">
         <name>C$$EXIT</name>
         <value>0x3281</value>
         <object_component_ref idref="oc-72"/>
      </symbol>
      <symbol id="sm-20b">
         <name>abort</name>
         <value>0x3285</value>
         <object_component_ref idref="oc-72"/>
      </symbol>
      <symbol id="sm-20c">
         <name>exit</name>
         <value>0x328d</value>
         <object_component_ref idref="oc-72"/>
      </symbol>
      <symbol id="sm-20d">
         <name>__TI_dtors_ptr</name>
         <value>0x20000638</value>
         <object_component_ref idref="oc-b6"/>
      </symbol>
      <symbol id="sm-20e">
         <name>__TI_cleanup_ptr</name>
         <value>0x20000634</value>
         <object_component_ref idref="oc-b6"/>
      </symbol>
      <symbol id="sm-20f">
         <name>__TI_enable_exit_profile_output</name>
         <value>0x2000063c</value>
         <object_component_ref idref="oc-b6"/>
      </symbol>
      <symbol id="sm-22a">
         <name>memcpy</name>
         <value>0x28f5</value>
         <object_component_ref idref="oc-42"/>
      </symbol>
      <symbol id="sm-22b">
         <name>__aeabi_memcpy</name>
         <value>0x28f5</value>
         <object_component_ref idref="oc-42"/>
      </symbol>
      <symbol id="sm-22c">
         <name>__aeabi_memcpy8</name>
         <value>0x28f5</value>
         <object_component_ref idref="oc-42"/>
      </symbol>
      <symbol id="sm-22d">
         <name>__aeabi_memcpy4</name>
         <value>0x28f5</value>
         <object_component_ref idref="oc-42"/>
      </symbol>
      <symbol id="sm-23c">
         <name>__aeabi_memset</name>
         <value>0x2bcf</value>
         <object_component_ref idref="oc-4e"/>
      </symbol>
      <symbol id="sm-23d">
         <name>memset</name>
         <value>0x2bd5</value>
         <object_component_ref idref="oc-4e"/>
      </symbol>
      <symbol id="sm-23e">
         <name>__aeabi_memset8</name>
         <value>0x2bcf</value>
         <object_component_ref idref="oc-4e"/>
      </symbol>
      <symbol id="sm-23f">
         <name>__aeabi_memset4</name>
         <value>0x2bcf</value>
         <object_component_ref idref="oc-4e"/>
      </symbol>
      <symbol id="sm-240">
         <name>__aeabi_memclr8</name>
         <value>0x2bcd</value>
         <object_component_ref idref="oc-4e"/>
      </symbol>
      <symbol id="sm-241">
         <name>__aeabi_memclr4</name>
         <value>0x2bcd</value>
         <object_component_ref idref="oc-4e"/>
      </symbol>
      <symbol id="sm-242">
         <name>__aeabi_memclr</name>
         <value>0x2bcd</value>
         <object_component_ref idref="oc-4e"/>
      </symbol>
      <symbol id="sm-24c">
         <name>__mpu_init</name>
         <value>0x13ab</value>
         <object_component_ref idref="oc-5a"/>
      </symbol>
      <symbol id="sm-256">
         <name>_system_pre_init</name>
         <value>0x37bf</value>
         <object_component_ref idref="oc-60"/>
      </symbol>
      <symbol id="sm-274">
         <name>printf</name>
         <value>0x2d31</value>
         <object_component_ref idref="oc-107"/>
      </symbol>
      <symbol id="sm-27c">
         <name>main_func_sp</name>
         <value>0x20000660</value>
         <object_component_ref idref="oc-78"/>
      </symbol>
      <symbol id="sm-295">
         <name>_nop</name>
         <value>0x370b</value>
         <object_component_ref idref="oc-13f"/>
      </symbol>
      <symbol id="sm-296">
         <name>_lock</name>
         <value>0x2000064c</value>
         <object_component_ref idref="oc-b9"/>
      </symbol>
      <symbol id="sm-297">
         <name>_unlock</name>
         <value>0x20000650</value>
         <object_component_ref idref="oc-b9"/>
      </symbol>
      <symbol id="sm-298">
         <name>_register_lock</name>
         <value>0x3703</value>
         <object_component_ref idref="oc-13f"/>
      </symbol>
      <symbol id="sm-299">
         <name>_register_unlock</name>
         <value>0x36fd</value>
         <object_component_ref idref="oc-13f"/>
      </symbol>
      <symbol id="sm-39f">
         <name>__TI_printfi</name>
         <value>0xab1</value>
         <object_component_ref idref="oc-171"/>
      </symbol>
      <symbol id="sm-3b3">
         <name>_args_main</name>
         <value>0x36b5</value>
         <object_component_ref idref="oc-6c"/>
      </symbol>
      <symbol id="sm-3c9">
         <name>atoi</name>
         <value>0x3329</value>
         <object_component_ref idref="oc-20a"/>
      </symbol>
      <symbol id="sm-3f3">
         <name>__TI_auto_init</name>
         <value>0x2c49</value>
         <object_component_ref idref="oc-66"/>
      </symbol>
      <symbol id="sm-40d">
         <name>copy_in</name>
         <value>0x3375</value>
         <object_component_ref idref="oc-a0"/>
      </symbol>
      <symbol id="sm-418">
         <name>_ctypes_</name>
         <value>0x37c4</value>
         <object_component_ref idref="oc-281"/>
      </symbol>
      <symbol id="sm-42d">
         <name>__TI_tmpnams</name>
         <value>0x20000788</value>
      </symbol>
      <symbol id="sm-42e">
         <name>__aeabi_stdout</name>
         <value>0x2000062c</value>
         <object_component_ref idref="oc-251"/>
      </symbol>
      <symbol id="sm-42f">
         <name>__aeabi_stderr</name>
         <value>0x20000630</value>
         <object_component_ref idref="oc-251"/>
      </symbol>
      <symbol id="sm-430">
         <name>__aeabi_stdin</name>
         <value>0x20000628</value>
         <object_component_ref idref="oc-251"/>
      </symbol>
      <symbol id="sm-431">
         <name>_ftable</name>
         <value>0x2000046c</value>
         <object_component_ref idref="oc-177"/>
      </symbol>
      <symbol id="sm-432">
         <name>__TI_ft_end</name>
         <value>0x20000624</value>
         <object_component_ref idref="oc-251"/>
      </symbol>
      <symbol id="sm-449">
         <name>__aeabi_dsub</name>
         <value>0x1da9</value>
         <object_component_ref idref="oc-1f3"/>
      </symbol>
      <symbol id="sm-44a">
         <name>__aeabi_dadd</name>
         <value>0x1db3</value>
         <object_component_ref idref="oc-1f3"/>
      </symbol>
      <symbol id="sm-46c">
         <name>__aeabi_cdcmpeq</name>
         <value>0x2ac1</value>
         <object_component_ref idref="oc-1cf"/>
      </symbol>
      <symbol id="sm-46d">
         <name>__aeabi_cdcmple</name>
         <value>0x2ac1</value>
         <object_component_ref idref="oc-1cf"/>
      </symbol>
      <symbol id="sm-46e">
         <name>__aeabi_cdrcmple</name>
         <value>0x2b47</value>
         <object_component_ref idref="oc-1de"/>
      </symbol>
      <symbol id="sm-482">
         <name>__aeabi_ddiv</name>
         <value>0x1f5f</value>
         <object_component_ref idref="oc-1d9"/>
      </symbol>
      <symbol id="sm-48d">
         <name>__aeabi_dmul</name>
         <value>0x22fb</value>
         <object_component_ref idref="oc-1d4"/>
      </symbol>
      <symbol id="sm-497">
         <name>__aeabi_d2iz</name>
         <value>0x33c1</value>
         <object_component_ref idref="oc-1e3"/>
      </symbol>
      <symbol id="sm-4ae">
         <name>putc</name>
         <value>0x2a29</value>
         <object_component_ref idref="oc-165"/>
      </symbol>
      <symbol id="sm-4af">
         <name>fputc</name>
         <value>0x2a29</value>
         <object_component_ref idref="oc-165"/>
      </symbol>
      <symbol id="sm-4b0">
         <name>putchar</name>
         <value>0x2aad</value>
         <object_component_ref idref="oc-165"/>
      </symbol>
      <symbol id="sm-4d2">
         <name>puts</name>
         <value>0x21a1</value>
         <object_component_ref idref="oc-16b"/>
      </symbol>
      <symbol id="sm-4d3">
         <name>fputs</name>
         <value>0x2095</value>
         <object_component_ref idref="oc-16b"/>
      </symbol>
      <symbol id="sm-4dd">
         <name>__aeabi_i2d</name>
         <value>0x3571</value>
         <object_component_ref idref="oc-1ee"/>
      </symbol>
      <symbol id="sm-4ec">
         <name>ltoa</name>
         <value>0x32d5</value>
         <object_component_ref idref="oc-1e8"/>
      </symbol>
      <symbol id="sm-4fc">
         <name>memccpy</name>
         <value>0x3669</value>
         <object_component_ref idref="oc-210"/>
      </symbol>
      <symbol id="sm-50c">
         <name>memchr</name>
         <value>0x3649</value>
         <object_component_ref idref="oc-1c2"/>
      </symbol>
      <symbol id="sm-527">
         <name>frexpl</name>
         <value>0x3005</value>
         <object_component_ref idref="oc-1f8"/>
      </symbol>
      <symbol id="sm-528">
         <name>frexp</name>
         <value>0x3005</value>
         <object_component_ref idref="oc-1f8"/>
      </symbol>
      <symbol id="sm-545">
         <name>scalbn</name>
         <value>0x23f9</value>
         <object_component_ref idref="oc-1fe"/>
      </symbol>
      <symbol id="sm-546">
         <name>scalbnl</name>
         <value>0x23f9</value>
         <object_component_ref idref="oc-1fe"/>
      </symbol>
      <symbol id="sm-547">
         <name>ldexpl</name>
         <value>0x23f9</value>
         <object_component_ref idref="oc-1fe"/>
      </symbol>
      <symbol id="sm-548">
         <name>ldexp</name>
         <value>0x23f9</value>
         <object_component_ref idref="oc-1fe"/>
      </symbol>
      <symbol id="sm-552">
         <name>_system_post_cinit</name>
         <value>0x23f7</value>
         <object_component_ref idref="oc-a6"/>
      </symbol>
      <symbol id="sm-562">
         <name>strchr</name>
         <value>0x36e5</value>
         <object_component_ref idref="oc-204"/>
      </symbol>
      <symbol id="sm-570">
         <name>strlen</name>
         <value>0x3739</value>
         <object_component_ref idref="oc-1bc"/>
      </symbol>
      <symbol id="sm-58c">
         <name>__aeabi_uldivmod</name>
         <value>0x19f1</value>
         <object_component_ref idref="oc-1ca"/>
      </symbol>
      <symbol id="sm-5b2">
         <name>_stream</name>
         <value>0x200005d4</value>
         <object_component_ref idref="oc-256"/>
      </symbol>
      <symbol id="sm-5b3">
         <name>_device</name>
         <value>0x2000055c</value>
         <object_component_ref idref="oc-2be"/>
      </symbol>
      <symbol id="sm-5b4">
         <name>write</name>
         <value>0x3621</value>
         <object_component_ref idref="oc-1b4"/>
      </symbol>
      <symbol id="sm-5d2">
         <name>__TI_wrt_ok</name>
         <value>0x2849</value>
         <object_component_ref idref="oc-1a8"/>
      </symbol>
      <symbol id="sm-5d3">
         <name>__TI_rd_ok</name>
         <value>0x28ab</value>
         <object_component_ref idref="oc-1a8"/>
      </symbol>
      <symbol id="sm-5db">
         <name>errno</name>
         <value>0x20000654</value>
         <object_component_ref idref="oc-27a"/>
      </symbol>
      <symbol id="sm-5f5">
         <name>__TI_doflush</name>
         <value>0x26c5</value>
         <object_component_ref idref="oc-1ae"/>
      </symbol>
      <symbol id="sm-5f6">
         <name>fflush</name>
         <value>0x2711</value>
         <object_component_ref idref="oc-1ae"/>
      </symbol>
      <symbol id="sm-608">
         <name>fseek</name>
         <value>0x2fa1</value>
         <object_component_ref idref="oc-243"/>
      </symbol>
      <symbol id="sm-619">
         <name>HOSTclose</name>
         <value>0x3409</value>
         <object_component_ref idref="oc-304"/>
      </symbol>
      <symbol id="sm-62a">
         <name>HOSTlseek</name>
         <value>0x2e69</value>
         <object_component_ref idref="oc-316"/>
      </symbol>
      <symbol id="sm-63c">
         <name>parmbuf</name>
         <value>0x20000828</value>
      </symbol>
      <symbol id="sm-63d">
         <name>HOSTopen</name>
         <value>0x3069</value>
         <object_component_ref idref="oc-2fe"/>
      </symbol>
      <symbol id="sm-64e">
         <name>HOSTread</name>
         <value>0x3125</value>
         <object_component_ref idref="oc-30a"/>
      </symbol>
      <symbol id="sm-65f">
         <name>HOSTrename</name>
         <value>0x2ed1</value>
         <object_component_ref idref="oc-322"/>
      </symbol>
      <symbol id="sm-670">
         <name>HOSTunlink</name>
         <value>0x344d</value>
         <object_component_ref idref="oc-31c"/>
      </symbol>
      <symbol id="sm-681">
         <name>HOSTwrite</name>
         <value>0x317d</value>
         <object_component_ref idref="oc-310"/>
      </symbol>
      <symbol id="sm-691">
         <name>lseek</name>
         <value>0x35f9</value>
         <object_component_ref idref="oc-29d"/>
      </symbol>
      <symbol id="sm-69b">
         <name>copysign</name>
         <value>0x3711</value>
         <object_component_ref idref="oc-274"/>
      </symbol>
      <symbol id="sm-69c">
         <name>copysignl</name>
         <value>0x3711</value>
         <object_component_ref idref="oc-274"/>
      </symbol>
      <symbol id="sm-6b8">
         <name>setvbuf</name>
         <value>0x25e9</value>
         <object_component_ref idref="oc-249"/>
      </symbol>
      <symbol id="sm-6c6">
         <name>strcpy</name>
         <value>0x3725</value>
         <object_component_ref idref="oc-35e"/>
      </symbol>
      <symbol id="sm-6e1">
         <name>__TI_readmsg</name>
         <value>0x2f6b</value>
         <object_component_ref idref="oc-34a"/>
      </symbol>
      <symbol id="sm-6e2">
         <name>C$$IO$$</name>
         <value>0x2f67</value>
         <object_component_ref idref="oc-34a"/>
      </symbol>
      <symbol id="sm-6e3">
         <name>__CIOBUF_</name>
         <value>0x20000668</value>
         <object_component_ref idref="oc-37c"/>
      </symbol>
      <symbol id="sm-6e4">
         <name>__TI_writemsg</name>
         <value>0x2f39</value>
         <object_component_ref idref="oc-34a"/>
      </symbol>
      <symbol id="sm-71b">
         <name>__TI_cleanup</name>
         <value>0x1cad</value>
         <object_component_ref idref="oc-2ab"/>
      </symbol>
      <symbol id="sm-71c">
         <name>freopen</name>
         <value>0x1cd9</value>
         <object_component_ref idref="oc-2ab"/>
      </symbol>
      <symbol id="sm-71d">
         <name>fopen</name>
         <value>0x1d03</value>
         <object_component_ref idref="oc-2ab"/>
      </symbol>
      <symbol id="sm-78f">
         <name>_sys_memory</name>
         <value>0x20000830</value>
         <object_component_ref idref="oc-2b"/>
      </symbol>
      <symbol id="sm-790">
         <name>free</name>
         <value>0x1497</value>
         <object_component_ref idref="oc-2a5"/>
      </symbol>
      <symbol id="sm-791">
         <name>realloc</name>
         <value>0x1557</value>
         <object_component_ref idref="oc-2a5"/>
      </symbol>
      <symbol id="sm-792">
         <name>memalign</name>
         <value>0x1661</value>
         <object_component_ref idref="oc-2a5"/>
      </symbol>
      <symbol id="sm-793">
         <name>calloc</name>
         <value>0x174d</value>
         <object_component_ref idref="oc-2a5"/>
      </symbol>
      <symbol id="sm-794">
         <name>malloc</name>
         <value>0x142d</value>
         <object_component_ref idref="oc-2a5"/>
      </symbol>
      <symbol id="sm-795">
         <name>minit</name>
         <value>0x13ad</value>
         <object_component_ref idref="oc-2a5"/>
      </symbol>
      <symbol id="sm-7b2">
         <name>open</name>
         <value>0x278d</value>
         <object_component_ref idref="oc-2ed"/>
      </symbol>
      <symbol id="sm-7c8">
         <name>__TI_closefile</name>
         <value>0x2991</value>
         <object_component_ref idref="oc-2f3"/>
      </symbol>
      <symbol id="sm-7c9">
         <name>fclose</name>
         <value>0x29f7</value>
         <object_component_ref idref="oc-2f3"/>
      </symbol>
      <symbol id="sm-7e3">
         <name>finddevice</name>
         <value>0x2cb9</value>
         <object_component_ref idref="oc-330"/>
      </symbol>
      <symbol id="sm-7e4">
         <name>getdevice</name>
         <value>0x2ce3</value>
         <object_component_ref idref="oc-330"/>
      </symbol>
      <symbol id="sm-7f4">
         <name>strcmp</name>
         <value>0x36cd</value>
         <object_component_ref idref="oc-366"/>
      </symbol>
      <symbol id="sm-804">
         <name>strncpy</name>
         <value>0x34d1</value>
         <object_component_ref idref="oc-36c"/>
      </symbol>
      <symbol id="sm-814">
         <name>unlink</name>
         <value>0x35a1</value>
         <object_component_ref idref="oc-33f"/>
      </symbol>
      <symbol id="sm-828">
         <name>close</name>
         <value>0x30c9</value>
         <object_component_ref idref="oc-339"/>
      </symbol>
      <symbol id="sm-829">
         <name>__TI_static_base__</name>
         <value>0x0</value>
      </symbol>
      <symbol id="sm-82c">
         <name>SHT$$INIT_ARRAY$$Limit</name>
         <value>0x0</value>
      </symbol>
      <symbol id="sm-82d">
         <name>SHT$$INIT_ARRAY$$Base</name>
         <value>0x0</value>
      </symbol>
      <symbol id="sm-82e">
         <name>remove</name>
         <value>0x35a1</value>
      </symbol>
   </symbol_table>
   <title>Link successful</title>
</link_info>
