******************************************************************************
                  TI ARM Linker Unix v16.9.6                   
******************************************************************************
>> Linked Wed Feb 21 14:41:54 2018

OUTPUT FILE NAME:   <pwmled_EK_TM4C123GXL_TI.out>
ENTRY POINT SYMBOL: "_c_int00"  address: 00003431


MEMORY CONFIGURATION

         name            origin    length      used     unused   attr    fill
----------------------  --------  ---------  --------  --------  ----  --------
  FLASH                 00000000   00040000  00007118  00038ee8  R  X
  SRAM                  20000000   00008000  0000188e  00006772  RW X


SEGMENT ALLOCATION MAP

run origin  load origin   length   init length attrs members
----------  ----------- ---------- ----------- ----- -------
00000000    00000000    00007120   00007120    r-x
  00000000    00000000    0000003c   0000003c    r-- .resetVecs
  00000040    00000040    00004fc2   00004fc2    r-x .text
  00005004    00005004    00001f12   00001f12    r-- .const
  00006f18    00006f18    00000208   00000208    r-- .cinit
20000000    20000000    00001890   00000000    rw-
  20000000    20000000    00000360   00000000    rw- .vecs
  20000360    20000360    00000e00   00000000    rw- .bss
  20001160    20001160    0000042e   00000000    rw- .data
  20001590    20001590    00000300   00000000    rw- .stack


SECTION ALLOCATION MAP

 output                                  attributes/
section   page    origin      length       input sections
--------  ----  ----------  ----------   ----------------
.text      0    00000040    00004fc2     
                  00000040    00000430     sysbios.aem4f : BIOS.obj (.text:ti_sysbios_family_arm_m3_Hwi_excDumpRegs__I)
                  00000470    0000034c     ti.targets.arm.rtsarm.aem4f : System.oem4f (.text:xdc_runtime_System_doPrint__I)
                  000007bc    00000004     pwmled_pem4f.oem4f (.text:ti_sysbios_BIOS_RtsGateProxy_enter__E)
                  000007c0    000001fc     sysbios.aem4f : BIOS.obj (.text:ti_sysbios_family_arm_m3_Hwi_excHandlerMax__I)
                  000009bc    00000004     pwmled_pem4f.oem4f (.text:ti_sysbios_BIOS_RtsGateProxy_leave__E)
                  000009c0    00000174     sysbios.aem4f : BIOS.obj (.text:ti_sysbios_family_arm_m3_Hwi_excBusFault__I)
                  00000b34    00000170     drivers_tivaware.aem4f : PWMTiva.oem4f (.text:PWMTiva_open)
                  00000ca4    00000004     sysbios.aem4f : BIOS.obj (.text:ti_sysbios_family_arm_lm4_Timer_masterEnable__I)
                  00000ca8    00000164                   : BIOS.obj (.text:ti_sysbios_family_arm_m3_Hwi_excUsageFault__I)
                  00000e0c    00000004     pwmled_pem4f.oem4f (.text:ti_sysbios_family_arm_m3_TaskSupport_Module__startupDone__S)
                  00000e10    00000154     sysbios.aem4f : BIOS.obj (.text:ti_sysbios_knl_Semaphore_pend__E)
                  00000f64    00000150     drivers_tivaware.aem4f : GPIOTiva.oem4f (.text:GPIO_setConfig)
                  000010b4    00000004     pwmled_pem4f.oem4f (.text:ti_sysbios_heaps_HeapMem_Module_GateProxy_enter__E)
                  000010b8    00000148     sysbios.aem4f : BIOS.obj (.text:ti_sysbios_family_arm_m3_Hwi_excMemFault__I)
                  00001200    00000130     driverlib.lib : gpio.obj (.text:GPIOPadConfigSet)
                  00001330    00000118     ti.targets.arm.rtsarm.aem4f : Error.oem4f (.text:xdc_runtime_Error_policyDefault__E)
                  00001448    00000108     sysbios.aem4f : BIOS.obj (.text:ti_sysbios_family_arm_lm4_Timer_start__E)
                  00001550    00000100     Boot.aem4f : Boot_sysctl.oem4f (.text:ti_catalog_arm_cortexm4_tiva_ce_Boot_sysCtlClockSetI__I)
                  00001650    00000100     ti.targets.arm.rtsarm.aem4f : Core-mem.oem4f (.text:xdc_runtime_Core_createObject__I)
                  00001750    000000f8                                 : Startup.oem4f (.text:xdc_runtime_Startup_startMods__I)
                  00001848    000000f8     pwmled_pem4f.oem4f (.text:xdc_runtime_System_printfExtend__I)
                  00001940    000000f4     sysbios.aem4f : m3_Hwi_asm.obj (.text:ti_sysbios_family_arm_m3_Hwi_dispatch__I)
                  00001a34    000000f0     drivers_tivaware.aem4f : PWMTiva.oem4f (.text:PWMTiva_setDuty)
                  00001b24    00000004     pwmled_pem4f.oem4f (.text:ti_sysbios_heaps_HeapMem_Module_GateProxy_leave__E)
                  00001b28    000000dc     sysbios.aem4f : BIOS.obj (.text:ti_sysbios_knl_Task_sleep__E)
                  00001c04    000000d8     pwmled.obj (.text:pwmLEDFxn)
                  00001cdc    000000d4     pwmled.obj (.text:main)
                  00001db0    000000d4     sysbios.aem4f : BIOS.obj (.text:ti_sysbios_heaps_HeapMem_alloc__E)
                  00001e84    00000004     pwmled_pem4f.oem4f (.text:ti_sysbios_knl_Clock_TimerProxy_getMaxTicks__E)
                  00001e88    000000cc     sysbios.aem4f : BIOS.obj (.text:ti_sysbios_knl_Task_Instance_init__E)
                  00001f54    000000cc     ti.targets.arm.rtsarm.aem4f : Core-smem.oem4f (.text:xdc_runtime_Core_constructObject__I)
                  00002020    000000bc     sysbios.aem4f : BIOS.obj (.text:ti_sysbios_family_arm_m3_Hwi_excDebugMon__I)
                  000020dc    00000004     pwmled_pem4f.oem4f (.text:ti_sysbios_knl_Queue_destruct)
                  000020e0    000000bc     sysbios.aem4f : BIOS.obj (.text:ti_sysbios_family_arm_m3_Hwi_excHardFault__I)
                  0000219c    00000004     pwmled_pem4f.oem4f (.text:ti_sysbios_knl_Semaphore_destruct)
                  000021a0    000000bc     sysbios.aem4f : BIOS.obj (.text:ti_sysbios_knl_Task_Instance_finalize__E)
                  0000225c    00000004     ti.targets.arm.rtsarm.aem4f : Error.oem4f (.text:xdc_runtime_Error_getSite__E)
                  00002260    000000b4     sysbios.aem4f : BIOS.obj (.text:ti_sysbios_knl_Task_checkStacks__E)
                  00002314    00000004     pwmled_pem4f.oem4f (.text:xdc_runtime_System_Module_GateProxy_enter__E)
                  00002318    000000ac     sysbios.aem4f : BIOS.obj (.text:ti_sysbios_family_arm_lm4_Timer_enableTiva__I)
                  000023c4    000000a0     auto_init.aem4f : auto_init.oem4f (.text)
                  00002464    000000a0     ti.targets.arm.rtsarm.aem4f : Text.oem4f (.text:xdc_runtime_Text_putMod__E)
                  00002504    0000009c     rtsv7M4_T_le_v4SPD16_eabi.lib : memcpy_t2.obj (.text)
                  000025a0    0000009a     ti.targets.arm.rtsarm.aem4f : Text.oem4f (.text:xdc_runtime_Text_putSite__E)
                  0000263a    00000002     rtsv7M4_T_le_v4SPD16_eabi.lib : i_div0.obj (.text)
                  0000263c    00000098     Boot.aem4f : Boot.oem4f (.text:ti_catalog_arm_cortexm4_tiva_ce_Boot_sysCtlClockSet__E)
                  000026d4    00000004     pwmled_pem4f.oem4f (.text:xdc_runtime_System_Module_GateProxy_leave__E)
                  000026d8    00000094     sysbios.aem4f : BIOS.obj (.text:ti_sysbios_family_arm_m3_Hwi_Instance_init__E)
                  0000276c    00000004     ti.targets.arm.rtsarm.aem4f : System.oem4f (.text:xdc_runtime_System_aprintf_va__F)
                  00002770    00000094     sysbios.aem4f : BIOS.obj (.text:ti_sysbios_family_arm_m3_Hwi_initNVIC__E)
                  00002804    00000004     ti.targets.arm.rtsarm.aem4f : System.oem4f (.text:xdc_runtime_System_printf_va__F)
                  00002808    00000094     sysbios.aem4f : BIOS.obj (.text:ti_sysbios_knl_Task_postInit__I)
                  0000289c    0000008c     drivers_tivaware.aem4f : GPIOTiva.oem4f (.text:GPIO_init)
                  00002928    0000008c     sysbios.aem4f : m3_TaskSupport_asm.obj (.text:ti_sysbios_family_arm_m3_TaskSupport_buildTaskStack)
                  000029b4    00000088     drivers_tivaware.aem4f : PWMTiva.oem4f (.text:PWMTiva_control)
                  00002a3c    00000002     pwmled_pem4f.oem4f (.text:ti_sysbios_BIOS_nullFunc__I)
                  00002a3e    00000002     pwmled_pem4f.oem4f (.text:xdc_runtime_Startup_reset__I)
                  00002a40    00000084     sysbios.aem4f : BIOS.obj (.text:ti_sysbios_family_arm_m3_Hwi_postInit__I)
                  00002ac4    00000004     --HOLE-- [fill = 0]
                  00002ac8    0000007c                   : BIOS.obj (.text:ti_sysbios_heaps_HeapMem_free__E)
                  00002b44    0000007a     rtsv7M4_T_le_v4SPD16_eabi.lib : memset_t2.obj (.text)
                  00002bbe    00000002     --HOLE-- [fill = 0]
                  00002bc0    00000070     sysbios.aem4f : BIOS.obj (.text:ti_sysbios_knl_Clock_workFunc__E)
                  00002c30    00000070                   : BIOS.obj (.text:ti_sysbios_knl_Task_exit__E)
                  00002ca0    0000006d     ti.targets.arm.rtsarm.aem4f : System.oem4f (.text:xdc_runtime_System_formatNum__I)
                  00002d0d    00000003     --HOLE-- [fill = 0]
                  00002d10    0000006c     sysbios.aem4f : BIOS.obj (.text:ti_sysbios_knl_Swi_restoreHwi__E)
                  00002d7c    0000006c     ti.targets.arm.rtsarm.aem4f : Error.oem4f (.text:xdc_runtime_Error_print__E)
                  00002de8    0000006c                                 : Memory.oem4f (.text:xdc_runtime_Memory_alloc__E)
                  00002e54    0000006a     drivers_tivaware.aem4f : PWMTiva.oem4f (.text:PWMTiva_close)
                  00002ebe    00000068     rtsv7M4_T_le_v4SPD16_eabi.lib : copy_decompress_lzss.obj (.text:decompress:lzss)
                  00002f26    00000002     --HOLE-- [fill = 0]
                  00002f28    00000068                                   : trgmsg.obj (.text)
                  00002f90    00000066     ti.targets.arm.rtsarm.aem4f : Core-mem.oem4f (.text:xdc_runtime_Core_deleteObject__I)
                  00002ff6    00000002     --HOLE-- [fill = 0]
                  00002ff8    00000064     drivers_tivaware.aem4f : GPIOTiva.oem4f (.text:GPIO_hwiIntFxn)
                  0000305c    00000004     --HOLE-- [fill = 0]
                  00003060    00000064     sysbios.aem4f : BIOS.obj (.text:ti_sysbios_family_arm_lm4_Timer_Module_startup__E)
                  000030c4    00000064     pwmled_pem4f.oem4f (.text:ti_sysbios_family_arm_m3_Hwi_create)
                  00003128    00000064     sysbios.aem4f : BIOS.obj (.text:ti_sysbios_family_arm_m3_Hwi_dispatchC__I)
                  0000318c    00000004     --HOLE-- [fill = 0]
                  00003190    00000064                   : BIOS.obj (.text:ti_sysbios_knl_Semaphore_post__E)
                  000031f4    00000004     --HOLE-- [fill = 0]
                  000031f8    00000060                   : BIOS.obj (.text:ti_sysbios_knl_Task_schedule__I)
                  00003258    0000005c                   : BIOS.obj (.text:ti_sysbios_knl_Swi_run__I)
                  000032b4    00000004     --HOLE-- [fill = 0]
                  000032b8    0000005c                   : BIOS.obj (.text:ti_sysbios_knl_Swi_schedule__I)
                  00003314    00000004     --HOLE-- [fill = 0]
                  00003318    0000005c                   : BIOS.obj (.text:ti_sysbios_knl_Task_Module_startup__E)
                  00003374    00000004     --HOLE-- [fill = 0]
                  00003378    0000005c                   : BIOS.obj (.text:ti_sysbios_knl_Task_startCore__E)
                  000033d4    0000005b     ti.targets.arm.rtsarm.aem4f : Text.oem4f (.text:xdc_runtime_Text_putLab__E)
                  0000342f    00000001     --HOLE-- [fill = 0]
                  00003430    00000058     boot.aem4f : boot.oem4f (.text)
                  00003488    00000058     rtsv7M4_T_le_v4SPD16_eabi.lib : hostwrite.obj (.text)
                  000034e0    00000058     sysbios.aem4f : m3_Hwi_asm_switch.obj (.text:ti_sysbios_family_arm_m3_Hwi_initStacks__E)
                  00003538    00000056     driverlib.lib : gpio.obj (.text:GPIOIntTypeSet)
                  0000358e    00000002     --HOLE-- [fill = 0]
                  00003590    00000054     rtsv7M4_T_le_v4SPD16_eabi.lib : exit.obj (.text)
                  000035e4    00000004     --HOLE-- [fill = 0]
                  000035e8    00000054     sysbios.aem4f : BIOS.obj (.text:ti_sysbios_family_arm_lm4_Timer_initDevice__I)
                  0000363c    00000054     pwmled_pem4f.oem4f (.text:ti_sysbios_knl_Task_construct)
                  00003690    00000054     ti.targets.arm.rtsarm.aem4f : Assert.oem4f (.text:xdc_runtime_Assert_raise__I)
                  000036e4    00000050     drivers_tivaware.aem4f : GPIOTiva.oem4f (.text:GPIO_setCallback)
                  00003734    00000050                            : GPIOTiva.oem4f (.text:GPIO_write)
                  00003784    00000004     --HOLE-- [fill = 0]
                  00003788    00000050     sysbios.aem4f : BIOS.obj (.text:ti_sysbios_family_arm_m3_Hwi_Module_startup__E)
                  000037d8    00000050     ti.targets.arm.rtsarm.aem4f : Startup.oem4f (.text:xdc_runtime_Startup_exec__E)
                  00003828    00000050                                 : Text.oem4f (.text:xdc_runtime_Text_visitRope2__I)
                  00003878    0000004c     rtsv7M4_T_le_v4SPD16_eabi.lib : cpy_tbl.obj (.text)
                  000038c4    00000004     --HOLE-- [fill = 0]
                  000038c8    0000004c     sysbios.aem4f : BIOS.obj (.text:ti_sysbios_heaps_HeapMem_getStats__E)
                  00003914    00000004     --HOLE-- [fill = 0]
                  00003918    0000004c                   : BIOS.obj (.text:ti_sysbios_knl_Swi_runLoop__I)
                  00003964    00000004     --HOLE-- [fill = 0]
                  00003968    0000004c                   : BIOS.obj (.text:ti_sysbios_knl_Task_allBlockedFunction__I)
                  000039b4    00000048     driverlib.lib : gpio.obj (.text:GPIOPinConfigure)
                  000039fc    00000004     --HOLE-- [fill = 0]
                  00003a00    00000048     sysbios.aem4f : BIOS.obj (.text:ti_sysbios_family_arm_lm4_Timer_enableTimers__I)
                  00003a48    00000048                   : BIOS.obj (.text:ti_sysbios_family_arm_m3_Hwi_disableInterrupt__E)
                  00003a90    00000048                   : BIOS.obj (.text:ti_sysbios_family_arm_m3_Hwi_enableInterrupt__E)
                  00003ad8    00000048                   : BIOS.obj (.text:ti_sysbios_family_arm_m3_Hwi_excReserved__I)
                  00003b20    00000046     ti.targets.arm.rtsarm.aem4f : Core-params.oem4f (.text:xdc_runtime_Core_assignParams__I)
                  00003b66    00000002     --HOLE-- [fill = 0]
                  00003b68    00000044     sysbios.aem4f : BIOS.obj (.text:ti_sysbios_family_arm_lm4_Timer_isrStub__E)
                  00003bac    00000004     --HOLE-- [fill = 0]
                  00003bb0    00000044                   : BIOS.obj (.text:ti_sysbios_family_arm_m3_Hwi_getStackInfo__E)
                  00003bf4    00000004     --HOLE-- [fill = 0]
                  00003bf8    00000044                   : BIOS.obj (.text:ti_sysbios_knl_Swi_post__E)
                  00003c3c    00000044     ti.targets.arm.rtsarm.aem4f : Error.oem4f (.text:xdc_runtime_Error_setX__E)
                  00003c80    00000044                                 : SysMin.oem4f (.text:xdc_runtime_SysMin_flush__E)
                  00003cc4    00000044                                 : Text.oem4f (.text:xdc_runtime_Text_xprintf__I)
                  00003d08    00000040     EK_TM4C123GXL.obj (.text:EK_TM4C123GXL_initGeneral)
                  00003d48    00000040     rtsv7M4_T_le_v4SPD16_eabi.lib : u_divt2.obj (.text)
                  00003d88    00000040     sysbios.aem4f : BIOS.obj (.text:ti_sysbios_family_arm_lm4_Timer_startup__E)
                  00003dc8    00000040                   : BIOS.obj (.text:ti_sysbios_heaps_HeapMem_Instance_init__E)
                  00003e08    0000003c                   : BIOS.obj (.text:ti_sysbios_family_arm_m3_Hwi_excSvCall__I)
                  00003e44    00000004     --HOLE-- [fill = 0]
                  00003e48    0000003c                   : BIOS.obj (.text:ti_sysbios_heaps_HeapMem_init__I)
                  00003e84    00000004     --HOLE-- [fill = 0]
                  00003e88    0000003c                   : BIOS.obj (.text:ti_sysbios_knl_Swi_restore__E)
                  00003ec4    00000038     drivers_tivaware.aem4f : PWM.oem4f (.text:PWM_init)
                  00003efc    00000004     --HOLE-- [fill = 0]
                  00003f00    00000038     sysbios.aem4f : BIOS.obj (.text:ti_sysbios_family_arm_m3_Hwi_excNoIsr__I)
                  00003f38    00000038                   : BIOS.obj (.text:ti_sysbios_knl_Task_processVitalTaskFlag__I)
                  00003f70    00000038     ti.targets.arm.rtsarm.aem4f : SysMin.oem4f (.text:xdc_runtime_SysMin_putch__E)
                  00003fa8    00000038                                 : System.oem4f (.text:xdc_runtime_System_atexit__E)
                  00003fe0    00000034     EK_TM4C123GXL.obj (.text:EK_TM4C123GXL_initPWM)
                  00004014    00000034     driverlib.lib : sysctl.obj (.text:SysCtlPeripheralEnable)
                  00004048    00000034     sysbios.aem4f : BIOS.obj (.text:ti_sysbios_family_arm_m3_Hwi_Instance_finalize__E)
                  0000407c    00000004     --HOLE-- [fill = 0]
                  00004080    00000034                   : BIOS.obj (.text:ti_sysbios_family_arm_m3_Hwi_excNmi__I)
                  000040b4    00000004     --HOLE-- [fill = 0]
                  000040b8    00000034                   : BIOS.obj (.text:ti_sysbios_hal_Hwi_checkStack)
                  000040ec    00000034     ti.targets.arm.rtsarm.aem4f : Core-label.oem4f (.text:xdc_runtime_Core_assignLabel__I)
                  00004120    00000033                                 : Text.oem4f (.text:xdc_runtime_Text_printVisFxn__I)
                  00004153    00000005     --HOLE-- [fill = 0]
                  00004158    00000032     sysbios.aem4f : BIOS.obj (.text:ti_sysbios_hal_Hwi_initStack)
                  0000418a    00000002     --HOLE-- [fill = 0]
                  0000418c    00000030     EK_TM4C123GXL.obj (.text:EK_TM4C123GXL_initGPIO)
                  000041bc    00000030     drivers_tivaware.aem4f : PWMTiva.oem4f (.text:PWMTiva_init)
                  000041ec    00000030                            : PWM.oem4f (.text:PWM_open)
                  0000421c    00000030     pwmled_pem4f.oem4f (.text:ti_sysbios_BIOS_atExitFunc__I)
                  0000424c    00000004     --HOLE-- [fill = 0]
                  00004250    00000030     sysbios.aem4f : BIOS.obj (.text:ti_sysbios_family_arm_lm4_Timer_stop__E)
                  00004280    00000030                   : BIOS.obj (.text:ti_sysbios_family_arm_m3_TaskSupport_start__E)
                  000042b0    00000030     pwmled_pem4f.oem4f (.text:ti_sysbios_gates_GateHwi_Object__create__S)
                  000042e0    00000030     pwmled_pem4f.oem4f (.text:ti_sysbios_gates_GateMutex_Object__create__S)
                  00004310    00000030     sysbios.aem4f : BIOS.obj (.text:ti_sysbios_gates_GateMutex_enter__E)
                  00004340    00000030     pwmled_pem4f.oem4f (.text:ti_sysbios_heaps_HeapMem_Object__create__S)
                  00004370    00000030     pwmled_pem4f.oem4f (.text:ti_sysbios_knl_Semaphore_construct)
                  000043a0    00000030     sysbios.aem4f : BIOS.obj (.text:ti_sysbios_knl_Semaphore_pendTimeout__I)
                  000043d0    00000030                   : BIOS.obj (.text:ti_sysbios_knl_Task_unblockI__E)
                  00004400    00000030     ti.targets.arm.rtsarm.aem4f : SysMin.oem4f (.text:xdc_runtime_SysMin_abort__E)
                  00004430    00000030                                 : System.oem4f (.text:xdc_runtime_System_processAtExit__E)
                  00004460    0000002c     pwmled_pem4f.oem4f (.text:ti_sysbios_knl_Clock_doTick__I)
                  0000448c    0000002c     pwmled_pem4f.oem4f (.text:ti_sysbios_knl_Queue_construct)
                  000044b8    0000002c     sysbios.aem4f : BIOS.obj (.text:ti_sysbios_knl_Task_restore__E)
                  000044e4    0000002c     ti.targets.arm.rtsarm.aem4f : Text.oem4f (.text:xdc_runtime_Text_cordText__E)
                  00004510    0000002a     driverlib.lib : gpio.obj (.text:GPIODirModeSet)
                  0000453a    0000002a     ti.targets.arm.rtsarm.aem4f : System.oem4f (.text:xdc_runtime_System_putchar__I)
                  00004564    00000004     --HOLE-- [fill = 0]
                  00004568    00000028     sysbios.aem4f : BIOS.obj (.text:ti_sysbios_knl_Swi_Module_startup__E)
                  00004590    00000026                   : m3_Hwi_asm.obj (.text:ti_sysbios_family_arm_m3_Hwi_pendSV__I)
                  000045b6    00000026     ti.targets.arm.rtsarm.aem4f : System.oem4f (.text:xdc_runtime_System_avprintf__E)
                  000045dc    00000024     pwmled_pem4f.oem4f (.text:ti_sysbios_BIOS_errorRaiseHook__I)
                  00004600    00000024     pwmled_pem4f.oem4f (.text:ti_sysbios_BIOS_registerRTSLock__I)
                  00004624    00000024     pwmled_pem4f.oem4f (.text:ti_sysbios_BIOS_removeRTSLock__I)
                  00004648    00000024     pwmled_pem4f.oem4f (.text:ti_sysbios_BIOS_startFunc__I)
                  0000466c    00000024     pwmled_pem4f.oem4f (.text:ti_sysbios_gates_GateMutex_Object__delete__S)
                  00004690    00000024     sysbios.aem4f : BIOS.obj (.text:ti_sysbios_knl_Clock_Module_startup__E)
                  000046b4    00000004     --HOLE-- [fill = 0]
                  000046b8    00000024                   : BIOS.obj (.text:ti_sysbios_knl_Semaphore_Instance_init__E)
                  000046dc    00000004     --HOLE-- [fill = 0]
                  000046e0    00000024                   : BIOS.obj (.text:ti_sysbios_knl_Task_restoreHwi__E)
                  00004704    00000024     ti.targets.arm.rtsarm.aem4f : System.oem4f (.text:xdc_runtime_System_vprintf__E)
                  00004728    00000022     driverlib.lib : pwm.obj (.text:PWMGenConfigure)
                  0000474a    00000022     drivers_tivaware.aem4f : PWMTiva.oem4f (.text:PWMTiva_getPeriodCounts)
                  0000476c    00000004     --HOLE-- [fill = 0]
                  00004770    00000022     sysbios.aem4f : BIOS.obj (.text:ti_sysbios_family_arm_lm4_Timer_write__I)
                  00004792    00000022     pwmled_pem4f.oem4f (.text:xdc_runtime_SysMin_output__I)
                  000047b4    00000020     pwmled_pem4f.oem4f (.text:ti_sysbios_BIOS_rtsLock__I)
                  000047d4    00000020     sysbios.aem4f : m3_Hwi_asm.obj (.text:ti_sysbios_family_arm_m3_Hwi_excHandlerAsm__I)
                  000047f4    00000004     --HOLE-- [fill = 0]
                  000047f8    00000020                   : BIOS.obj (.text:ti_sysbios_family_arm_m3_Hwi_excHandler__I)
                  00004818    00000020     pwmled_pem4f.oem4f (.text:ti_sysbios_gates_GateHwi_Object__delete__S)
                  00004838    00000020     pwmled_pem4f.oem4f (.text:ti_sysbios_heaps_HeapMem_Object__delete__S)
                  00004858    00000020     sysbios.aem4f : BIOS.obj (.text:ti_sysbios_knl_Idle_run__E)
                  00004878    00000020     pwmled_pem4f.oem4f (.text:ti_sysbios_knl_Semaphore_Object__destruct__S)
                  00004898    00000020     ti.targets.arm.rtsarm.aem4f : Registry.oem4f (.text:xdc_runtime_Registry_findById__E)
                  000048b8    00000020                                 : SysMin.oem4f (.text:xdc_runtime_SysMin_Module_startup__E)
                  000048d8    0000001e     driverlib.lib : pwm.obj (.text:PWMPulseWidthSet)
                  000048f6    0000001e     drivers_tivaware.aem4f : PWMTiva.oem4f (.text:PWMTiva_getPeriodMicroSecs)
                  00004914    0000001e     sysbios.aem4f : m3_Hwi_asm_switch.obj (.text:ti_sysbios_family_xxx_Hwi_switchAndRunFunc)
                  00004932    0000001c     drivers_tivaware.aem4f : GPIOTiva.oem4f (.text:getGpioIntIndex)
                  0000494e    00000002     --HOLE-- [fill = 0]
                  00004950    0000001c     sysbios.aem4f : BIOS.obj (.text:ti_sysbios_gates_GateMutex_Instance_init__E)
                  0000496c    0000001c     pwmled_pem4f.oem4f (.text:ti_sysbios_knl_Queue_Object__destruct__S)
                  00004988    0000001c     sysbios.aem4f : BIOS.obj (.text:ti_sysbios_knl_Queue_put__E)
                  000049a4    00000004     --HOLE-- [fill = 0]
                  000049a8    0000001c                   : BIOS.obj (.text:ti_sysbios_knl_Task_enter__I)
                  000049c4    0000001c     ti.targets.arm.rtsarm.aem4f : Error.oem4f (.text:xdc_runtime_Error_raiseX__E)
                  000049e0    0000001c                                 : Memory.oem4f (.text:xdc_runtime_Memory_valloc__E)
                  000049fc    0000001c                                 : SysMin.oem4f (.text:xdc_runtime_SysMin_exit__E)
                  00004a18    0000001c                                 : System.oem4f (.text:xdc_runtime_System_abort__E)
                  00004a34    0000001a     pwmled_pem4f.oem4f (.text:ti_sysbios_family_arm_m3_Hwi_Handle__label__S)
                  00004a4e    0000001a     pwmled_pem4f.oem4f (.text:ti_sysbios_gates_GateHwi_Handle__label__S)
                  00004a68    0000001a     pwmled_pem4f.oem4f (.text:ti_sysbios_gates_GateMutex_Handle__label__S)
                  00004a82    0000001a     pwmled_pem4f.oem4f (.text:ti_sysbios_heaps_HeapMem_Handle__label__S)
                  00004a9c    0000001a     pwmled_pem4f.oem4f (.text:ti_sysbios_knl_Swi_Handle__label__S)
                  00004ab6    0000001a     pwmled_pem4f.oem4f (.text:ti_sysbios_knl_Task_Handle__label__S)
                  00004ad0    0000001a     pwmled_pem4f.oem4f (.text:xdc_runtime_System_aprintf__E)
                  00004aea    0000001a     pwmled_pem4f.oem4f (.text:xdc_runtime_System_printf__E)
                  00004b04    00000018     rtsv7M4_T_le_v4SPD16_eabi.lib : args_main.obj (.text)
                  00004b1c    00000018     pwmled_pem4f.oem4f (.text:ti_sysbios_BIOS_rtsUnlock__I)
                  00004b34    00000018     pwmled_pem4f.oem4f (.text:ti_sysbios_family_arm_lm4_Timer_Module__startupDone__F)
                  00004b4c    00000018     pwmled_pem4f.oem4f (.text:ti_sysbios_family_arm_m3_Hwi_Module__startupDone__F)
                  00004b64    00000018     sysbios.aem4f : m3_TaskSupport_asm.obj (.text:ti_sysbios_family_arm_m3_TaskSupport_swap__E)
                  00004b7c    00000004     --HOLE-- [fill = 0]
                  00004b80    00000018                   : BIOS.obj (.text:ti_sysbios_gates_GateMutex_leave__E)
                  00004b98    00000018                   : BIOS.obj (.text:ti_sysbios_knl_Task_sleepTimeout__I)
                  00004bb0    00000018     ti.targets.arm.rtsarm.aem4f : Error.oem4f (.text:xdc_runtime_Error_check__E)
                  00004bc8    00000018                                 : System.oem4f (.text:xdc_runtime_System_exit__E)
                  00004be0    00000018                                 : Text.oem4f (.text:xdc_runtime_Text_ropeText__E)
                  00004bf8    00000016     pwmled_pem4f.oem4f (.text:ti_sysbios_BIOS_exitFunc__I)
                  00004c0e    00000016     pwmled.obj (.text:ti_sysbios_knl_Task_Params_init)
                  00004c24    00000014     driverlib.lib : pwm.obj (.text:PWMClockSet)
                  00004c38    00000014                   : sysctl.obj (.text:SysCtlPWMClockSet)
                  00004c4c    00000014     rtsv7M4_T_le_v4SPD16_eabi.lib : _lock.obj (.text)
                  00004c60    00000014                                   : strlen.obj (.text)
                  00004c74    00000014     pwmled_pem4f.oem4f (.text:ti_sysbios_family_arm_m3_Hwi_Object__get__S)
                  00004c88    00000014     sysbios.aem4f : BIOS.obj (.text:ti_sysbios_family_arm_m3_Hwi_switchFromBootStack__E)
                  00004c9c    00000014     pwmled_pem4f.oem4f (.text:ti_sysbios_heaps_HeapMem_Object__get__S)
                  00004cb0    00000014     pwmled_pem4f.oem4f (.text:ti_sysbios_knl_Swi_Object__get__S)
                  00004cc4    00000012     driverlib.lib : gpio.obj (.text:GPIOPinTypeGPIOInput)
                  00004cd6    00000012                   : gpio.obj (.text:GPIOPinTypePWM)
                  00004ce8    00000012                   : pwm.obj (.text:PWMGenPeriodGet)
                  00004cfa    00000012                   : pwm.obj (.text:PWMOutputInvert)
                  00004d0c    00000012                   : pwm.obj (.text:PWMOutputState)
                  00004d1e    00000002     --HOLE-- [fill = 0]
                  00004d20    00000012     sysbios.aem4f : BIOS.obj (.text:ti_sysbios_hal_Hwi_Module_startup__E)
                  00004d32    00000012     pwmled_pem4f.oem4f (.text:xdc_runtime_Startup_exec__I)
                  00004d44    00000010     driverlib.lib : pwm.obj (.text:PWMGenPeriodSet)
                  00004d54    00000010     drivers_tivaware.aem4f : PWM.oem4f (.text:PWM_Params_init)
                  00004d64    00000004     --HOLE-- [fill = 0]
                  00004d68    00000010     sysbios.aem4f : BIOS.obj (.text:ti_sysbios_BIOS_getCpuFreq__E)
                  00004d78    00000010                   : BIOS.obj (.text:ti_sysbios_BIOS_setThreadType__E)
                  00004d88    00000010                   : BIOS.obj (.text:ti_sysbios_BIOS_start__E)
                  00004d98    00000010                   : m3_TaskSupport_asm.obj (.text:ti_sysbios_family_arm_m3_TaskSupport_glue)
                  00004da8    00000010                   : BIOS.obj (.text:ti_sysbios_gates_GateMutex_Instance_finalize__E)
                  00004db8    00000010                   : BIOS.obj (.text:ti_sysbios_knl_Semaphore_Instance_finalize__E)
                  00004dc8    00000010                   : BIOS.obj (.text:ti_sysbios_knl_Swi_disable__E)
                  00004dd8    00000010     pwmled_pem4f.oem4f (.text:ti_sysbios_knl_Task_Object__get__S)
                  00004de8    00000010     sysbios.aem4f : BIOS.obj (.text:ti_sysbios_knl_Task_disable__E)
                  00004df8    00000010     ti.targets.arm.rtsarm.aem4f : Gate.oem4f (.text:xdc_runtime_Gate_leaveSystem__E)
                  00004e08    00000010                                 : Memory.oem4f (.text:xdc_runtime_Memory_free__E)
                  00004e18    00000010                                 : SysMin.oem4f (.text:xdc_runtime_SysMin_ready__E)
                  00004e28    00000010                                 : System.oem4f (.text:xdc_runtime_System_vsnprintf__E)
                  00004e38    00000010     pwmled_pem4f.oem4f (.text:xdc_runtime_Text_visitRope__I)
                  00004e48    0000000e     driverlib.lib : gpio.obj (.text:GPIOIntStatus)
                  00004e56    0000000e     rtsv7M4_T_le_v4SPD16_eabi.lib : copy_decompress_none.obj (.text:decompress:none)
                  00004e64    00000004     --HOLE-- [fill = 0]
                  00004e68    0000000e     sysbios.aem4f : BIOS.obj (.text:ti_sysbios_knl_Idle_loop__E)
                  00004e76    00000002     --HOLE-- [fill = 0]
                  00004e78    0000000e                   : BIOS.obj (.text:ti_sysbios_knl_Queue_empty__E)
                  00004e86    00000002     --HOLE-- [fill = 0]
                  00004e88    0000000c     pwmled_pem4f.oem4f (.text:.bootCodeSection:ti_catalog_arm_cortexm4_tiva_ce_Boot_init__I)
                  00004e94    0000000c     driverlib.lib : pwm.obj (.text:PWMGenDisable)
                  00004ea0    0000000c                   : pwm.obj (.text:PWMGenEnable)
                  00004eac    0000000c     rtsv7M4_T_le_v4SPD16_eabi.lib : copy_zero_init.obj (.text:decompress:ZI)
                  00004eb8    0000000c     sysbios.aem4f : BIOS.obj (.text:ti_sysbios_family_arm_lm4_Timer_getMaxTicks__E)
                  00004ec4    0000000c     pwmled_pem4f.oem4f (.text:ti_sysbios_family_arm_m3_Hwi_Params__init__S)
                  00004ed0    0000000c     sysbios.aem4f : BIOS.obj (.text:ti_sysbios_family_arm_m3_Hwi_disableFxn__E)
                  00004edc    00000004     --HOLE-- [fill = 0]
                  00004ee0    0000000c                   : BIOS.obj (.text:ti_sysbios_family_arm_m3_TaskSupport_checkStack__E)
                  00004eec    00000004     --HOLE-- [fill = 0]
                  00004ef0    0000000c                   : BIOS.obj (.text:ti_sysbios_family_arm_m3_TaskSupport_getStackAlignment__E)
                  00004efc    00000004     --HOLE-- [fill = 0]
                  00004f00    0000000c                   : BIOS.obj (.text:ti_sysbios_gates_GateHwi_enter__E)
                  00004f0c    0000000c     pwmled_pem4f.oem4f (.text:ti_sysbios_knl_Queue_Object__get__S)
                  00004f18    0000000c     pwmled_pem4f.oem4f (.text:ti_sysbios_knl_Task_Params__init__S)
                  00004f24    0000000c     pwmled.obj (.text:ti_sysbios_knl_Task_handle)
                  00004f30    0000000c     ti.targets.arm.rtsarm.aem4f : Error.oem4f (.text:xdc_runtime_Error_init__E)
                  00004f3c    0000000c                                 : Gate.oem4f (.text:xdc_runtime_Gate_enterSystem__E)
                  00004f48    0000000c                                 : Memory.oem4f (.text:xdc_runtime_Memory_calloc__E)
                  00004f54    0000000c                                 : Memory.oem4f (.text:xdc_runtime_Memory_getMaxDefaultTypeAlign__E)
                  00004f60    0000000a     drivers_tivaware.aem4f : PWM.oem4f (.text:PWM_setDuty)
                  00004f6a    0000000a     pwmled_pem4f.oem4f (.text:xdc_runtime_IHeap_alloc)
                  00004f74    0000000a     pwmled_pem4f.oem4f (.text:xdc_runtime_IHeap_free)
                  00004f7e    00000008     sysbios.aem4f : BIOS.obj (.text:ti_sysbios_family_arm_lm4_Timer_masterDisable__I)
                  00004f86    00000002     --HOLE-- [fill = 0]
                  00004f88    00000008                   : BIOS.obj (.text:ti_sysbios_family_arm_m3_Hwi_doSwiRestore__I)
                  00004f90    00000008                   : BIOS.obj (.text:ti_sysbios_family_arm_m3_Hwi_startup__E)
                  00004f98    00000006     driverlib.lib : gpio.obj (.text:GPIOIntClear)
                  00004f9e    00000006                   : gpio.obj (.text:GPIOPinWrite)
                  00004fa4    00000006     Boot.aem4f : Boot_sysctl.oem4f (.text:ti_catalog_arm_cortexm4_tiva_ce_Boot_sysCtlDelayI__I)
                  00004faa    00000006     ti.targets.arm.rtsarm.aem4f : System.oem4f (.text:xdc_runtime_System_Module_startup__E)
                  00004fb0    00000006     sysbios.aem4f : BIOS.obj (.text:ti_sysbios_family_arm_m3_Hwi_doTaskRestore__I)
                  00004fb6    00000002     --HOLE-- [fill = 0]
                  00004fb8    00000006                   : BIOS.obj (.text:ti_sysbios_family_arm_m3_Hwi_restoreFxn__E)
                  00004fbe    00000002     --HOLE-- [fill = 0]
                  00004fc0    00000006                   : BIOS.obj (.text:ti_sysbios_gates_GateHwi_leave__E)
                  00004fc6    00000002     --HOLE-- [fill = 0]
                  00004fc8    00000006                   : BIOS.obj (.text:ti_sysbios_heaps_HeapMem_isBlocking__E)
                  00004fce    00000002     --HOLE-- [fill = 0]
                  00004fd0    00000006                   : BIOS.obj (.text:ti_sysbios_knl_Queue_Instance_init__E)
                  00004fd6    00000002     --HOLE-- [fill = 0]
                  00004fd8    00000006                   : BIOS.obj (.text:ti_sysbios_knl_Swi_startup__E)
                  00004fde    00000002     --HOLE-- [fill = 0]
                  00004fe0    00000004                   : BIOS.obj (.text:ti_sysbios_gates_GateHwi_query__E)
                  00004fe4    00000004     --HOLE-- [fill = 0]
                  00004fe8    00000004                   : BIOS.obj (.text:ti_sysbios_gates_GateMutex_query__E)
                  00004fec    00000004     --HOLE-- [fill = 0]
                  00004ff0    00000004                   : BIOS.obj (.text:ti_sysbios_knl_Task_startup__E)
                  00004ff4    00000004     --HOLE-- [fill = 0]
                  00004ff8    00000002                   : BIOS.obj (.text:ti_sysbios_gates_GateHwi_Instance_init__E)
                  00004ffa    00000006     --HOLE-- [fill = 0]
                  00005000    00000002                   : BIOS.obj (.text:ti_sysbios_knl_Clock_logTick__E)

.const     0    00005004    00001f12     
                  00005004    00001861     pwmled_pem4f.oem4f (.const:xdc_runtime_Text_charTab__A)
                  00006865    00000001     pwmled_pem4f.oem4f (.const:xdc_runtime_Error_policy__C)
                  00006866    000000bc     pwmled_pem4f.oem4f (.const:xdc_runtime_Text_nodeTab__A)
                  00006922    00000002     pwmled_pem4f.oem4f (.const:ti_catalog_arm_cortexm4_tiva_ce_Boot_Module__id__C)
                  00006924    00000090     driverlib.lib : gpio.obj (.const:g_pui32GPIOBaseAddrs)
                  000069b4    00000054     drivers_tivaware.aem4f : GPIOTiva.oem4f (.const:.string)
                  00006a08    00000048     pwmled_pem4f.oem4f (.const:.string)
                  00006a50    00000048     drivers_tivaware.aem4f : GPIOTiva.oem4f (.const:gpioBaseAddresses)
                  00006a98    0000003c     pwmled_pem4f.oem4f (.const:ti_sysbios_knl_Task_Object__PARAMS__C)
                  00006ad4    00000030     pwmled_pem4f.oem4f (.const:ti_sysbios_family_arm_m3_Hwi_Object__PARAMS__C)
                  00006b04    00000028     pwmled_pem4f.oem4f (.const:ti_sysbios_heaps_HeapMem_Module__FXNS__C)
                  00006b2c    00000024     EK_TM4C123GXL.obj (.const:PWM_config)
                  00006b50    00000024     pwmled_pem4f.oem4f (.const:ti_sysbios_gates_GateHwi_Module__FXNS__C)
                  00006b74    00000024     pwmled_pem4f.oem4f (.const:ti_sysbios_gates_GateMutex_Module__FXNS__C)
                  00006b98    00000024     pwmled_pem4f.oem4f (.const:ti_sysbios_heaps_HeapMem_Object__PARAMS__C)
                  00006bbc    00000024     pwmled_pem4f.oem4f (.const:ti_sysbios_knl_Semaphore_Object__PARAMS__C)
                  00006be0    00000020     drivers_tivaware.aem4f : PWMTiva.oem4f (.const)
                  00006c00    00000020     pwmled_pem4f.oem4f (.const:ti_sysbios_family_arm_m3_Hwi_Object__DESC__C)
                  00006c20    00000020     pwmled_pem4f.oem4f (.const:ti_sysbios_gates_GateHwi_Object__DESC__C)
                  00006c40    00000020     pwmled_pem4f.oem4f (.const:ti_sysbios_gates_GateMutex_Object__DESC__C)
                  00006c60    00000020     pwmled_pem4f.oem4f (.const:ti_sysbios_heaps_HeapMem_Object__DESC__C)
                  00006c80    00000020     pwmled_pem4f.oem4f (.const:ti_sysbios_knl_Queue_Object__DESC__C)
                  00006ca0    00000020     pwmled_pem4f.oem4f (.const:ti_sysbios_knl_Semaphore_Object__DESC__C)
                  00006cc0    00000020     pwmled_pem4f.oem4f (.const:ti_sysbios_knl_Task_Object__DESC__C)
                  00006ce0    00000020     pwmled_pem4f.oem4f (.const:xdc_runtime_Startup_sfxnTab__A)
                  00006d00    00000018     EK_TM4C123GXL.obj (.const:pwmTivaHWAttrs)
                  00006d18    00000018     pwmled_pem4f.oem4f (.const:ti_sysbios_gates_GateHwi_Object__PARAMS__C)
                  00006d30    00000018     pwmled_pem4f.oem4f (.const:ti_sysbios_gates_GateMutex_Object__PARAMS__C)
                  00006d48    00000018     pwmled_pem4f.oem4f (.const:ti_sysbios_knl_Queue_Object__PARAMS__C)
                  00006d60    00000014     EK_TM4C123GXL.obj (.const:GPIOTiva_config)
                  00006d74    00000014     pwmled_pem4f.oem4f (.const:xdc_runtime_Startup_firstFxns__A)
                  00006d88    00000010     pwmled_pem4f.oem4f (.const:xdc_runtime_Startup_sfxnRts__A)
                  00006d98    0000000c     drivers_tivaware.aem4f : PWM.oem4f (.const)
                  00006da4    00000008     pwmled_pem4f.oem4f (.const:ti_sysbios_family_arm_m3_Hwi_excHookFuncs__A)
                  00006dac    00000008     pwmled_pem4f.oem4f (.const:ti_sysbios_knl_Idle_funcList__C)
                  00006db4    00000008     pwmled_pem4f.oem4f (.const:xdc_runtime_Startup_firstFxns__C)
                  00006dbc    00000008     pwmled_pem4f.oem4f (.const:xdc_runtime_Startup_lastFxns__C)
                  00006dc4    00000004     pwmled_pem4f.oem4f (.const:ti_catalog_arm_cortexm4_tiva_ce_Boot_A_mustUseEnhancedClockMode__C)
                  00006dc8    00000004     pwmled_pem4f.oem4f (.const:ti_catalog_arm_cortexm4_tiva_ce_Boot_Module__diagsEnabled__C)
                  00006dcc    00000004     pwmled_pem4f.oem4f (.const:ti_catalog_arm_cortexm4_tiva_ce_Boot_Module__diagsIncluded__C)
                  00006dd0    00000004     pwmled_pem4f.oem4f (.const:ti_catalog_arm_cortexm4_tiva_ce_Boot_Module__diagsMask__C)
                  00006dd4    00000004     pwmled_pem4f.oem4f (.const:ti_sysbios_family_arm_lm4_Timer_enableFunc__C)
                  00006dd8    00000004     pwmled_pem4f.oem4f (.const:ti_sysbios_family_arm_lm4_Timer_numTimerDevices__C)
                  00006ddc    00000004     pwmled_pem4f.oem4f (.const:ti_sysbios_family_arm_lm4_Timer_startupNeeded__C)
                  00006de0    00000004     pwmled_pem4f.oem4f (.const:ti_sysbios_family_arm_m3_Hwi_E_NMI__C)
                  00006de4    00000004     pwmled_pem4f.oem4f (.const:ti_sysbios_family_arm_m3_Hwi_E_alreadyDefined__C)
                  00006de8    00000004     pwmled_pem4f.oem4f (.const:ti_sysbios_family_arm_m3_Hwi_E_busFault__C)
                  00006dec    00000004     pwmled_pem4f.oem4f (.const:ti_sysbios_family_arm_m3_Hwi_E_debugMon__C)
                  00006df0    00000004     pwmled_pem4f.oem4f (.const:ti_sysbios_family_arm_m3_Hwi_E_hardFault__C)
                  00006df4    00000004     pwmled_pem4f.oem4f (.const:ti_sysbios_family_arm_m3_Hwi_E_memFault__C)
                  00006df8    00000004     pwmled_pem4f.oem4f (.const:ti_sysbios_family_arm_m3_Hwi_E_noIsr__C)
                  00006dfc    00000004     pwmled_pem4f.oem4f (.const:ti_sysbios_family_arm_m3_Hwi_E_reserved__C)
                  00006e00    00000004     pwmled_pem4f.oem4f (.const:ti_sysbios_family_arm_m3_Hwi_E_svCall__C)
                  00006e04    00000004     pwmled_pem4f.oem4f (.const:ti_sysbios_family_arm_m3_Hwi_E_usageFault__C)
                  00006e08    00000004     pwmled_pem4f.oem4f (.const:ti_sysbios_family_arm_m3_Hwi_NUM_INTERRUPTS__C)
                  00006e0c    00000004     pwmled_pem4f.oem4f (.const:ti_sysbios_family_arm_m3_Hwi_Object__count__C)
                  00006e10    00000004     pwmled_pem4f.oem4f (.const:ti_sysbios_family_arm_m3_Hwi_ccr__C)
                  00006e14    00000004     pwmled_pem4f.oem4f (.const:ti_sysbios_family_arm_m3_Hwi_excHandlerFunc__C)
                  00006e18    00000004     pwmled_pem4f.oem4f (.const:ti_sysbios_family_arm_m3_Hwi_excHookFuncs__C)
                  00006e1c    00000004     pwmled_pem4f.oem4f (.const:ti_sysbios_family_arm_m3_Hwi_nullIsrFunc__C)
                  00006e20    00000004     pwmled_pem4f.oem4f (.const:ti_sysbios_family_arm_m3_Hwi_priGroup__C)
                  00006e24    00000004     pwmled_pem4f.oem4f (.const:ti_sysbios_family_arm_m3_TaskSupport_stackAlignment__C)
                  00006e28    00000004     pwmled_pem4f.oem4f (.const:ti_sysbios_gates_GateMutex_Instance_State_sem__O)
                  00006e2c    00000004     pwmled_pem4f.oem4f (.const:ti_sysbios_hal_Hwi_E_stackOverflow__C)
                  00006e30    00000004     pwmled_pem4f.oem4f (.const:ti_sysbios_heaps_HeapMem_E_memory__C)
                  00006e34    00000004     pwmled_pem4f.oem4f (.const:ti_sysbios_heaps_HeapMem_Module__gateObj__C)
                  00006e38    00000004     pwmled_pem4f.oem4f (.const:ti_sysbios_heaps_HeapMem_Object__count__C)
                  00006e3c    00000004     pwmled_pem4f.oem4f (.const:ti_sysbios_heaps_HeapMem_reqAlign__C)
                  00006e40    00000004     pwmled_pem4f.oem4f (.const:ti_sysbios_knl_Clock_Module_State_clockQ__O)
                  00006e44    00000004     pwmled_pem4f.oem4f (.const:ti_sysbios_knl_Idle_funcList__A)
                  00006e48    00000004     pwmled_pem4f.oem4f (.const:ti_sysbios_knl_Semaphore_Instance_State_pendQ__O)
                  00006e4c    00000004     pwmled_pem4f.oem4f (.const:ti_sysbios_knl_Swi_Object__count__C)
                  00006e50    00000004     pwmled_pem4f.oem4f (.const:ti_sysbios_knl_Task_E_spOutOfBounds__C)
                  00006e54    00000004     pwmled_pem4f.oem4f (.const:ti_sysbios_knl_Task_E_stackOverflow__C)
                  00006e58    00000004     pwmled_pem4f.oem4f (.const:ti_sysbios_knl_Task_Module_State_inactiveQ__O)
                  00006e5c    00000004     pwmled_pem4f.oem4f (.const:ti_sysbios_knl_Task_Object__count__C)
                  00006e60    00000004     pwmled_pem4f.oem4f (.const:ti_sysbios_knl_Task_allBlockedFunc__C)
                  00006e64    00000004     pwmled_pem4f.oem4f (.const:ti_sysbios_knl_Task_defaultStackHeap__C)
                  00006e68    00000004     pwmled_pem4f.oem4f (.const:ti_sysbios_knl_Task_defaultStackSize__C)
                  00006e6c    00000004     pwmled_pem4f.oem4f (.const:ti_sysbios_knl_Task_numConstructedTasks__C)
                  00006e70    00000004     pwmled_pem4f.oem4f (.const:xdc_runtime_Assert_E_assertFailed__C)
                  00006e74    00000004     pwmled_pem4f.oem4f (.const:xdc_runtime_Core_A_initializedParams__C)
                  00006e78    00000004     pwmled_pem4f.oem4f (.const:xdc_runtime_Core_Module__diagsEnabled__C)
                  00006e7c    00000004     pwmled_pem4f.oem4f (.const:xdc_runtime_Core_Module__diagsIncluded__C)
                  00006e80    00000004     pwmled_pem4f.oem4f (.const:xdc_runtime_Core_Module__diagsMask__C)
                  00006e84    00000004     pwmled_pem4f.oem4f (.const:xdc_runtime_Error_E_memory__C)
                  00006e88    00000004     pwmled_pem4f.oem4f (.const:xdc_runtime_Error_Module__diagsEnabled__C)
                  00006e8c    00000004     pwmled_pem4f.oem4f (.const:xdc_runtime_Error_Module__diagsIncluded__C)
                  00006e90    00000004     pwmled_pem4f.oem4f (.const:xdc_runtime_Error_Module__diagsMask__C)
                  00006e94    00000004     pwmled_pem4f.oem4f (.const:xdc_runtime_Error_Module__loggerFxn8__C)
                  00006e98    00000004     pwmled_pem4f.oem4f (.const:xdc_runtime_Error_Module__loggerObj__C)
                  00006e9c    00000004     pwmled_pem4f.oem4f (.const:xdc_runtime_Error_policyFxn__C)
                  00006ea0    00000004     pwmled_pem4f.oem4f (.const:xdc_runtime_Error_raiseHook__C)
                  00006ea4    00000004     pwmled_pem4f.oem4f (.const:xdc_runtime_IGateProvider_Interface__BASE__C)
                  00006ea8    00000004     pwmled_pem4f.oem4f (.const:xdc_runtime_IHeap_Interface__BASE__C)
                  00006eac    00000004     pwmled_pem4f.oem4f (.const:xdc_runtime_IModule_Interface__BASE__C)
                  00006eb0    00000004     pwmled_pem4f.oem4f (.const:xdc_runtime_Log_L_error__C)
                  00006eb4    00000004     pwmled_pem4f.oem4f (.const:xdc_runtime_Memory_defaultHeapInstance__C)
                  00006eb8    00000004     pwmled_pem4f.oem4f (.const:xdc_runtime_Startup_execImpl__C)
                  00006ebc    00000004     pwmled_pem4f.oem4f (.const:xdc_runtime_Startup_maxPasses__C)
                  00006ec0    00000004     pwmled_pem4f.oem4f (.const:xdc_runtime_Startup_sfxnRts__C)
                  00006ec4    00000004     pwmled_pem4f.oem4f (.const:xdc_runtime_Startup_sfxnTab__C)
                  00006ec8    00000004     pwmled_pem4f.oem4f (.const:xdc_runtime_SysMin_bufSize__C)
                  00006ecc    00000004     pwmled_pem4f.oem4f (.const:xdc_runtime_SysMin_outputFunc__C)
                  00006ed0    00000004     pwmled_pem4f.oem4f (.const:xdc_runtime_System_Module__gateObj__C)
                  00006ed4    00000004     pwmled_pem4f.oem4f (.const:xdc_runtime_System_abortFxn__C)
                  00006ed8    00000004     pwmled_pem4f.oem4f (.const:xdc_runtime_System_exitFxn__C)
                  00006edc    00000004     pwmled_pem4f.oem4f (.const:xdc_runtime_System_extendFxn__C)
                  00006ee0    00000004     pwmled_pem4f.oem4f (.const:xdc_runtime_System_maxAtexitHandlers__C)
                  00006ee4    00000004     pwmled_pem4f.oem4f (.const:xdc_runtime_Text_charTab__C)
                  00006ee8    00000004     pwmled_pem4f.oem4f (.const:xdc_runtime_Text_nameEmpty__C)
                  00006eec    00000004     pwmled_pem4f.oem4f (.const:xdc_runtime_Text_nameStatic__C)
                  00006ef0    00000004     pwmled_pem4f.oem4f (.const:xdc_runtime_Text_nameUnknown__C)
                  00006ef4    00000004     pwmled_pem4f.oem4f (.const:xdc_runtime_Text_nodeTab__C)
                  00006ef8    00000004     pwmled_pem4f.oem4f (.const:xdc_runtime_Text_visitRopeFxn__C)
                  00006efc    00000002     pwmled_pem4f.oem4f (.const:ti_sysbios_family_arm_m3_Hwi_Module__id__C)
                  00006efe    00000002     pwmled_pem4f.oem4f (.const:ti_sysbios_hal_Hwi_Module__id__C)
                  00006f00    00000002     pwmled_pem4f.oem4f (.const:ti_sysbios_heaps_HeapMem_Module__id__C)
                  00006f02    00000002     pwmled_pem4f.oem4f (.const:ti_sysbios_knl_Task_Module__id__C)
                  00006f04    00000002     pwmled_pem4f.oem4f (.const:xdc_runtime_Core_Module__id__C)
                  00006f06    00000002     pwmled_pem4f.oem4f (.const:xdc_runtime_Error_Module__loggerDefined__C)
                  00006f08    00000002     pwmled_pem4f.oem4f (.const:xdc_runtime_Error_maxDepth__C)
                  00006f0a    00000002     pwmled_pem4f.oem4f (.const:xdc_runtime_Memory_Module__id__C)
                  00006f0c    00000002     pwmled_pem4f.oem4f (.const:xdc_runtime_SysMin_flushAtExit__C)
                  00006f0e    00000002     pwmled_pem4f.oem4f (.const:xdc_runtime_Text_charCnt__C)
                  00006f10    00000002     pwmled_pem4f.oem4f (.const:xdc_runtime_Text_isLoaded__C)
                  00006f12    00000002     pwmled_pem4f.oem4f (.const:xdc_runtime_Text_registryModsLastId__C)
                  00006f14    00000002     pwmled_pem4f.oem4f (.const:xdc_runtime_Text_unnamedModsLastId__C)

.cinit     0    00006f18    00000208     
                  00006f18    000001cf     (.cinit..data.load) [load image, compression = lzss]
                  000070e7    00000001     --HOLE-- [fill = 0]
                  000070e8    0000000c     (__TI_handler_table)
                  000070f4    00000004     --HOLE-- [fill = 0]
                  000070f8    00000008     (.cinit..bss.load) [load image, compression = zero_init]
                  00007100    00000008     (.cinit..vecs.load) [load image, compression = zero_init]
                  00007108    00000018     (__TI_cinit_table)

.init_array 
*          0    00000000    00000000     UNINITIALIZED

.resetVecs 
*          0    00000000    0000003c     
                  00000000    0000003c     pwmled_pem4f.oem4f (.resetVecs)

.bss       0    20000360    00000e00     UNINITIALIZED
                  20000360    00000400     (.common:ti_sysbios_heaps_HeapMem_Instance_State_0_buf__A)
                  20000760    00000360     (.common:ti_sysbios_family_arm_m3_Hwi_dispatchTable)
                  20000ac0    00000200     pwmled_pem4f.oem4f (.bss:taskStackSection)
                  20000cc0    00000200     (.common:tsk0Stack)
                  20000ec0    00000120     rtsv7M4_T_le_v4SPD16_eabi.lib : trgmsg.obj (.bss:_CIOBUF_)
                  20000fe0    00000090     drivers_tivaware.aem4f : GPIOTiva.oem4f (.bss:gpioCallbackInfo)
                  20001070    00000080     (.common:xdc_runtime_SysMin_Module_State_0_outbuf__A)
                  200010f0    00000050     (.common:tsk0Struct)
                  20001140    00000010     (.common:pwmTivaObjects)
                  20001150    00000008     (.common:parmbuf)
                  20001158    00000004     (.common:gpioInterruptVectors)
                  2000115c    00000004     (.common:task)

.data      0    20001160    0000042e     UNINITIALIZED
                  20001160    00000080     pwmled_pem4f.oem4f (.data:ti_sysbios_knl_Swi_Module_State_0_readyQ__A)
                  200011e0    00000080     pwmled_pem4f.oem4f (.data:ti_sysbios_knl_Task_Module_State_0_readyQ__A)
                  20001260    0000004c     pwmled_pem4f.oem4f (.data:ti_sysbios_knl_Task_Object__table__V)
                  200012ac    00000044     pwmled_pem4f.oem4f (.data:ti_sysbios_knl_Task_Module__state__V)
                  200012f0    00000040     pwmled_pem4f.oem4f (.data:ti_sysbios_family_arm_lm4_Timer_Object__table__V)
                  20001330    00000038     pwmled_pem4f.oem4f (.data:ti_sysbios_gates_GateMutex_Object__table__V)
                  20001368    00000034     pwmled_pem4f.oem4f (.data:ti_sysbios_family_arm_m3_Hwi_Module__state__V)
                  2000139c    00000030     pwmled_pem4f.oem4f (.data:ti_sysbios_family_arm_lm4_Timer_Module_State_0_device__A)
                  200013cc    00000030     pwmled_pem4f.oem4f (.data:ti_sysbios_knl_Swi_Object__table__V)
                  200013fc    0000002c     pwmled_pem4f.oem4f (.data:ti_sysbios_knl_Clock_Module__state__V)
                  20001428    00000024     pwmled_pem4f.oem4f (.data:ti_sysbios_BIOS_Module__state__V)
                  2000144c    0000001c     pwmled_pem4f.oem4f (.data:ti_sysbios_knl_Swi_Module__state__V)
                  20001468    00000018     drivers_tivaware.aem4f : PWMTiva.oem4f (.data)
                  20001480    00000018     pwmled_pem4f.oem4f (.data:ti_sysbios_family_arm_lm4_Timer_Module_State_0_handles__A)
                  20001498    00000018     pwmled_pem4f.oem4f (.data:ti_sysbios_family_arm_m3_Hwi_Object__table__V)
                  200014b0    00000018     pwmled_pem4f.oem4f (.data:ti_sysbios_heaps_HeapMem_Object__table__V)
                  200014c8    00000014     EK_TM4C123GXL.obj (.data:gpioPinConfigs)
                  200014dc    0000000c     rtsv7M4_T_le_v4SPD16_eabi.lib : exit.obj (.data:$O1$$)
                  200014e8    0000000c     pwmled_pem4f.oem4f (.data:ti_sysbios_family_arm_lm4_Timer_Module__state__V)
                  200014f4    0000000c     pwmled_pem4f.oem4f (.data:xdc_runtime_SysMin_Module__state__V)
                  20001500    00000008     rtsv7M4_T_le_v4SPD16_eabi.lib : _lock.obj (.data:$O1$$)
                  20001508    00000008     EK_TM4C123GXL.obj (.data:gpioCallbackFunctions)
                  20001510    00000008     pwmled_pem4f.oem4f (.data:ti_sysbios_family_arm_m3_Hwi_Module__root__V)
                  20001518    00000008     pwmled_pem4f.oem4f (.data:ti_sysbios_gates_GateHwi_Module__root__V)
                  20001520    00000008     pwmled_pem4f.oem4f (.data:ti_sysbios_gates_GateMutex_Module__root__V)
                  20001528    00000008     pwmled_pem4f.oem4f (.data:ti_sysbios_heaps_HeapMem_Module__root__V)
                  20001530    00000008     pwmled_pem4f.oem4f (.data:ti_sysbios_knl_Queue_Module__root__V)
                  20001538    00000008     pwmled_pem4f.oem4f (.data:ti_sysbios_knl_Semaphore_Module__root__V)
                  20001540    00000008     pwmled_pem4f.oem4f (.data:ti_sysbios_knl_Task_Module__root__V)
                  20001548    00000008     pwmled_pem4f.oem4f (.data:xdc_runtime_Registry_Module__state__V)
                  20001550    00000008     pwmled_pem4f.oem4f (.data:xdc_runtime_Startup_Module__state__V)
                  20001558    00000008     pwmled_pem4f.oem4f (.data:xdc_runtime_System_Module_State_0_atexitHandlers__A)
                  20001560    00000008     pwmled_pem4f.oem4f (.data:xdc_runtime_System_Module__state__V)
                  20001568    00000005     drivers_tivaware.aem4f : GPIOTiva.oem4f (.data)
                  2000156d    00000001     --HOLE--
                  2000156e    00000002     pwmled_pem4f.oem4f (.data:ti_sysbios_family_arm_m3_Hwi_Module_State_0_excActive__A)
                  20001570    00000004     drivers_tivaware.aem4f : PWM.oem4f (.data)
                  20001574    00000004     rtsv7M4_T_le_v4SPD16_eabi.lib : stkdepth_vars.obj (.data)
                  20001578    00000004     pwmled_pem4f.oem4f (.data:ti_sysbios_family_arm_m3_Hwi_Module_State_0_excContext__A)
                  2000157c    00000004     pwmled_pem4f.oem4f (.data:ti_sysbios_family_arm_m3_Hwi_Module_State_0_excStack__A)
                  20001580    00000004     pwmled_pem4f.oem4f (.data:ti_sysbios_gates_GateHwi_Object__table__V)
                  20001584    00000004     pwmled_pem4f.oem4f (.data:ti_sysbios_knl_Task_Module_State_0_idleTask__A)
                  20001588    00000004     pwmled_pem4f.oem4f (.data:xdc_runtime_Memory_Module__state__V)
                  2000158c    00000002     pwmled_pem4f.oem4f (.data:xdc_runtime_Error_Module__state__V)

.stack     0    20001590    00000300     UNINITIALIZED
                  20001590    00000300     --HOLE--

.bootVecs 
*          0    00000000    00000008     DSECT
                  00000000    00000008     boot.aem4f : boot.oem4f (.bootVecs)

.vecs      0    20000000    00000360     UNINITIALIZED
                  20000000    00000360     pwmled_pem4f.oem4f (.vecs)

xdc.meta   0    00000000    000000ed     COPY SECTION
                  00000000    000000ed     pwmled_pem4f.oem4f (xdc.meta)

MODULE SUMMARY

       Module                     code    ro data   rw data
       ------                     ----    -------   -------
    ./
       pwmled.obj                 462     0         596    
       EK_TM4C123GXL.obj          164     80        44     
    +--+--------------------------+-------+---------+---------+
       Total:                     626     80        640    
                                                           
    /home/praton/Tiva_workspace/pwmled_EK_TM4C123GXL_TI/Debug/configPkg/package/cfg/
       pwmled_pem4f.oem4f         1654    7590      4376   
    +--+--------------------------+-------+---------+---------+
       Total:                     1654    7590      4376   
                                                           
    /home/praton/Tiva_workspace/pwmled_EK_TM4C123GXL_TI/src/sysbios/sysbios.aem4f
       BIOS.obj                   9078    0         0      
       m3_Hwi_asm.obj             314     0         0      
       m3_TaskSupport_asm.obj     180     0         0      
       m3_Hwi_asm_switch.obj      118     0         0      
    +--+--------------------------+-------+---------+---------+
       Total:                     9690    0         0      
                                                           
    /home/praton/ti/ccsv7/tools/compiler/ti-cgt-arm_16.9.6.LTS/lib/rtsv7M4_T_le_v4SPD16_eabi.lib
       trgmsg.obj                 104     0         288    
       memcpy_t2.obj              156     0         0      
       memset_t2.obj              122     0         0      
       copy_decompress_lzss.obj   104     0         0      
       exit.obj                   84      0         12     
       hostwrite.obj              88      0         0      
       cpy_tbl.obj                76      0         0      
       u_divt2.obj                64      0         0      
       _lock.obj                  20      0         8      
       args_main.obj              24      0         0      
       strlen.obj                 20      0         0      
       copy_decompress_none.obj   14      0         0      
       copy_zero_init.obj         12      0         0      
       hostopen.obj               0       0         8      
       stkdepth_vars.obj          0       0         4      
       i_div0.obj                 2       0         0      
    +--+--------------------------+-------+---------+---------+
       Total:                     890     0         320    
                                                           
    /home/praton/ti/tirtos_tivac_2_16_00_08/products/TivaWare_C_Series-2.1.1.71b/driverlib/ccs/Debug/driverlib.lib
       gpio.obj                   566     144       0      
       pwm.obj                    178     0         0      
       sysctl.obj                 72      0         0      
    +--+--------------------------+-------+---------+---------+
       Total:                     816     144       0      
                                                           
    /home/praton/ti/tirtos_tivac_2_16_00_08/products/bios_6_45_01_29/packages/ti/catalog/arm/cortexm4/tiva/ce/lib/Boot.aem4f
       Boot_sysctl.oem4f          262     0         0      
       Boot.oem4f                 152     0         0      
    +--+--------------------------+-------+---------+---------+
       Total:                     414     0         0      
                                                           
    /home/praton/ti/tirtos_tivac_2_16_00_08/products/bios_6_45_01_29/packages/ti/targets/arm/rtsarm/lib/auto_init.aem4f
       auto_init.oem4f            160     0         0      
    +--+--------------------------+-------+---------+---------+
       Total:                     160     0         0      
                                                           
    /home/praton/ti/tirtos_tivac_2_16_00_08/products/bios_6_45_01_29/packages/ti/targets/arm/rtsarm/lib/boot.aem4f
       boot.oem4f                 88      0         0      
    +--+--------------------------+-------+---------+---------+
       Total:                     88      0         0      
                                                           
    /home/praton/ti/tirtos_tivac_2_16_00_08/products/bios_6_45_01_29/packages/ti/targets/arm/rtsarm/lib/ti.targets.arm.rtsarm.aem4f
       System.oem4f               1255    0         0      
       Text.oem4f                 672     0         0      
       Error.oem4f                524     0         0      
       Core-mem.oem4f             358     0         0      
       Startup.oem4f              328     0         0      
       SysMin.oem4f               248     0         0      
       Core-smem.oem4f            204     0         0      
       Memory.oem4f               176     0         0      
       Assert.oem4f               84      0         0      
       Core-params.oem4f          70      0         0      
       Core-label.oem4f           52      0         0      
       Registry.oem4f             32      0         0      
       Gate.oem4f                 28      0         0      
    +--+--------------------------+-------+---------+---------+
       Total:                     4031    0         0      
                                                           
    /home/praton/ti/tirtos_tivac_2_16_00_08/products/tidrivers_tivac_2_16_00_08/packages/ti/drivers/lib/drivers_tivaware.aem4f
       GPIOTiva.oem4f             764     156       153    
       PWMTiva.oem4f              962     32        24     
       PWM.oem4f                  130     12        4      
    +--+--------------------------+-------+---------+---------+
       Total:                     1856    200       181    
                                                           
       Stack:                     0       0         768    
       Linker Generated:          0       515       0      
    +--+--------------------------+-------+---------+---------+
       Grand Total:               20225   8529      6285   


LINKER GENERATED COPY TABLES

__TI_cinit_table @ 00007108 records: 3, size/record: 8, table size: 24
	.data: load addr=00006f18, load size=000001cf bytes, run addr=20001160, run size=0000042e bytes, compression=lzss
	.bss: load addr=000070f8, load size=00000008 bytes, run addr=20000360, run size=00000e00 bytes, compression=zero_init
	.vecs: load addr=00007100, load size=00000008 bytes, run addr=20000000, run size=00000360 bytes, compression=zero_init


LINKER GENERATED HANDLER TABLE

__TI_handler_table @ 000070e8 records: 3, size/record: 4, table size: 12
	index: 0, handler: __TI_decompress_lzss
	index: 1, handler: __TI_decompress_none
	index: 2, handler: __TI_zero_init


GLOBAL SYMBOLS: SORTED ALPHABETICALLY BY Name 

address   name                                                              
-------   ----                                                              
00003591  C$$EXIT                                                           
00002f57  C$$IO$$                                                           
0000418d  EK_TM4C123GXL_initGPIO                                            
00003d09  EK_TM4C123GXL_initGeneral                                         
00003fe1  EK_TM4C123GXL_initPWM                                             
00004511  GPIODirModeSet                                                    
00004f99  GPIOIntClear                                                      
00004e49  GPIOIntStatus                                                     
00003539  GPIOIntTypeSet                                                    
00001201  GPIOPadConfigSet                                                  
000039b5  GPIOPinConfigure                                                  
00004cc5  GPIOPinTypeGPIOInput                                              
00004cd7  GPIOPinTypePWM                                                    
00004f9f  GPIOPinWrite                                                      
00006d60  GPIOTiva_config                                                   
00002ff9  GPIO_hwiIntFxn                                                    
0000289d  GPIO_init                                                         
000036e5  GPIO_setCallback                                                  
00000f65  GPIO_setConfig                                                    
00003735  GPIO_write                                                        
00003489  HOSTwrite                                                         
00004c25  PWMClockSet                                                       
00004729  PWMGenConfigure                                                   
00004e95  PWMGenDisable                                                     
00004ea1  PWMGenEnable                                                      
00004ce9  PWMGenPeriodGet                                                   
00004d45  PWMGenPeriodSet                                                   
00004cfb  PWMOutputInvert                                                   
00004d0d  PWMOutputState                                                    
000048d9  PWMPulseWidthSet                                                  
00006bfe  PWMTiva_MAX_MATCH_VALUE                                           
00006bfc  PWMTiva_MAX_PRESCALAR                                             
00002e55  PWMTiva_close                                                     
000029b5  PWMTiva_control                                                   
00006be0  PWMTiva_fxnTable                                                  
0000474b  PWMTiva_getPeriodCounts                                           
000048f7  PWMTiva_getPeriodMicroSecs                                        
000041bd  PWMTiva_init                                                      
00000b35  PWMTiva_open                                                      
00001a35  PWMTiva_setDuty                                                   
00004d55  PWM_Params_init                                                   
00006b2c  PWM_config                                                        
00006d98  PWM_defaultParams                                                 
00003ec5  PWM_init                                                          
000041ed  PWM_open                                                          
00004f61  PWM_setDuty                                                       
UNDEFED   SHT$$INIT_ARRAY$$Base                                             
UNDEFED   SHT$$INIT_ARRAY$$Limit                                            
00004c39  SysCtlPWMClockSet                                                 
00004015  SysCtlPeripheralEnable                                            
00000000  __ASM__                                                           
20000ec0  __CIOBUF_                                                         
0000006b  __ISA__                                                           
0000007e  __PLAT__                                                          
20001890  __STACK_END                                                       
00000300  __STACK_SIZE                                                      
0000009f  __TARG__                                                          
00007108  __TI_CINIT_Base                                                   
00007120  __TI_CINIT_Limit                                                  
000070e8  __TI_Handler_Table_Base                                           
000070f4  __TI_Handler_Table_Limit                                          
000023c5  __TI_auto_init                                                    
200014dc  __TI_cleanup_ptr                                                  
00002ebf  __TI_decompress_lzss                                              
00004e57  __TI_decompress_none                                              
200014e0  __TI_dtors_ptr                                                    
200014e4  __TI_enable_exit_profile_output                                   
ffffffff  __TI_pprof_out_hndl                                               
ffffffff  __TI_prof_data_size                                               
ffffffff  __TI_prof_data_start                                              
00002f5b  __TI_readmsg                                                      
00006f18  __TI_static_base__                                                
00002f29  __TI_writemsg                                                     
00004ead  __TI_zero_init                                                    
000000c5  __TRDR__                                                          
0000263b  __aeabi_idiv0                                                     
00002b45  __aeabi_memclr                                                    
00002b45  __aeabi_memclr4                                                   
00002b45  __aeabi_memclr8                                                   
00002505  __aeabi_memcpy                                                    
00002505  __aeabi_memcpy4                                                   
00002505  __aeabi_memcpy8                                                   
00002b47  __aeabi_memset                                                    
00002b47  __aeabi_memset4                                                   
00002b47  __aeabi_memset8                                                   
00003d49  __aeabi_uidiv                                                     
00003d49  __aeabi_uidivmod                                                  
ffffffff  __binit__                                                         
ffffffff  __c_args__                                                        
20001590  __stack                                                           
00004b05  _args_main                                                        
00003431  _c_int00                                                          
20001500  _lock                                                             
00004c5b  _nop                                                              
00004c53  _register_lock                                                    
00004c4d  _register_unlock                                                  
20001504  _unlock                                                           
00003595  abort                                                             
ffffffff  binit                                                             
00003879  copy_in                                                           
0000359d  exit                                                              
20001508  gpioCallbackFunctions                                             
200014c8  gpioPinConfigs                                                    
00001cdd  main                                                              
20001574  main_func_sp                                                      
00002505  memcpy                                                            
00002b4d  memset                                                            
00004de9  osi_TaskDisable                                                   
00004d89  osi_start                                                         
20001150  parmbuf                                                           
00001c05  pwmLEDFxn                                                         
00006d00  pwmTivaHWAttrs                                                    
20001140  pwmTivaObjects                                                    
00004c61  strlen                                                            
2000115c  task                                                              
00006dc4  ti_catalog_arm_cortexm4_tiva_ce_Boot_A_mustUseEnhancedClockMode__C
00006dc8  ti_catalog_arm_cortexm4_tiva_ce_Boot_Module__diagsEnabled__C      
00006dcc  ti_catalog_arm_cortexm4_tiva_ce_Boot_Module__diagsIncluded__C     
00006dd0  ti_catalog_arm_cortexm4_tiva_ce_Boot_Module__diagsMask__C         
00006922  ti_catalog_arm_cortexm4_tiva_ce_Boot_Module__id__C                
00004e89  ti_catalog_arm_cortexm4_tiva_ce_Boot_init__I                      
00001551  ti_catalog_arm_cortexm4_tiva_ce_Boot_sysCtlClockSetI__I           
0000263d  ti_catalog_arm_cortexm4_tiva_ce_Boot_sysCtlClockSet__E            
00004fa5  ti_catalog_arm_cortexm4_tiva_ce_Boot_sysCtlDelayI__I              
20001428  ti_sysbios_BIOS_Module__state__V                                  
00004a69  ti_sysbios_BIOS_RtsGateProxy_Handle__label__S                     
0000466d  ti_sysbios_BIOS_RtsGateProxy_Object__delete__S                    
000007bd  ti_sysbios_BIOS_RtsGateProxy_enter__E                             
000009bd  ti_sysbios_BIOS_RtsGateProxy_leave__E                             
00004fe9  ti_sysbios_BIOS_RtsGateProxy_query__E                             
0000421d  ti_sysbios_BIOS_atExitFunc__I                                     
000045dd  ti_sysbios_BIOS_errorRaiseHook__I                                 
00004bf9  ti_sysbios_BIOS_exitFunc__I                                       
00004d69  ti_sysbios_BIOS_getCpuFreq__E                                     
00002a3d  ti_sysbios_BIOS_nullFunc__I                                       
00004601  ti_sysbios_BIOS_registerRTSLock__I                                
00004625  ti_sysbios_BIOS_removeRTSLock__I                                  
000047b5  ti_sysbios_BIOS_rtsLock__I                                        
00004b1d  ti_sysbios_BIOS_rtsUnlock__I                                      
00004d79  ti_sysbios_BIOS_setThreadType__E                                  
00004649  ti_sysbios_BIOS_startFunc__I                                      
00004d89  ti_sysbios_BIOS_start__E                                          
2000139c  ti_sysbios_family_arm_lm4_Timer_Module_State_0_device__A          
20001480  ti_sysbios_family_arm_lm4_Timer_Module_State_0_handles__A         
00004b35  ti_sysbios_family_arm_lm4_Timer_Module__startupDone__F            
00004b35  ti_sysbios_family_arm_lm4_Timer_Module__startupDone__S            
200014e8  ti_sysbios_family_arm_lm4_Timer_Module__state__V                  
00003061  ti_sysbios_family_arm_lm4_Timer_Module_startup__E                 
200012f0  ti_sysbios_family_arm_lm4_Timer_Object__table__V                  
00006dd4  ti_sysbios_family_arm_lm4_Timer_enableFunc__C                     
00003a01  ti_sysbios_family_arm_lm4_Timer_enableTimers__I                   
00002319  ti_sysbios_family_arm_lm4_Timer_enableTiva__I                     
00004eb9  ti_sysbios_family_arm_lm4_Timer_getMaxTicks__E                    
000035e9  ti_sysbios_family_arm_lm4_Timer_initDevice__I                     
00003b69  ti_sysbios_family_arm_lm4_Timer_isrStub__E                        
00004f7f  ti_sysbios_family_arm_lm4_Timer_masterDisable__I                  
00000ca5  ti_sysbios_family_arm_lm4_Timer_masterEnable__I                   
00006dd8  ti_sysbios_family_arm_lm4_Timer_numTimerDevices__C                
00001449  ti_sysbios_family_arm_lm4_Timer_start__E                          
00006ddc  ti_sysbios_family_arm_lm4_Timer_startupNeeded__C                  
00003d89  ti_sysbios_family_arm_lm4_Timer_startup__E                        
00004251  ti_sysbios_family_arm_lm4_Timer_stop__E                           
00004771  ti_sysbios_family_arm_lm4_Timer_write__I                          
00006de0  ti_sysbios_family_arm_m3_Hwi_E_NMI__C                             
00006de4  ti_sysbios_family_arm_m3_Hwi_E_alreadyDefined__C                  
00006de8  ti_sysbios_family_arm_m3_Hwi_E_busFault__C                        
00006dec  ti_sysbios_family_arm_m3_Hwi_E_debugMon__C                        
00006df0  ti_sysbios_family_arm_m3_Hwi_E_hardFault__C                       
00006df4  ti_sysbios_family_arm_m3_Hwi_E_memFault__C                        
00006df8  ti_sysbios_family_arm_m3_Hwi_E_noIsr__C                           
00006dfc  ti_sysbios_family_arm_m3_Hwi_E_reserved__C                        
00006e00  ti_sysbios_family_arm_m3_Hwi_E_svCall__C                          
00006e04  ti_sysbios_family_arm_m3_Hwi_E_usageFault__C                      
00004a35  ti_sysbios_family_arm_m3_Hwi_Handle__label__S                     
00004049  ti_sysbios_family_arm_m3_Hwi_Instance_finalize__E                 
000026d9  ti_sysbios_family_arm_m3_Hwi_Instance_init__E                     
2000156e  ti_sysbios_family_arm_m3_Hwi_Module_State_0_excActive__A          
20001578  ti_sysbios_family_arm_m3_Hwi_Module_State_0_excContext__A         
2000157c  ti_sysbios_family_arm_m3_Hwi_Module_State_0_excStack__A           
00006efc  ti_sysbios_family_arm_m3_Hwi_Module__id__C                        
20001510  ti_sysbios_family_arm_m3_Hwi_Module__root__V                      
00004b4d  ti_sysbios_family_arm_m3_Hwi_Module__startupDone__F               
00004b4d  ti_sysbios_family_arm_m3_Hwi_Module__startupDone__S               
20001368  ti_sysbios_family_arm_m3_Hwi_Module__state__V                     
00003789  ti_sysbios_family_arm_m3_Hwi_Module_startup__E                    
00006e08  ti_sysbios_family_arm_m3_Hwi_NUM_INTERRUPTS__C                    
00006c00  ti_sysbios_family_arm_m3_Hwi_Object__DESC__C                      
00006ad4  ti_sysbios_family_arm_m3_Hwi_Object__PARAMS__C                    
00006e0c  ti_sysbios_family_arm_m3_Hwi_Object__count__C                     
00004c75  ti_sysbios_family_arm_m3_Hwi_Object__get__S                       
20001498  ti_sysbios_family_arm_m3_Hwi_Object__table__V                     
00004ec5  ti_sysbios_family_arm_m3_Hwi_Params__init__S                      
00006e10  ti_sysbios_family_arm_m3_Hwi_ccr__C                               
000030c5  ti_sysbios_family_arm_m3_Hwi_create                               
00004ed1  ti_sysbios_family_arm_m3_Hwi_disableFxn__E                        
00003a49  ti_sysbios_family_arm_m3_Hwi_disableInterrupt__E                  
00003129  ti_sysbios_family_arm_m3_Hwi_dispatchC__I                         
20000760  ti_sysbios_family_arm_m3_Hwi_dispatchTable                        
00001941  ti_sysbios_family_arm_m3_Hwi_dispatch__I                          
[...]
00004db9  ti_sysbios_knl_Semaphore_Instance_finalize__E                     
00004dc9  ti_sysbios_knl_Swi_disable__E                                     
00004dd9  ti_sysbios_knl_Task_Object__get__S                                
00004de9  osi_TaskDisable                                                   
00004de9  ti_sysbios_knl_Task_disable__E                                    
00004df9  xdc_runtime_Gate_leaveSystem__E                                   
00004e09  xdc_runtime_Memory_free__E                                        
00004e19  xdc_runtime_SysMin_ready__E                                       
00004e19  xdc_runtime_System_SupportProxy_ready__E                          
00004e29  xdc_runtime_System_vsnprintf__E                                   
00004e39  xdc_runtime_Text_visitRope__I                                     
00004e49  GPIOIntStatus                                                     
00004e57  __TI_decompress_none                                              
00004e69  ti_sysbios_knl_Idle_loop__E                                       
00004e79  ti_sysbios_knl_Queue_empty__E                                     
00004e89  ti_catalog_arm_cortexm4_tiva_ce_Boot_init__I                      
00004e95  PWMGenDisable                                                     
00004ea1  PWMGenEnable                                                      
00004ead  __TI_zero_init                                                    
00004eb9  ti_sysbios_family_arm_lm4_Timer_getMaxTicks__E                    
00004ec5  ti_sysbios_family_arm_m3_Hwi_Params__init__S                      
00004ec5  ti_sysbios_hal_Hwi_HwiProxy_Params__init__S                       
00004ed1  ti_sysbios_family_arm_m3_Hwi_disableFxn__E                        
00004ed1  ti_sysbios_hal_Hwi_HwiProxy_disable__E                            
00004ee1  ti_sysbios_family_arm_m3_TaskSupport_checkStack__E                
00004ee1  ti_sysbios_knl_Task_SupportProxy_checkStack__E                    
00004ef1  ti_sysbios_family_arm_m3_TaskSupport_getStackAlignment__E         
00004ef1  ti_sysbios_knl_Task_SupportProxy_getStackAlignment__E             
00004f01  ti_sysbios_gates_GateHwi_enter__E                                 
00004f0d  ti_sysbios_knl_Queue_Object__get__S                               
00004f19  ti_sysbios_knl_Task_Params__init__S                               
00004f31  xdc_runtime_Error_init__E                                         
00004f3d  xdc_runtime_Gate_enterSystem__E                                   
00004f49  xdc_runtime_Memory_calloc__E                                      
00004f55  xdc_runtime_Memory_getMaxDefaultTypeAlign__E                      
00004f61  PWM_setDuty                                                       
00004f6b  xdc_runtime_Memory_HeapProxy_alloc__E                             
00004f75  xdc_runtime_Memory_HeapProxy_free__E                              
00004f7f  ti_sysbios_family_arm_lm4_Timer_masterDisable__I                  
00004f89  ti_sysbios_family_arm_m3_Hwi_doSwiRestore__I                      
00004f91  ti_sysbios_family_arm_m3_Hwi_startup__E                           
00004f91  ti_sysbios_hal_Hwi_HwiProxy_startup__E                            
00004f91  ti_sysbios_hal_Hwi_startup__E                                     
00004f99  GPIOIntClear                                                      
00004f9f  GPIOPinWrite                                                      
00004fa5  ti_catalog_arm_cortexm4_tiva_ce_Boot_sysCtlDelayI__I              
00004fab  xdc_runtime_System_Module_startup__E                              
00004fb1  ti_sysbios_family_arm_m3_Hwi_doTaskRestore__I                     
00004fb9  ti_sysbios_family_arm_m3_Hwi_restoreFxn__E                        
00004fb9  ti_sysbios_hal_Hwi_HwiProxy_restore__E                            
00004fc1  ti_sysbios_gates_GateHwi_leave__E                                 
00004fc9  ti_sysbios_heaps_HeapMem_isBlocking__E                            
00004fd1  ti_sysbios_knl_Queue_Instance_init__E                             
00004fd9  ti_sysbios_knl_Swi_startup__E                                     
00004fe1  ti_sysbios_gates_GateHwi_query__E                                 
00004fe1  xdc_runtime_Main_Module_GateProxy_query__E                        
00004fe1  xdc_runtime_System_Module_GateProxy_query__E                      
00004fe9  ti_sysbios_BIOS_RtsGateProxy_query__E                             
00004fe9  ti_sysbios_gates_GateMutex_query__E                               
00004fe9  ti_sysbios_heaps_HeapMem_Module_GateProxy_query__E                
00004ff1  ti_sysbios_knl_Task_startup__E                                    
00004ff9  ti_sysbios_gates_GateHwi_Instance_init__E                         
00005001  ti_sysbios_knl_Clock_logTick__E                                   
00005004  xdc_runtime_Text_charTab__A                                       
00006865  xdc_runtime_Error_policy__C                                       
00006866  xdc_runtime_Text_nodeTab__A                                       
00006922  ti_catalog_arm_cortexm4_tiva_ce_Boot_Module__id__C                
00006a98  ti_sysbios_knl_Task_Object__PARAMS__C                             
00006ad4  ti_sysbios_family_arm_m3_Hwi_Object__PARAMS__C                    
00006b04  ti_sysbios_heaps_HeapMem_Module__FXNS__C                          
00006b2c  PWM_config                                                        
00006b50  ti_sysbios_gates_GateHwi_Module__FXNS__C                          
00006b74  ti_sysbios_gates_GateMutex_Module__FXNS__C                        
00006b98  ti_sysbios_heaps_HeapMem_Object__PARAMS__C                        
00006bbc  ti_sysbios_knl_Semaphore_Object__PARAMS__C                        
00006be0  PWMTiva_fxnTable                                                  
00006bfc  PWMTiva_MAX_PRESCALAR                                             
00006bfe  PWMTiva_MAX_MATCH_VALUE                                           
00006c00  ti_sysbios_family_arm_m3_Hwi_Object__DESC__C                      
00006c20  ti_sysbios_gates_GateHwi_Object__DESC__C                          
00006c40  ti_sysbios_gates_GateMutex_Object__DESC__C                        
00006c60  ti_sysbios_heaps_HeapMem_Object__DESC__C                          
00006c80  ti_sysbios_knl_Queue_Object__DESC__C                              
00006ca0  ti_sysbios_knl_Semaphore_Object__DESC__C                          
00006cc0  ti_sysbios_knl_Task_Object__DESC__C                               
00006ce0  xdc_runtime_Startup_sfxnTab__A                                    
00006d00  pwmTivaHWAttrs                                                    
00006d18  ti_sysbios_gates_GateHwi_Object__PARAMS__C                        
00006d30  ti_sysbios_gates_GateMutex_Object__PARAMS__C                      
00006d48  ti_sysbios_knl_Queue_Object__PARAMS__C                            
00006d60  GPIOTiva_config                                                   
00006d74  xdc_runtime_Startup_firstFxns__A                                  
00006d88  xdc_runtime_Startup_sfxnRts__A                                    
00006d98  PWM_defaultParams                                                 
00006da4  ti_sysbios_family_arm_m3_Hwi_excHookFuncs__A                      
00006dac  ti_sysbios_knl_Idle_funcList__C                                   
00006db4  xdc_runtime_Startup_firstFxns__C                                  
00006dbc  xdc_runtime_Startup_lastFxns__C                                   
00006dc4  ti_catalog_arm_cortexm4_tiva_ce_Boot_A_mustUseEnhancedClockMode__C
00006dc8  ti_catalog_arm_cortexm4_tiva_ce_Boot_Module__diagsEnabled__C      
00006dcc  ti_catalog_arm_cortexm4_tiva_ce_Boot_Module__diagsIncluded__C     
00006dd0  ti_catalog_arm_cortexm4_tiva_ce_Boot_Module__diagsMask__C         
00006dd4  ti_sysbios_family_arm_lm4_Timer_enableFunc__C                     
00006dd8  ti_sysbios_family_arm_lm4_Timer_numTimerDevices__C                
00006ddc  ti_sysbios_family_arm_lm4_Timer_startupNeeded__C                  
00006de0  ti_sysbios_family_arm_m3_Hwi_E_NMI__C                             
00006de4  ti_sysbios_family_arm_m3_Hwi_E_alreadyDefined__C                  
00006de8  ti_sysbios_family_arm_m3_Hwi_E_busFault__C                        
00006dec  ti_sysbios_family_arm_m3_Hwi_E_debugMon__C                        
00006df0  ti_sysbios_family_arm_m3_Hwi_E_hardFault__C                       
00006df4  ti_sysbios_family_arm_m3_Hwi_E_memFault__C                        
00006df8  ti_sysbios_family_arm_m3_Hwi_E_noIsr__C                           
00006dfc  ti_sysbios_family_arm_m3_Hwi_E_reserved__C                        
00006e00  ti_sysbios_family_arm_m3_Hwi_E_svCall__C                          
00006e04  ti_sysbios_family_arm_m3_Hwi_E_usageFault__C                      
00006e08  ti_sysbios_family_arm_m3_Hwi_NUM_INTERRUPTS__C                    
00006e0c  ti_sysbios_family_arm_m3_Hwi_Object__count__C                     
00006e10  ti_sysbios_family_arm_m3_Hwi_ccr__C                               
00006e14  ti_sysbios_family_arm_m3_Hwi_excHandlerFunc__C                    
00006e18  ti_sysbios_family_arm_m3_Hwi_excHookFuncs__C                      
00006e1c  ti_sysbios_family_arm_m3_Hwi_nullIsrFunc__C                       
00006e20  ti_sysbios_family_arm_m3_Hwi_priGroup__C                          
00006e24  ti_sysbios_family_arm_m3_TaskSupport_stackAlignment__C            
00006e28  ti_sysbios_gates_GateMutex_Instance_State_sem__O                  
00006e2c  ti_sysbios_hal_Hwi_E_stackOverflow__C                             
00006e30  ti_sysbios_heaps_HeapMem_E_memory__C                              
00006e34  ti_sysbios_heaps_HeapMem_Module__gateObj__C                       
00006e38  ti_sysbios_heaps_HeapMem_Object__count__C                         
00006e3c  ti_sysbios_heaps_HeapMem_reqAlign__C                              
00006e40  ti_sysbios_knl_Clock_Module_State_clockQ__O                       
00006e44  ti_sysbios_knl_Idle_funcList__A                                   
00006e48  ti_sysbios_knl_Semaphore_Instance_State_pendQ__O                  
00006e4c  ti_sysbios_knl_Swi_Object__count__C                               
00006e50  ti_sysbios_knl_Task_E_spOutOfBounds__C                            
00006e54  ti_sysbios_knl_Task_E_stackOverflow__C                            
00006e58  ti_sysbios_knl_Task_Module_State_inactiveQ__O                     
00006e5c  ti_sysbios_knl_Task_Object__count__C                              
00006e60  ti_sysbios_knl_Task_allBlockedFunc__C                             
00006e64  ti_sysbios_knl_Task_defaultStackHeap__C                           
00006e68  ti_sysbios_knl_Task_defaultStackSize__C                           
00006e6c  ti_sysbios_knl_Task_numConstructedTasks__C                        
00006e70  xdc_runtime_Assert_E_assertFailed__C                              
00006e74  xdc_runtime_Core_A_initializedParams__C                           
00006e78  xdc_runtime_Core_Module__diagsEnabled__C                          
00006e7c  xdc_runtime_Core_Module__diagsIncluded__C                         
00006e80  xdc_runtime_Core_Module__diagsMask__C                             
00006e84  xdc_runtime_Error_E_memory__C                                     
00006e88  xdc_runtime_Error_Module__diagsEnabled__C                         
00006e8c  xdc_runtime_Error_Module__diagsIncluded__C                        
00006e90  xdc_runtime_Error_Module__diagsMask__C                            
00006e94  xdc_runtime_Error_Module__loggerFxn8__C                           
00006e98  xdc_runtime_Error_Module__loggerObj__C                            
00006e9c  xdc_runtime_Error_policyFxn__C                                    
00006ea0  xdc_runtime_Error_raiseHook__C                                    
00006ea4  xdc_runtime_IGateProvider_Interface__BASE__C                      
00006ea8  xdc_runtime_IHeap_Interface__BASE__C                              
00006eac  xdc_runtime_IModule_Interface__BASE__C                            
00006eb0  xdc_runtime_Log_L_error__C                                        
00006eb4  xdc_runtime_Memory_defaultHeapInstance__C                         
00006eb8  xdc_runtime_Startup_execImpl__C                                   
00006ebc  xdc_runtime_Startup_maxPasses__C                                  
00006ec0  xdc_runtime_Startup_sfxnRts__C                                    
00006ec4  xdc_runtime_Startup_sfxnTab__C                                    
00006ec8  xdc_runtime_SysMin_bufSize__C                                     
00006ecc  xdc_runtime_SysMin_outputFunc__C                                  
00006ed0  xdc_runtime_System_Module__gateObj__C                             
00006ed4  xdc_runtime_System_abortFxn__C                                    
00006ed8  xdc_runtime_System_exitFxn__C                                     
00006edc  xdc_runtime_System_extendFxn__C                                   
00006ee0  xdc_runtime_System_maxAtexitHandlers__C                           
00006ee4  xdc_runtime_Text_charTab__C                                       
00006ee8  xdc_runtime_Text_nameEmpty__C                                     
00006eec  xdc_runtime_Text_nameStatic__C                                    
00006ef0  xdc_runtime_Text_nameUnknown__C                                   
00006ef4  xdc_runtime_Text_nodeTab__C                                       
00006ef8  xdc_runtime_Text_visitRopeFxn__C                                  
00006efc  ti_sysbios_family_arm_m3_Hwi_Module__id__C                        
00006efe  ti_sysbios_hal_Hwi_Module__id__C                                  
00006f00  ti_sysbios_heaps_HeapMem_Module__id__C                            
00006f02  ti_sysbios_knl_Task_Module__id__C                                 
00006f04  xdc_runtime_Core_Module__id__C                                    
00006f06  xdc_runtime_Error_Module__loggerDefined__C                        
00006f08  xdc_runtime_Error_maxDepth__C                                     
00006f0a  xdc_runtime_Memory_Module__id__C                                  
00006f0c  xdc_runtime_SysMin_flushAtExit__C                                 
00006f0e  xdc_runtime_Text_charCnt__C                                       
00006f10  xdc_runtime_Text_isLoaded__C                                      
00006f12  xdc_runtime_Text_registryModsLastId__C                            
00006f14  xdc_runtime_Text_unnamedModsLastId__C                             
00006f18  __TI_static_base__                                                
000070e8  __TI_Handler_Table_Base                                           
000070f4  __TI_Handler_Table_Limit                                          
00007108  __TI_CINIT_Base                                                   
00007120  __TI_CINIT_Limit                                                  
20000000  ti_sysbios_family_arm_m3_Hwi_ramVectors                           
20000360  ti_sysbios_heaps_HeapMem_Instance_State_0_buf__A                  
20000760  ti_sysbios_family_arm_m3_Hwi_dispatchTable                        
20000ac0  ti_sysbios_knl_Task_Instance_State_0_stack__A                     
20000cc0  tsk0Stack                                                         
20000ec0  __CIOBUF_                                                         
20001070  xdc_runtime_SysMin_Module_State_0_outbuf__A                       
200010f0  tsk0Struct                                                        
20001140  pwmTivaObjects                                                    
20001150  parmbuf                                                           
2000115c  task                                                              
20001160  ti_sysbios_knl_Swi_Module_State_0_readyQ__A                       
200011e0  ti_sysbios_knl_Task_Module_State_0_readyQ__A                      
20001260  ti_sysbios_knl_Task_Object__table__V                              
200012ac  ti_sysbios_knl_Task_Module__state__V                              
200012f0  ti_sysbios_family_arm_lm4_Timer_Object__table__V                  
20001330  ti_sysbios_gates_GateMutex_Object__table__V                       
20001368  ti_sysbios_family_arm_m3_Hwi_Module__state__V                     
2000139c  ti_sysbios_family_arm_lm4_Timer_Module_State_0_device__A          
200013cc  ti_sysbios_knl_Swi_Object__table__V                               
200013fc  ti_sysbios_knl_Clock_Module__state__V                             
20001428  ti_sysbios_BIOS_Module__state__V                                  
2000144c  ti_sysbios_knl_Swi_Module__state__V                               
20001480  ti_sysbios_family_arm_lm4_Timer_Module_State_0_handles__A         
20001498  ti_sysbios_family_arm_m3_Hwi_Object__table__V                     
200014b0  ti_sysbios_heaps_HeapMem_Object__table__V                         
200014c8  gpioPinConfigs                                                    
200014dc  __TI_cleanup_ptr                                                  
200014e0  __TI_dtors_ptr                                                    
200014e4  __TI_enable_exit_profile_output                                   
200014e8  ti_sysbios_family_arm_lm4_Timer_Module__state__V                  
200014f4  xdc_runtime_SysMin_Module__state__V                               
20001500  _lock                                                             
20001504  _unlock                                                           
20001508  gpioCallbackFunctions                                             
20001510  ti_sysbios_family_arm_m3_Hwi_Module__root__V                      
20001518  ti_sysbios_gates_GateHwi_Module__root__V                          
20001520  ti_sysbios_gates_GateMutex_Module__root__V                        
20001528  ti_sysbios_heaps_HeapMem_Module__root__V                          
20001530  ti_sysbios_knl_Queue_Module__root__V                              
20001538  ti_sysbios_knl_Semaphore_Module__root__V                          
20001540  ti_sysbios_knl_Task_Module__root__V                               
20001548  xdc_runtime_Registry_Module__state__V                             
20001550  xdc_runtime_Startup_Module__state__V                              
20001558  xdc_runtime_System_Module_State_0_atexitHandlers__A               
20001560  xdc_runtime_System_Module__state__V                               
2000156e  ti_sysbios_family_arm_m3_Hwi_Module_State_0_excActive__A          
20001574  main_func_sp                                                      
20001578  ti_sysbios_family_arm_m3_Hwi_Module_State_0_excContext__A         
2000157c  ti_sysbios_family_arm_m3_Hwi_Module_State_0_excStack__A           
20001580  ti_sysbios_gates_GateHwi_Object__table__V                         
20001584  ti_sysbios_knl_Task_Module_State_0_idleTask__A                    
20001588  xdc_runtime_Memory_Module__state__V                               
2000158c  xdc_runtime_Error_Module__state__V                                
20001590  __stack                                                           
20001890  __STACK_END                                                       
e000e000  ti_sysbios_family_arm_m3_Hwi_nvic                                 
ffffffff  __TI_pprof_out_hndl                                               
ffffffff  __TI_prof_data_size                                               
ffffffff  __TI_prof_data_start                                              
ffffffff  __binit__                                                         
ffffffff  __c_args__                                                        
ffffffff  binit                                                             
UNDEFED   SHT$$INIT_ARRAY$$Base                                             
UNDEFED   SHT$$INIT_ARRAY$$Limit                                            

[549 symbols]
